
 Start         Length     Name                   Class
 0001:00000000 00089820H .text                   CODE
 0002:00000000 0000175CH .data                   DATA
 0002:0000175C 00001B19H .bss                    BSS


Detailed map of segments

 0001:00000000 0000534F C=CODE     S=.text    G=(none)   M=System   ACBP=A9
 0001:00005350 000001CC C=CODE     S=.text    G=(none)   M=SysInit  ACBP=A9
 0001:0000551C 000000BC C=CODE     S=.text    G=(none)   M=Types    ACBP=A9
 0001:000055D8 00000E48 C=CODE     S=.text    G=(none)   M=Windows  ACBP=A9
 0001:00006420 00000038 C=CODE     S=.text    G=(none)   M=DXTypes  ACBP=A9
 0001:00006458 00000304 C=CODE     S=.text    G=(none)   M=Direct3D9 ACBP=A9
 0001:0000675C 00000038 C=CODE     S=.text    G=(none)   M=Messages ACBP=A9
 0001:00006794 000000B8 C=CODE     S=.text    G=(none)   M=ActiveX  ACBP=A9
 0001:0000684C 00000348 C=CODE     S=.text    G=(none)   M=SysConst ACBP=A9
 0001:00006B94 00006F80 C=CODE     S=.text    G=(none)   M=SysUtils ACBP=A9
 0001:0000DB14 0000011C C=CODE     S=.text    G=(none)   M=D3DX9    ACBP=A9
 0001:0000DC30 00000038 C=CODE     S=.text    G=(none)   M=XInput   ACBP=A9
 0001:0000DC68 000001FC C=CODE     S=.text    G=(none)   M=z3DInterface ACBP=A9
 0001:0000DE64 00000504 C=CODE     S=.text    G=(none)   M=z3DCore_Intf ACBP=A9
 0001:0000E368 000004A0 C=CODE     S=.text    G=(none)   M=StrSafe  ACBP=A9
 0001:0000E808 0000032C C=CODE     S=.text    G=(none)   M=DXErr9   ACBP=A9
 0001:0000EB34 000005C0 C=CODE     S=.text    G=(none)   M=CommCtrl ACBP=A9
 0001:0000F0F4 00000040 C=CODE     S=.text    G=(none)   M=MMSystem ACBP=A9
 0001:0000F134 00000040 C=CODE     S=.text    G=(none)   M=ShellAPI ACBP=A9
 0001:0000F174 000007FB C=CODE     S=.text    G=(none)   M=VarUtils ACBP=A9
 0001:0000F970 00006772 C=CODE     S=.text    G=(none)   M=Variants ACBP=A9
 0001:000160E4 00000150 C=CODE     S=.text    G=(none)   M=RTLConsts ACBP=A9
 0001:00016234 00000DB0 C=CODE     S=.text    G=(none)   M=TypInfo  ACBP=A9
 0001:00016FE4 0000C7EA C=CODE     S=.text    G=(none)   M=Classes  ACBP=A9
 0001:000237D0 000002C0 C=CODE     S=.text    G=(none)   M=Consts   ACBP=A9
 0001:00023A90 00008DC3 C=CODE     S=.text    G=(none)   M=Graphics ACBP=A9
 0001:0002C854 00000787 C=CODE     S=.text    G=(none)   M=MultiMon ACBP=A9
 0001:0002CFDC 0000010C C=CODE     S=.text    G=(none)   M=Math     ACBP=A9
 0001:0002D0E8 000002B8 C=CODE     S=.text    G=(none)   M=Contnrs  ACBP=A9
 0001:0002D3A0 00000038 C=CODE     S=.text    G=(none)   M=Imm      ACBP=A9
 0001:0002D3D8 00000FF8 C=CODE     S=.text    G=(none)   M=HelpIntfs ACBP=A9
 0001:0002E3D0 00000038 C=CODE     S=.text    G=(none)   M=WinSpool ACBP=A9
 0001:0002E408 00000044 C=CODE     S=.text    G=(none)   M=Printers ACBP=A9
 0001:0002E44C 0000031F C=CODE     S=.text    G=(none)   M=FlatSB   ACBP=A9
 0001:0002E76C 000001A4 C=CODE     S=.text    G=(none)   M=SyncObjs ACBP=A9
 0001:0002E910 000009BB C=CODE     S=.text    G=(none)   M=UxTheme  ACBP=A9
 0001:0002F2CC 00000038 C=CODE     S=.text    G=(none)   M=RichEdit ACBP=A9
 0001:0002F304 00000038 C=CODE     S=.text    G=(none)   M=ToolWin  ACBP=A9
 0001:0002F33C 00000038 C=CODE     S=.text    G=(none)   M=RegStr   ACBP=A9
 0001:0002F374 00000038 C=CODE     S=.text    G=(none)   M=WinInet  ACBP=A9
 0001:0002F3AC 00000038 C=CODE     S=.text    G=(none)   M=UrlMon   ACBP=A9
 0001:0002F3E4 0000006C C=CODE     S=.text    G=(none)   M=ShlObj   ACBP=A9
 0001:0002F450 00000038 C=CODE     S=.text    G=(none)   M=CommDlg  ACBP=A9
 0001:0002F488 00000038 C=CODE     S=.text    G=(none)   M=Dlgs     ACBP=A9
 0001:0002F4C0 0000066D C=CODE     S=.text    G=(none)   M=Dialogs  ACBP=A9
 0001:0002FB30 000018CA C=CODE     S=.text    G=(none)   M=ExtCtrls ACBP=A9
 0001:000313FC 00000048 C=CODE     S=.text    G=(none)   M=ComStrs  ACBP=A9
 0001:00031444 00000094 C=CODE     S=.text    G=(none)   M=Clipbrd  ACBP=A9
 0001:000314D8 00000038 C=CODE     S=.text    G=(none)   M=StrUtils ACBP=A9
 0001:00031510 000000F5 C=CODE     S=.text    G=(none)   M=Buttons  ACBP=A9
 0001:00031608 00000038 C=CODE     S=.text    G=(none)   M=ExtDlgs  ACBP=A9
 0001:00031640 00001014 C=CODE     S=.text    G=(none)   M=IniFiles ACBP=A9
 0001:00032654 00001F24 C=CODE     S=.text    G=(none)   M=Registry ACBP=A9
 0001:00034578 0000006C C=CODE     S=.text    G=(none)   M=Mapi     ACBP=A9
 0001:000345E4 00000058 C=CODE     S=.text    G=(none)   M=ExtActns ACBP=A9
 0001:0003463C 00001C44 C=CODE     S=.text    G=(none)   M=ListActns ACBP=A9
 0001:00036280 0000A140 C=CODE     S=.text    G=(none)   M=ComCtrls ACBP=A9
 0001:000403C0 00000A0C C=CODE     S=.text    G=(none)   M=Themes   ACBP=A9
 0001:00040DCC 00002F78 C=CODE     S=.text    G=(none)   M=StdCtrls ACBP=A9
 0001:00043D44 00000168 C=CODE     S=.text    G=(none)   M=StdActns ACBP=A9
 0001:00043EAC 00000D1F C=CODE     S=.text    G=(none)   M=WinHelpViewer ACBP=A9
 0001:00044BCC 00001326 C=CODE     S=.text    G=(none)   M=ActnList ACBP=A9
 0001:00045EF4 0000C2B0 C=CODE     S=.text    G=(none)   M=Forms    ACBP=A9
 0001:000521A4 00001894 C=CODE     S=.text    G=(none)   M=ImgList  ACBP=A9
 0001:00053A38 00006639 C=CODE     S=.text    G=(none)   M=Menus    ACBP=A9
 0001:0005A074 0001112B C=CODE     S=.text    G=(none)   M=Controls ACBP=A9
 0001:0006B1A0 00000050 C=CODE     S=.text    G=(none)   M=z3DCore_Func ACBP=A9
 0001:0006B1F0 00000058 C=CODE     S=.text    G=(none)   M=XMLConst ACBP=A9
 0001:0006B248 00000058 C=CODE     S=.text    G=(none)   M=ComConst ACBP=A9
 0001:0006B2A0 00000FAD C=CODE     S=.text    G=(none)   M=ComObj   ACBP=A9
 0001:0006C250 000001E8 C=CODE     S=.text    G=(none)   M=msxml    ACBP=A9
 0001:0006C438 00007581 C=CODE     S=.text    G=(none)   M=msxmldom ACBP=A9
 0001:000739BC 0000056F C=CODE     S=.text    G=(none)   M=xmldom   ACBP=A9
 0001:00073F2C 00000144 C=CODE     S=.text    G=(none)   M=XMLIntf  ACBP=A9
 0001:00074070 0000078C C=CODE     S=.text    G=(none)   M=XMLSchemaTags ACBP=A9
 0001:000747FC 000002B4 C=CODE     S=.text    G=(none)   M=XMLSchema ACBP=A9
 0001:00074AB0 00000130 C=CODE     S=.text    G=(none)   M=XMLDoc   ACBP=A9
 0001:00074BE0 00000038 C=CODE     S=.text    G=(none)   M=z3DMath_Intf ACBP=A9
 0001:00074C18 00000038 C=CODE     S=.text    G=(none)   M=z3DFileSystem_Intf ACBP=A9
 0001:00074C50 00000040 C=CODE     S=.text    G=(none)   M=z3DFileSystem_Func ACBP=A9
 0001:00074C90 00000070 C=CODE     S=.text    G=(none)   M=z3DStrings ACBP=A9
 0001:00074D00 00000BC0 C=CODE     S=.text    G=(none)   M=z3DAppStart ACBP=A9
 0001:000758C0 00000038 C=CODE     S=.text    G=(none)   M=RzGrafx  ACBP=A9
 0001:000758F8 00000768 C=CODE     S=.text    G=(none)   M=RzCommon ACBP=A9
 0001:00076060 000134C8 C=CODE     S=.text    G=(none)   M=z3DCore_Impl ACBP=A9
 0001:00089528 000002F5 C=CODE     S=.text    G=(none)   M=z3DCore  ACBP=A9
 0002:00000000 0000009C C=DATA     S=.data    G=DGROUP   M=System   ACBP=A9
 0002:0000009C 00000030 C=DATA     S=.data    G=DGROUP   M=SysInit  ACBP=A9
 0002:000000CC 00000010 C=DATA     S=.data    G=DGROUP   M=ActiveX  ACBP=A9
 0002:000000DC 00000250 C=DATA     S=.data    G=DGROUP   M=SysUtils ACBP=A9
 0002:0000032C 00000028 C=DATA     S=.data    G=DGROUP   M=DXErr9   ACBP=A9
 0002:00000354 00000008 C=DATA     S=.data    G=DGROUP   M=VarUtils ACBP=A9
 0002:0000035C 00000136 C=DATA     S=.data    G=DGROUP   M=Variants ACBP=A9
 0002:00000494 0000000C C=DATA     S=.data    G=DGROUP   M=TypInfo  ACBP=A9
 0002:000004A0 000000E4 C=DATA     S=.data    G=DGROUP   M=Classes  ACBP=A9
 0002:00000584 00000304 C=DATA     S=.data    G=DGROUP   M=Graphics ACBP=A9
 0002:00000888 00000004 C=DATA     S=.data    G=DGROUP   M=Printers ACBP=A9
 0002:0000088C 00000010 C=DATA     S=.data    G=DGROUP   M=ShlObj   ACBP=A9
 0002:0000089C 00000074 C=DATA     S=.data    G=DGROUP   M=Dialogs  ACBP=A9
 0002:00000910 00000178 C=DATA     S=.data    G=DGROUP   M=ExtCtrls ACBP=A9
 0002:00000A88 0000002C C=DATA     S=.data    G=DGROUP   M=Buttons  ACBP=A9
 0002:00000AB4 00000008 C=DATA     S=.data    G=DGROUP   M=IniFiles ACBP=A9
 0002:00000ABC 00000008 C=DATA     S=.data    G=DGROUP   M=Registry ACBP=A9
 0002:00000AC4 00000008 C=DATA     S=.data    G=DGROUP   M=Mapi     ACBP=A9
 0002:00000ACC 000000F4 C=DATA     S=.data    G=DGROUP   M=ComCtrls ACBP=A9
 0002:00000BC0 00000068 C=DATA     S=.data    G=DGROUP   M=Themes   ACBP=A9
 0002:00000C28 00000018 C=DATA     S=.data    G=DGROUP   M=StdCtrls ACBP=A9
 0002:00000C40 0000011C C=DATA     S=.data    G=DGROUP   M=Forms    ACBP=A9
 0002:00000D5C 00000020 C=DATA     S=.data    G=DGROUP   M=ImgList  ACBP=A9
 0002:00000D7C 000000EC C=DATA     S=.data    G=DGROUP   M=Menus    ACBP=A9
 0002:00000E68 0000013C C=DATA     S=.data    G=DGROUP   M=Controls ACBP=A9
 0002:00000FA4 00000030 C=DATA     S=.data    G=DGROUP   M=ComObj   ACBP=A9
 0002:00000FD4 00000010 C=DATA     S=.data    G=DGROUP   M=msxml    ACBP=A9
 0002:00000FE4 00000064 C=DATA     S=.data    G=DGROUP   M=msxmldom ACBP=A9
 0002:00001048 00000034 C=DATA     S=.data    G=DGROUP   M=XMLIntf  ACBP=A9
 0002:0000107C 000000E4 C=DATA     S=.data    G=DGROUP   M=XMLSchemaTags ACBP=A9
 0002:00001160 0000004C C=DATA     S=.data    G=DGROUP   M=XMLSchema ACBP=A9
 0002:000011AC 00000024 C=DATA     S=.data    G=DGROUP   M=XMLDoc   ACBP=A9
 0002:000011D0 00000044 C=DATA     S=.data    G=DGROUP   M=RzCommon ACBP=A9
 0002:00001214 000000A0 C=DATA     S=.data    G=DGROUP   M=z3DCore_Impl ACBP=A9
 0002:00002000 00000664 C=BSS      S=.bss     G=DGROUP   M=System   ACBP=A9
 0002:00002664 00000014 C=BSS      S=.bss     G=DGROUP   M=SysInit  ACBP=A9
 0002:00002678 00000004 C=BSS      S=.bss     G=DGROUP   M=Types    ACBP=A9
 0002:0000267C 00000004 C=BSS      S=.bss     G=DGROUP   M=Windows  ACBP=A9
 0002:00002680 00000004 C=BSS      S=.bss     G=DGROUP   M=DXTypes  ACBP=A9
 0002:00002684 00000004 C=BSS      S=.bss     G=DGROUP   M=Direct3D9 ACBP=A9
 0002:00002688 00000004 C=BSS      S=.bss     G=DGROUP   M=Messages ACBP=A9
 0002:0000268C 00000004 C=BSS      S=.bss     G=DGROUP   M=ActiveX  ACBP=A9
 0002:00002690 00000004 C=BSS      S=.bss     G=DGROUP   M=SysConst ACBP=A9
 0002:00002694 00000120 C=BSS      S=.bss     G=DGROUP   M=SysUtils ACBP=A9
 0002:000027B4 00000004 C=BSS      S=.bss     G=DGROUP   M=D3DX9    ACBP=A9
 0002:000027B8 00000004 C=BSS      S=.bss     G=DGROUP   M=XInput   ACBP=A9
 0002:000027BC 00000004 C=BSS      S=.bss     G=DGROUP   M=z3DInterface ACBP=A9
 0002:000027C0 00000004 C=BSS      S=.bss     G=DGROUP   M=z3DCore_Intf ACBP=A9
 0002:000027C4 00000004 C=BSS      S=.bss     G=DGROUP   M=StrSafe  ACBP=A9
 0002:000027C8 0000000C C=BSS      S=.bss     G=DGROUP   M=DXErr9   ACBP=A9
 0002:000027D4 0000000C C=BSS      S=.bss     G=DGROUP   M=CommCtrl ACBP=A9
 0002:000027E0 00000004 C=BSS      S=.bss     G=DGROUP   M=MMSystem ACBP=A9
 0002:000027E4 00000004 C=BSS      S=.bss     G=DGROUP   M=ShellAPI ACBP=A9
 0002:000027E8 0000005C C=BSS      S=.bss     G=DGROUP   M=VarUtils ACBP=A9
 0002:00002844 00000040 C=BSS      S=.bss     G=DGROUP   M=Variants ACBP=A9
 0002:00002884 00000004 C=BSS      S=.bss     G=DGROUP   M=RTLConsts ACBP=A9
 0002:00002888 00000004 C=BSS      S=.bss     G=DGROUP   M=TypInfo  ACBP=A9
 0002:0000288C 00000040 C=BSS      S=.bss     G=DGROUP   M=Classes  ACBP=A9
 0002:000028CC 00000004 C=BSS      S=.bss     G=DGROUP   M=Consts   ACBP=A9
 0002:000028D0 00000060 C=BSS      S=.bss     G=DGROUP   M=Graphics ACBP=A9
 0002:00002930 00000031 C=BSS      S=.bss     G=DGROUP   M=MultiMon ACBP=A9
 0002:00002964 00000004 C=BSS      S=.bss     G=DGROUP   M=Math     ACBP=A9
 0002:00002968 00000004 C=BSS      S=.bss     G=DGROUP   M=Contnrs  ACBP=A9
 0002:0000296C 00000004 C=BSS      S=.bss     G=DGROUP   M=Imm      ACBP=A9
 0002:00002970 00000008 C=BSS      S=.bss     G=DGROUP   M=HelpIntfs ACBP=A9
 0002:00002978 00000004 C=BSS      S=.bss     G=DGROUP   M=WinSpool ACBP=A9
 0002:0000297C 00000004 C=BSS      S=.bss     G=DGROUP   M=Printers ACBP=A9
 0002:00002980 00000034 C=BSS      S=.bss     G=DGROUP   M=FlatSB   ACBP=A9
 0002:000029B4 00000004 C=BSS      S=.bss     G=DGROUP   M=SyncObjs ACBP=A9
 0002:000029B8 000000CC C=BSS      S=.bss     G=DGROUP   M=UxTheme  ACBP=A9
 0002:00002A84 00000004 C=BSS      S=.bss     G=DGROUP   M=RichEdit ACBP=A9
 0002:00002A88 00000004 C=BSS      S=.bss     G=DGROUP   M=ToolWin  ACBP=A9
 0002:00002A8C 00000004 C=BSS      S=.bss     G=DGROUP   M=RegStr   ACBP=A9
 0002:00002A90 00000004 C=BSS      S=.bss     G=DGROUP   M=WinInet  ACBP=A9
 0002:00002A94 00000004 C=BSS      S=.bss     G=DGROUP   M=UrlMon   ACBP=A9
 0002:00002A98 00000004 C=BSS      S=.bss     G=DGROUP   M=ShlObj   ACBP=A9
 0002:00002A9C 00000004 C=BSS      S=.bss     G=DGROUP   M=CommDlg  ACBP=A9
 0002:00002AA0 00000004 C=BSS      S=.bss     G=DGROUP   M=Dlgs     ACBP=A9
 0002:00002AA4 0000000C C=BSS      S=.bss     G=DGROUP   M=Dialogs  ACBP=A9
 0002:00002AB0 00000004 C=BSS      S=.bss     G=DGROUP   M=ExtCtrls ACBP=A9
 0002:00002AB4 00000004 C=BSS      S=.bss     G=DGROUP   M=ComStrs  ACBP=A9
 0002:00002AB8 0000000C C=BSS      S=.bss     G=DGROUP   M=Clipbrd  ACBP=A9
 0002:00002AC4 00000004 C=BSS      S=.bss     G=DGROUP   M=StrUtils ACBP=A9
 0002:00002AC8 00000030 C=BSS      S=.bss     G=DGROUP   M=Buttons  ACBP=A9
 0002:00002AF8 00000004 C=BSS      S=.bss     G=DGROUP   M=ExtDlgs  ACBP=A9
 0002:00002AFC 00000004 C=BSS      S=.bss     G=DGROUP   M=IniFiles ACBP=A9
 0002:00002B00 00000004 C=BSS      S=.bss     G=DGROUP   M=Registry ACBP=A9
 0002:00002B04 00000004 C=BSS      S=.bss     G=DGROUP   M=Mapi     ACBP=A9
 0002:00002B08 00000009 C=BSS      S=.bss     G=DGROUP   M=ExtActns ACBP=A9
 0002:00002B14 00000004 C=BSS      S=.bss     G=DGROUP   M=ListActns ACBP=A9
 0002:00002B18 00000015 C=BSS      S=.bss     G=DGROUP   M=ComCtrls ACBP=A9
 0002:00002B30 00000008 C=BSS      S=.bss     G=DGROUP   M=Themes   ACBP=A9
 0002:00002B38 00000004 C=BSS      S=.bss     G=DGROUP   M=StdCtrls ACBP=A9
 0002:00002B3C 00000004 C=BSS      S=.bss     G=DGROUP   M=StdActns ACBP=A9
 0002:00002B40 00000014 C=BSS      S=.bss     G=DGROUP   M=WinHelpViewer ACBP=A9
 0002:00002B54 00000004 C=BSS      S=.bss     G=DGROUP   M=ActnList ACBP=A9
 0002:00002B58 00000020 C=BSS      S=.bss     G=DGROUP   M=Forms    ACBP=A9
 0002:00002B78 0000000C C=BSS      S=.bss     G=DGROUP   M=ImgList  ACBP=A9
 0002:00002B84 00000010 C=BSS      S=.bss     G=DGROUP   M=Menus    ACBP=A9
 0002:00002B94 00000080 C=BSS      S=.bss     G=DGROUP   M=Controls ACBP=A9
 0002:00002C14 00000004 C=BSS      S=.bss     G=DGROUP   M=z3DCore_Func ACBP=A9
 0002:00002C18 00000004 C=BSS      S=.bss     G=DGROUP   M=XMLConst ACBP=A9
 0002:00002C1C 00000004 C=BSS      S=.bss     G=DGROUP   M=ComConst ACBP=A9
 0002:00002C20 00000011 C=BSS      S=.bss     G=DGROUP   M=ComObj   ACBP=A9
 0002:00002C34 00000004 C=BSS      S=.bss     G=DGROUP   M=msxml    ACBP=A9
 0002:00002C38 00000008 C=BSS      S=.bss     G=DGROUP   M=msxmldom ACBP=A9
 0002:00002C40 0000000C C=BSS      S=.bss     G=DGROUP   M=xmldom   ACBP=A9
 0002:00002C4C 00000004 C=BSS      S=.bss     G=DGROUP   M=XMLIntf  ACBP=A9
 0002:00002C50 00000004 C=BSS      S=.bss     G=DGROUP   M=XMLSchemaTags ACBP=A9
 0002:00002C54 00000008 C=BSS      S=.bss     G=DGROUP   M=XMLSchema ACBP=A9
 0002:00002C5C 00000004 C=BSS      S=.bss     G=DGROUP   M=XMLDoc   ACBP=A9
 0002:00002C60 00000004 C=BSS      S=.bss     G=DGROUP   M=z3DMath_Intf ACBP=A9
 0002:00002C64 00000004 C=BSS      S=.bss     G=DGROUP   M=z3DFileSystem_Intf ACBP=A9
 0002:00002C68 00000004 C=BSS      S=.bss     G=DGROUP   M=z3DFileSystem_Func ACBP=A9
 0002:00002C6C 00000004 C=BSS      S=.bss     G=DGROUP   M=z3DStrings ACBP=A9
 0002:00002C70 00000008 C=BSS      S=.bss     G=DGROUP   M=z3DAppStart ACBP=A9
 0002:00002C78 00000004 C=BSS      S=.bss     G=DGROUP   M=RzGrafx  ACBP=A9
 0002:00002C7C 00000004 C=BSS      S=.bss     G=DGROUP   M=RzCommon ACBP=A9
 0002:00002C80 00000E98 C=BSS      S=.bss     G=DGROUP   M=z3DCore_Impl ACBP=A9


  Address         Publics by Name

 0002:00002690       .1
 0002:00002C78       .1
 0002:00002B48       .1
 0002:000027C4       .1
 0002:00002A74       .1
 0002:000028CC       .1
 0002:00002688       .1
 0002:00002670       .1
 0002:00002C6C       .1
 0002:00002C68       .1
 0002:00002A90       .1
 0002:000027B8       .1
 0002:00002A84       .1
 0002:00002680       .1
 0002:00002A8C       .1
 0002:00002884       .1
 0002:00002678       .1
 0002:00002C64       .1
 0002:00002AB4       .1
 0002:00002C14       .1
 0002:000027C8       .1
 0002:00002C18       .1
 0002:00002A94       .1
 0002:0000296C       .1
 0002:00002C1C       .1
 0002:000027E4       .1
 0002:00002A98       .1
 0002:000027D4       .1
 0002:00002950       .1
 0002:000029A0       .1
 0002:00002A9C       .1
 0002:00002AC4       .1
 0002:00002B04       .1
 0002:00002AA0       .1
 0002:00002C60       .1
 0002:00002AA4       .11
 0002:000028D4       .12
 0002:00002AB0       .12
 0002:00002C3C       .12
 0002:00002C58       .15
 0002:00002B30       .2
 0002:000027BC       .2
 0002:00002970       .2
 0002:00002964       .2
 0002:00002ABC       .2
 0002:00002C74       .2
 0002:00002968       .21
 0002:00002C50       .3
 0002:00002978       .3
 0002:0000297C       .3
 0002:00002B78       .3
 0002:00002AF8       .3
 0002:0000267C       .3
 0002:0000268C       .3
 0002:00002C4C       .3
 0002:000027A4       .35
 0002:00002B18       .36
 0002:00002AC8       .4
 0002:00002A88       .4
 0002:00002C20       .41
 0002:00002B60       .41
 0002:00002B38       .42
 0002:00002898       .45
 0002:00002C48       .5
 0002:00002B00       .5
 0002:00002840       .5
 0002:000025BC       .5
 0002:00002C5C       .5
 0002:000027C0       .6
 0002:000029B4       .6
 0002:000027B4       .6
 0002:00002C34       .6
 0002:00002888       .6
 0002:00002684       .61
 0002:000027E0       .7
 0002:00002B08       .72
 0002:00002B9C       .72
 0002:00002B3C       .73
 0002:00002B54       .8
 0002:00002AFC       .8
 0002:00002B14       .8
 0002:00002864       .81
 0002:00002C80       .9
 0002:00002B8C       .9
 0002:00002C7C       .9
 0001:00001B48       @AbstractError
 0001:000026C8       @AfterConstruction
 0001:000024BC       @AsClass
 0001:00003204       @Assert
 0001:00001CB0       @AStrCmp
 0001:000026D8       @BeforeDestruction
 0001:0000224C       @BoundErr
 0001:00002508       @CallDynaInst
 0001:00004D8C       @CheckAutoResult
 0001:00002670       @ClassCreate
 0001:000026C0       @ClassDestroy
 0001:00001BB8       @Close
 0001:000018A4       @Copy
 0001:00003F78       @CopyArray
 0001:00003E5C       @CopyRecord
 0001:00004124       @DispCallByIDError
 0001:00010550       @DispInvokeError
 0001:00004080       @Dispose
 0001:00002C18       @DoneExcept
 0001:00004628       @DynArrayAddRef
 0001:00004600       @DynArrayAsg
 0001:000045C4       @DynArrayClear
 0001:00004404       @DynArrayHigh
 0001:000043FC       @DynArrayLength
 0001:000045B8       @DynArraySetLength
 0001:00002D00       @ExceptionHandler
 0001:00001D20       @FillChar
 0001:00003E38       @Finalize
 0001:00003D4C       @FinalizeArray
 0001:00003D00       @FinalizeRecord
 0001:00002520       @FindDynaInst
 0001:00002240       @FpuInit
 0001:0000217C       @FpuMaskInit
 0001:0000172C       @FreeMem
 0001:0000170C       @GetMem
 0001:00005450       @GetTls
 0001:000031EC       @Halt
 0001:00003114       @Halt0
 0001:000027EC       @HandleAnyException
 0001:00002AD8       @HandleAutoException
 0001:00002AA0       @HandleFinally
 0001:00002918       @HandleOnException
 0001:00003CF4       @Initialize
 0001:00003C60       @InitializeArray
 0001:00003C30       @InitializeRecord
 0001:00002FBC       @InitImports
 0001:0000549C       @InitLib
 0001:00002F94       @InitResStringImports
 0001:00002F70       @InitResStrings
 0001:00002FE0       @InitWideStrings
 0001:00004CF0       @IntfAddRef
 0001:00004CC0       @IntfCast
 0001:00004C7C       @IntfClear
 0001:00004C94       @IntfCopy
 0001:00002498       @IsClass
 0001:0000214C       @isNECWindows
 0001:000036D4       @LStrAddRef
 0001:00003248       @LStrArrayClr
 0001:00003278       @LStrAsg
 0001:000034EC       @LStrCat
 0001:00003530       @LStrCat3
 0001:000035A4       @LStrCatN
 0001:00003224       @LStrClr
 0001:00003630       @LStrCmp
 0001:00003744       @LStrCopy
 0001:00003784       @LStrDelete
 0001:00003494       @LStrFromArray
 0001:0000340C       @LStrFromChar
 0001:0000341C       @LStrFromPChar
 0001:00003314       @LStrFromPCharLen
 0001:0000344C       @LStrFromPWChar
 0001:00003380       @LStrFromPWCharLen
 0001:00003488       @LStrFromString
 0001:000034AC       @LStrFromWStr
 0001:000037CC       @LStrInsert
 0001:000032BC       @LStrLAsg
 0001:000034E4       @LStrLen
 0001:00003828       @LStrPos
 0001:00003870       @LStrSetLength
 0001:000036E4       @LStrToPChar
 0001:000034C0       @LStrToString
 0001:0000406C       @New
 0001:000032E8       @NewAnsiString
 0001:000038DC       @NewWideString
 0001:00014A28       @OleVarFromInt
 0001:00001E60       @Pow10
 0001:00001C2C       @PStrCmp
 0001:00001C10       @PStrNCpy
 0001:00002BC4       @RaiseAgain
 0001:00002B9C       @RaiseExcept
 0001:0000174C       @ReallocMem
 0001:00001B18       @ROUND
 0001:000031F8       @RunError
 0001:00001E44       @SetEq
 0001:00002EA8       @StartLib
 0001:000002EC       @strlen
 0001:00001B24       @TRUNC
 0001:00002C48       @TryFinallyExit
 0001:0000373C       @UniqueStringA
 0001:000041CC       @ValInt64
 0001:00001D40       @ValLong
 0001:0001561C       @VarAddRef
 0001:00010E30       @VarCast
 0001:0001083C       @VarClear
 0001:00010850       @VarClr
 0001:00003D34       @VarClr
 0001:00015FB0       @VarCmpEQ
 0001:00010B64       @VarCopy
 0001:00003E44       @VarCopy
 0001:00014BBC       @VarFromBool
 0001:00014A48       @VarFromByte
 0001:00014C0C       @VarFromCurr
 0001:00014B64       @VarFromCurrency
 0001:00014B90       @VarFromDate
 0001:00014CB0       @VarFromDisp
 0001:00014B38       @VarFromDouble
 0001:000149CC       @VarFromInt
 0001:00014AE8       @VarFromInt64
 0001:00014A08       @VarFromInteger
 0001:00014C84       @VarFromIntf
 0001:00014A88       @VarFromLongWord
 0001:00014C20       @VarFromLStr
 0001:00014BE4       @VarFromReal
 0001:00014AA8       @VarFromShortInt
 0001:00014B14       @VarFromSingle
 0001:00014AC8       @VarFromSmallInt
 0001:00014BF8       @VarFromTDateTime
 0001:00014A68       @VarFromWord
 0001:00014C4C       @VarFromWStr
 0001:000105A4       @VarNull
 0001:000125FC       @VarToBool
 0001:000122B4       @VarToBoolean
 0001:000116F4       @VarToByte
 0001:000134A0       @VarToCurrency
 0001:00012F38       @VarToDate
 0001:00014920       @VarToDisp
 0001:000127C8       @VarToDouble
 0001:00011CB8       @VarToInt64
 0001:000111F4       @VarToInteger
 0001:00014854       @VarToIntf
 0001:0001196C       @VarToLongWord
 0001:00013B54       @VarToLStr
 0001:00012B44       @VarToReal
 0001:00011644       @VarToShortInt
 0001:00012B60       @VarToSingle
 0001:0001179C       @VarToSmallInt
 0001:00011894       @VarToWord
 0001:0001427C       @VarToWStr
 0001:00003C10       @WStrAddRef
 0001:0000391C       @WStrArrayClr
 0001:00003940       @WStrAsg
 0001:00003904       @WStrClr
 0001:00003AAC       @WStrCmp
 0001:00003B30       @WStrCopy
 0001:00003A80       @WStrFromLStr
 0001:00003A14       @WStrFromPChar
 0001:00003964       @WStrFromPCharLen
 0001:00003A44       @WStrFromPWChar
 0001:000039F0       @WStrFromPWCharLen
 0001:00003AA0       @WStrLen
 0001:00003B7C       @WStrPos
 0001:00003BCC       @WStrSetLength
 0001:00003A90       @WStrToPWChar
 0001:00001E20       @_CLenToPasStr
 0001:00001E14       @_CToPasStr
 0001:00001874       @_IOTest
 0001:00004150       @_lldiv
 0001:0000412C       @_llmul
 0001:0005D154       AbsMin
 0001:0000BEEC       AbstractErrorHandler
 0002:0000202C       AbstractErrorProc
 0002:0000015C       AccessMode
 0001:000017DC       AcquireExceptionObject
 0001:00019620       ActivateClassGroup
 0001:00005BAC       ActivateKeyboardLayout
 0002:00002BD0       ActiveDrag
 0001:00006844       ActiveX
 0001:00045EC8       ActnList
 0001:00000418       AddBlockAfter
 0002:000004A0       AddDataModule
 0001:0001D240       AddFinished
 0001:0005566C       AddIn
 0001:00004B20       AddModuleUnloadProc
 0001:00004B10       AddModuleUnloadProc
 0001:0001D278       AddNotFinished
 0001:0001DC9C       AddSubComponentsToLoaded
 0001:0002752C       AdjustColor
 0001:00048518       Adjustment
 0001:00005BB4       AdjustWindowRect
 0001:00005BBC       AdjustWindowRectEx
 0002:00000E50       Alignments
 0002:00000C28       Alignments
 0002:00000E40       Alignments
 0001:000627C0       AlignWork
 0001:0004F410       AlignWork
 0001:000235B0       AllocateHWnd
 0001:000077B8       AllocMem
 0002:000025B4       AllocMemCount
 0002:000025B8       AllocMemSize
 0001:0002C64C       AllocPatternBitmap
 0001:00005380       AllocTlsBuffer
 0002:00001244       allowedAdapterFormatArray
 0001:00020A24       AncestorIsValid
 0002:00000E74       AnchorAlign
 0002:00000E68       AnimateWindowProc
 0002:00000F70       AnimationStyle
 0001:0000794C       AnsiCompareStr
 0001:00007984       AnsiCompareText
 0002:000011B0       AnsiEncodings
 0001:00008268       AnsiLastChar
 0001:00005BC4       AnsiLower
 0001:00007918       AnsiLowerCase
 0001:0000C824       AnsiLowerCaseFileName
 0001:0000C7EC       AnsiPos
 0001:00059E80       AnsiSameCaption
 0001:000079BC       AnsiSameText
 0001:000079D4       AnsiStrLIComp
 0001:0000C8B0       AnsiStrPos
 0001:0000C950       AnsiStrRScan
 0001:0000C978       AnsiStrScan
 0001:0000510C       AnsiToUtf8
 0001:000147DC       AnyToIntf
 0001:00009D98       AppendChars
 0001:0000A15C       AppendFormat
 0001:00009DFC       AppendNumber
 0001:00009DDC       AppendString
 0002:00002B58       Application
 0002:000004B0       ApplicationHandleException
 0002:000004B8       ApplicationShowException
 0002:00000D54       AppVisible
 0002:00000B14       Arrangements
 0001:0000BED0       AssertErrorHandler
 0002:00002024       AssertErrorProc
 0001:000166AC       AssignLongStr
 0001:00016D28       AssignVariant
 0002:00000B1C       AutoArrange
 0002:0000260C       avail
 0002:00001260       backBufferFormatArray
 0001:00008438       BackfillGetDiskFreeSpaceEx
 0001:0005FCE8       BackgroundClipped
 0001:0000F404       BackupVarBoolFromStr
 0001:0000F564       BackupVarBStrFromBool
 0001:0000F484       BackupVarBStrFromCy
 0001:0000F4F4       BackupVarBStrFromDate
 0001:0000F398       BackupVarCyFromStr
 0001:0000F32C       BackupVarDateFromStr
 0001:0000F1E8       BackupVarI4FromStr
 0001:0000F194       BackupVariantChangeTypeEx
 0001:0000F254       BackupVarR4FromStr
 0001:0000F2C0       BackupVarR8FromStr
 0002:00001170       BaseTypeIndMap
 0002:00000374       BaseTypeMap
 0001:000199F4       BeginGlobalLoading
 0001:00005BCC       BeginPaint
 0001:00027538       BetterSize
 0001:00030BF4       BevelLine
 0001:00030B04       BevelRect
 0001:000564E0       BiDiDraw
 0001:000221BC       BinToHex
 0001:0000599C       BitBlt
 0002:00000A88       BitBtnCaptions
 0002:00002ACC       BitBtnGlyphs
 0002:0000083C       BitmapCanvasList
 0002:000028EC       BitmapImageLock
 0001:0000F1D0       BiUnimplemented
 0002:00000558       BlockCode
 0002:000025E4       blockDescBlockList
 0002:000025E8       blockDescFreeList
 0002:00000494       BooleanIdents
 0002:00000370       BooleanToStringRule
 0001:00007F70       BoolToStr
 0001:000138DC       BoolToWStrViaOS
 0002:00000AF4       BorderStyles
 0001:0001891C       Bounds
 0001:00005558       Bounds
 0002:00000DE8       Breaks
 0002:00002924       BrushManager
 0001:00058C94       BuildImage
 0002:0000107C       BuiltInTypeNames
 0002:000008E4       ButtonCaptions
 0002:000008B8       ButtonNames
 0001:000315E0       Buttons
 0002:00000E64       Buttons
 0002:00000C38       ButtonStyles
 0001:00026D18       BytesPerScanline
 0001:00027070       ByteSwapColors
 0001:0000C5A0       ByteToCharIndex
 0001:0000C578       ByteToCharLen
 0001:0000C53C       ByteType
 0001:0000C4C4       ByteTypeTest
 0002:000012A4       cache
 0002:00002B7C       CachedComCtrlVer
 0001:000234EC       CalcJmpOffset
 0001:0006A474       CalcSplitterPos
 0001:00005BD4       CallNextHookEx
 0001:0000D044       CallTerminateProcs
 0001:00005BDC       CallWindowProc
 0001:0005E18C       CancelDrag
 0002:00002BE4       CanvasList
 0002:00002928       CanvasList
 0002:000008A4       Captions
 0002:00000F2C       CaptureControl
 0002:00000D88       cBooleanToItemAutoFlag
 0002:000003A4       CBooleanToRelationship
 0001:00005574       CenterPoint
 0002:00002ABA       CF_COMPONENT
 0002:00002AB8       CF_PICTURE
 0002:0000285C       ChangeAnyProc
 0001:0005C70C       ChangeBiDiModeAlignment
 0001:000082E8       ChangeFileExt
 0001:00003344       CharFromWChar
 0001:0000C774       CharLength
 0001:00005BE4       CharLowerBuff
 0001:00005BEC       CharNext
 0001:0000026C       CharNext
 0001:00025558       CharsetToIdent
 0001:0000C688       CharToByteIndex
 0001:0000C6EC       CharToByteLen
 0001:00005BF4       CharToOemA
 0001:00027B00       CheckBool
 0001:00039024       CheckCommonControl
 0001:00002768       CheckJmp
 0001:00005BFC       CheckMenuItem
 0002:00000DD8       Checks
 0001:0001DCD8       CheckSubComponents
 0001:000222C4       CheckSynchronize
 0001:00047F38       CheckTaskWindow
 0001:00014CDC       CheckType
 0001:0005DE40       CheckUndock
 0001:0000C3B8       CheckWin32Version
 0001:00005C04       ChildWindowFromPoint
 0002:000011A4       ChoiceTypeMap
 0002:0000038C       CInvalidCustomVariantType
 0002:00000D8C       cItemAutoFlagToBoolean
 0002:00000D84       cItemAutoFlagToMenu
 0001:0002373C       Classes
 0001:000193E4       ClassNotFound
 0002:00000FD4       CLASS_DOMDocument
 0002:00001018       CLASS_DOMDocument26
 0002:00001028       CLASS_DOMDocument30
 0002:00001038       CLASS_DOMDocument40
 0002:00002858       ClearAnyProc
 0001:00024DE8       ClearColor
 0001:0006BF30       ClearExcepInfo
 0001:00015B64       ClearVariantTypeList
 0001:00005C0C       ClientToScreen
 0001:00067A18       ClientToWindow
 0002:00000834       ClipboardFormats
 0001:00031480       Clipbrd
 0001:00005C14       ClipCursor
 0001:000056FC       CloseHandle
 0002:000029BC       CloseThemeData
 0002:0000088C       CLSID_AutoComplete
 0002:00002040       CmdLine
 0002:0000203C       CmdShow
 0002:00000D80       cMenuAutoFlagToItem
 0002:000003B0       CmpTypeMap
 0001:0000F1DC       CmpUnimplemented
 0002:00000FAC       CoAddRefServerProcess
 0001:000067D8       CoCreateInstance
 0002:00000FA4       CoCreateInstanceEx
 0002:00000B70       Codes
 0002:00000AE4       Codes
 0002:00002B2C       CoInitExProcLoaded
 0002:00000FBC       CoInitFlags
 0001:000067C8       CoInitialize
 0002:00000FA8       CoInitializeEx
 0002:00002B28       CoInitializeExProc
 0001:00019CB0       CollectionsEqual
 0002:000005B4       Colors
 0001:00025350       ColorToIdent
 0002:00000910       ColorToPretyName
 0001:00025340       ColorToRGB
 0002:00000B44       ColumnClicks
 0002:00000BA0       ComboBoxExStyles
 0002:00000BAC       ComboExStyles
 0002:00002C28       ComClassManagerVar
 0001:0006B298       ComConst
 0002:000027D8       ComCtl32DLL
 0002:00002B24       ComCtlVersion
 0001:000403B8       ComCtrls
 0002:00002B90       CommandPool
 0001:0000F0EC       CommCtrl
 0001:0002F480       CommDlg
 0001:000006F8       Commit
 0002:00002628       committedRoot
 0001:0006C1F8       ComObj
 0001:00054C50       CompareFront
 0001:00007880       CompareMem
 0001:00007850       CompareStr
 0001:00005704       CompareString
 0001:0000570C       CompareStringW
 0001:000078A0       CompareText
 0001:00007E98       CompareWith
 0001:0001DDB8       ComponentCreated
 0002:00001198       CompositorNames
 0002:00001164       CompositorNames
 0001:000278D0       ComputeAldusChecksum
 0001:0003143C       ComStrs
 0001:00023A88       Consts
 0001:0002D398       Contnrs
 0002:00002BA2       ControlAtom
 0002:00002BA8       ControlAtomString
 0001:0004CCE0       ControlHasHelp
 0001:0006B110       Controls
 0002:000004D4       Convert
 0002:000004E4       Convert
 0001:0000B8E4       ConvertAddr
 0001:00009EEC       ConvertEraString
 0001:0000777C       ConvertError
 0001:00007794       ConvertErrorFmt
 0001:0003C4C0       ConvertFlags
 0001:0003C32C       ConvertMask
 0001:0003C4E4       ConvertStates
 0001:0000A054       ConvertYearString
 0001:0000440C       CopyArray
 0001:00029C8C       CopyBitmap
 0001:0002A354       CopyBitmapAsMask
 0001:000059A4       CopyEnhMetaFile
 0001:0000611C       CopyMemory
 0001:0002A2F0       CopyPalette
 0002:00000BC4       Copyright
 0001:00057D40       CopyToBest
 0002:00000FB0       CoReleaseServerProcess
 0002:00000FB4       CoResumeClassObjects
 0002:00000FB8       CoSuspendClassObjects
 0001:000067E0       CoTaskMemAlloc
 0001:000067D0       CoUninitialize
 0001:0000C5F8       CountChars
 0002:00002904       CounterLock
 0002:00000390       CRangeToType
 0001:0000BE14       CreateAssertException
 0001:0000BF9C       CreateAVObject
 0001:000059AC       CreateBitmap
 0001:000059B4       CreateBrushIndirect
 0001:000059BC       CreateCompatibleBitmap
 0001:000059C4       CreateCompatibleDC
 0001:0001DE38       CreateComponent
 0001:000059D4       CreateDIBitmap
 0001:000059CC       CreateDIBSection
 0001:0006EED8       CreateDOMDocument
 0001:00006800       CreateErrorInfo
 0001:00005714       CreateEvent
 0001:0000571C       CreateFile
 0001:000059DC       CreateFontIndirect
 0001:000059E4       CreateHalftonePalette
 0001:00005C1C       CreateIcon
 0001:0000BD40       CreateInOutError
 0001:00005C24       CreateMenu
 0001:000059EC       CreatePalette
 0001:000059F4       CreatePenIndirect
 0001:00005C2C       CreatePopupMenu
 0001:000059FC       CreateSolidBrush
 0001:000270C8       CreateSystemPalette
 0001:00005724       CreateThread
 0001:00006240       CreateWindow
 0001:000061E8       CreateWindowEx
 0001:00006298       CreateWindowW
 0002:00000E6C       CreationControl
 0002:0000089C       CreationControl
 0002:00000480       CRelationshipToBoolean
 0002:00000354       CResult
 0002:00000154       cSimpleBoolStrs
 0002:0000042C       CText
 0002:00000F68       Ctl3DStyles
 0002:00002620       curAlloc
 0001:00014F70       CurrCompare
 0002:0000269C       CurrencyDecimals
 0002:00002698       CurrencyFormat
 0002:00002694       CurrencyString
 0001:00009D84       CurrentYear
 0001:00009820       CurrToStr
 0001:0001386C       CurrToWStrViaOS
 0002:00000CD8       CursorMap
 0002:00000E7C       Cursors
 0001:0005CA2C       CursorToIdent
 0002:00000CC8       cUseAlpha
 0002:00000CD0       cUseColorKey
 0001:00007AA8       CvtInt
 0001:00007C58       CvtInt64
 0001:00007B74       CvtInt64W
 0001:00007AF4       CvtIntW
 0002:00000194       CWNear
 0001:0000DC28       D3DX9
 0001:0000DB14       D3DXCheckVersion
 0001:0000DBD0       D3DXCreateCubeTextureFromFileExW
 0001:0000DBE8       D3DXCreateCubeTextureFromResourceExW
 0001:0000DBB8       D3DXCreateEffectFromFileW
 0001:0000DBC0       D3DXCreateEffectFromResourceW
 0001:0000DB4C       D3DXCreateFontIndirectW
 0001:0000DBC8       D3DXCreateTextureFromFileExW
 0001:0000DBE0       D3DXCreateTextureFromResourceExW
 0001:0000DBD8       D3DXCreateVolumeTextureFromFileExW
 0001:0000DBF0       D3DXCreateVolumeTextureFromResourceExW
 0001:000328B0       DataTypeToRegData
 0001:00014F48       DateCompare
 0002:0000269D       DateSeparator
 0001:0000A99C       DateTimeToStr
 0001:0000A910       DateTimeToString
 0001:0000991C       DateTimeToTimeStamp
 0001:0000A96C       DateToStr
 0001:000138A4       DateToWStrViaOS
 0001:00009D0C       DayOfWeek
 0002:00000190       DCon10
 0002:000005B0       DDBsOnly
 0001:00023664       DeallocateHWnd
 0002:00000028       DebugHook
 0002:0000269B       DecimalSeparator
 0001:00009CEC       DecodeDate
 0001:00009BA0       DecodeDateFully
 0001:00009A10       DecodeTime
 0001:0000078C       Decommit
 0001:00000DA8       DecommitFree
 0002:000025FC       decommittedRoot
 0001:0004A968       Default
 0001:00050038       Default
 0002:00000020       Default8087CW
 0002:00000E70       DefaultDockTreeClass
 0002:00002C40       DefaultDOMVendor
 0001:0003AD8C       DefaultListViewSort
 0002:000011AC       DefaultNodeIndent
 0002:000025C0       DefaultUserCodePage
 0002:00000804       DefBrushData
 0002:00000584       DefFontData
 0001:00005C34       DefFrameProc
 0002:00000220       DefLongDayNames
 0002:000001D4       DefLongMonthNames
 0001:00005C3C       DefMDIChildProc
 0002:000007E4       DefPenData
 0002:00000204       DefShortDayNames
 0002:000001A4       DefShortMonthNames
 0001:00005C44       DefWindowProc
 0001:00005C4C       DefWindowProcW
 0001:00004664       DelayLoadResourceModule
 0001:00000448       DeleteBlock
 0001:000003B8       DeleteCriticalSection
 0001:0000572C       DeleteCriticalSection
 0001:00005A04       DeleteDC
 0001:00005A0C       DeleteEnhMetaFile
 0001:00000BF0       DeleteFree
 0001:00005C54       DeleteMenu
 0001:00005A14       DeleteObject
 0001:00029848       DeselectBitmap
 0001:00005C5C       DestroyAcceleratorTable
 0001:00005C64       DestroyCursor
 0001:00005C6C       DestroyIcon
 0001:00031510       DestroyLocals
 0001:00005C74       DestroyMenu
 0001:00005C7C       DestroyWindow
 0002:00001254       devTypeArray
 0001:00044880       DialogEnumerationTester
 0001:0002FAF0       Dialogs
 0002:00000840       DIBPalSizes
 0002:0000008C       dig
 0001:00006754       Direct3D9
 0002:00000B5C       Directions
 0001:00008150       DirectoryExists
 0001:00047D8C       DisableTaskWindows
 0001:0006B944       DispatchInvoke
 0001:0006BF24       DispatchInvokeError
 0001:00005C84       DispatchMessage
 0001:0004DFC0       DispatchShortCut
 0001:0006BF40       DispCall
 0001:0006C024       DispCallByID
 0002:00002000       DispCallByIDProc
 0001:0006BE50       DispCallError
 0001:00007760       DivMod
 0001:0002F4B8       Dlgs
 0002:0000266C       DllProc
 0001:0004F2C4       DoAlign
 0001:00062650       DoAlign
 0001:000666D8       DoCalcConstraints
 0002:00002BD8       DockSiteList
 0001:00058960       DoClick
 0001:00063D94       DoControlMsg
 0001:00047D3C       DoDisableWindow
 0001:0005D76C       DoDragOver
 0001:00068748       DoFindControlZone
 0001:00047E78       DoFindWindow
 0001:00068CD4       DoFindZone
 0001:000687CC       DoForEach
 0001:0006A0D8       DoGetNextLimit
 0001:00073C08       DOMVendorList
 0001:00073C58       DOMVendorNotSupported
 0002:00002C44       DOMVendors
 0001:00047D04       DoneApplication
 0001:0006AE38       DoneControls
 0001:0000C2C8       DoneExceptions
 0001:0004C33C       DoNestedActivation
 0001:00022284       DoneThreadSynchronization
 0001:00062210       DoPosition
 0001:0004F114       DoPosition
 0001:00069700       DoPrune
 0001:00069BD8       DoSaveZone
 0001:00069DDC       DoSetNewBounds
 0002:0000049C       DotSep
 0001:00027D58       DoWrite
 0001:000532B0       DoWrite
 0001:0001B1FC       DoWrite
 0001:00028964       DoWrite
 0001:0006337C       DoWriteDesignSize
 0001:00060DE8       DoWriteIsControl
 0002:00002BBC       DragCapture
 0002:00002BB0       DragControl
 0001:0005DEB4       DragDone
 0001:0005D71C       DragFindTarget
 0001:0005D6F0       DragFindWindow
 0002:00002BD4       DragImageList
 0001:0005DB0C       DragInit
 0001:0005DC7C       DragInitControl
 0002:00002BB8       DragInternalObject
 0001:0005D638       DragMessage
 0002:00002BB4       DragObject
 0002:00002BE0       DragSave
 0002:00002BC8       DragSaveCursor
 0002:00002BC0       DragStartPos
 0002:00002BCC       DragThreshold
 0001:0005D83C       DragTo
 0001:00050074       DrawAppIcon
 0001:0006926C       DrawCloseButton
 0001:00005C8C       DrawEdge
 0001:00005C94       DrawFrameControl
 0001:000692C4       DrawGrabberLine
 0001:00005C9C       DrawIcon
 0001:00005CA4       DrawIconEx
 0002:00000D5C       DrawingStyles
 0001:00005CAC       DrawMenuBar
 0001:00059CA0       DrawMenuItem
 0001:00005CB4       DrawText
 0002:000029C0       DrawThemeBackground
 0002:000029E4       DrawThemeEdge
 0002:000029E8       DrawThemeIcon
 0002:00002A6C       DrawThemeParentBackground
 0002:000029C4       DrawThemeText
 0001:0000E810       Dummy_DXGetError9A
 0001:0000E89C       Dummy_DXGetError9W
 0001:0000E934       Dummy_DXTraceA
 0001:0000E940       Dummy_DXTraceW
 0001:00026B98       DupBits
 0001:0000E9AC       DXErr9
 0002:00000350       dxerr9DllInstance
 0002:00000340       DXGetErrorDescription9
 0002:00000338       DXGetErrorDescription9A
 0002:0000033C       DXGetErrorDescription9W
 0002:00000334       DXGetErrorString9
 0002:0000032C       DXGetErrorString9A
 0002:00000330       DXGetErrorString9W
 0002:0000034C       DXTrace
 0002:00000344       DXTraceA
 0002:00000348       DXTraceW
 0001:00006450       DXTypes
 0001:00004424       DynArrayClear
 0001:00077A34       DynArrayContains
 0001:0000442C       DynArraySetLength
 0002:00000E48       EdgeStyle
 0002:00000F58       EdgeStyles
 0002:00000AFC       EditStyles
 0001:0000BD14       EHeapException.FreeInstance
 0001:00014DD4       EmptyCompare
 0002:00002844       EmptyParam
 0002:000000DC       EmptyStr
 0002:000000E0       EmptyWideStr
 0001:00005CBC       EnableMenuItem
 0002:00000DE0       Enables
 0001:00005CC4       EnableScrollBar
 0001:00047E40       EnableTaskWindows
 0002:00002A54       EnableThemeDialogTexture
 0002:00002A70       EnableTheming
 0001:00005CCC       EnableWindow
 0001:00009B70       EncodeDate
 0001:000099D0       EncodeTime
 0001:00019A7C       EndGlobalLoading
 0001:00005CD4       EndPaint
 0001:00005734       EnterCriticalSection
 0001:000003A8       EnterCriticalSection
 0001:0000573C       EnumCalendarInfoA
 0002:0000294C       EnumDisplayMonitors
 0001:00005CDC       EnumDisplaySettingsW
 0001:0000B558       EnumEraNames
 0001:0000B594       EnumEraYearOffsets
 0001:0004AF2C       EnumMonitorsProc
 0001:00005CE4       EnumThreadWindows
 0001:0001D5E8       EnumValue
 0001:00005CEC       EnumWindows
 0001:0006B674       EOleException.Create
 0001:0006B5A4       EOleSysError.Create
 0001:00005CF4       EqualRect
 0002:00002764       EraNames
 0001:0000AC14       EraToYear
 0002:00002780       EraYearOffsets
 0002:00000064       errCaption
 0001:00018F88       Error
 0001:00001868       Error
 0001:000549A0       Error
 0001:0001CDCC       Error
 0002:00000004       ErrorAddr
 0001:0000181C       ErrorAt
 0001:0000BDC0       ErrorHandler
 0002:0000023C       ErrorMap
 0002:00002008       ErrorProc
 0002:000023E8       ErrOutput
 0001:000017BC       ExceptAddr
 0002:0000200C       ExceptClsProc
 0001:0000C234       ExceptHandler
 0001:0000BB40       Exception.Create
 0001:0000BB7C       Exception.CreateFmt
 0001:0000BCCC       Exception.CreateHelp
 0001:0000BBFC       Exception.CreateRes
 0001:0000BC38       Exception.CreateResFmt
 0002:0000201C       ExceptionClass
 0001:0000B8F0       ExceptionErrorMessage
 0002:00000274       ExceptMap
 0001:0000179C       ExceptObject
 0002:00002010       ExceptObjProc
 0002:00002004       ExceptProc
 0001:00005A1C       ExcludeClipRect
 0002:00000000       ExitCode
 0001:00003058       ExitDll
 0002:00002048       ExitProc
 0001:00000274       ExitProcess
 0002:00002028       ExitProcessProc
 0001:0000542C       ExitProcessTLS
 0001:00005404       ExitThreadTLS
 0001:000083FC       ExpandFileName
 0001:00034634       ExtActns
 0001:000313CC       ExtCtrls
 0001:00031638       ExtDlgs
 0001:000083B4       ExtractFileExt
 0001:0000837C       ExtractFileName
 0001:0000F134       ExtractIconW
 0002:00001184       ExtRestTypeMap
 0001:00005A24       ExtTextOut
 0001:00006180       Failed
 0002:000027A0       FalseBoolStrs
 0001:00005744       FatalExit
 0002:00002AC0       FClipboard
 0002:00000184       FCon1E18
 0002:00001234       FDesc
 0001:000080D8       FileAge
 0001:000080D0       FileClose
 0001:00008014       FileCreate
 0001:00008038       FileCreate
 0001:00008140       FileExists
 0002:00000838       FileFormats
 0002:00000008       FileMode
 0001:00007FBC       FileOpen
 0001:00008040       FileRead
 0002:000004C8       FilerSignature
 0001:00008098       FileSeek
 0001:0000574C       FileTimeToDosDateTime
 0001:00005754       FileTimeToLocalFileTime
 0001:0000806C       FileWrite
 0001:00000CD8       FillAfterGap
 0001:00000C84       FillBeforeGap
 0001:00000D70       FillerSizeAfterGap
 0001:00000D00       FillerSizeBeforeGap
 0001:00005CFC       FillRect
 0001:0002FA94       Finalization
 0001:00044AF8       Finalization
 0001:0002F488       Finalization
 0001:0002F450       Finalization
 0001:0002F418       Finalization
 0001:0002F3AC       Finalization
 0001:0002F374       Finalization
 0001:00073950       Finalization
 0001:00040340       Finalization
 0001:0002F33C       Finalization
 0001:0006C400       Finalization
 0001:0002F304       Finalization
 0001:0002F2CC       Finalization
 0001:0002F25C       Finalization
 0001:00006B5C       Finalization
 0001:00006814       Finalization
 0001:0000675C       Finalization
 0001:00006724       Finalization
 0001:00006420       Finalization
 0001:000063E8       Finalization
 0001:00073EB8       Finalization
 0001:00074020       Finalization
 0001:00031384       Finalization
 0001:000745C0       Finalization
 0001:0003140C       Finalization
 0001:0002E8D8       Finalization
 0001:0002E72C       Finalization
 0001:0006C178       Finalization
 0001:00059F7C       Finalization
 0001:00031444       Finalization
 0001:0002E408       Finalization
 0001:0002E3D0       Finalization
 0001:0002E388       Finalization
 0001:000314D8       Finalization
 0001:000315A8       Finalization
 0001:00031608       Finalization
 0001:0000D914       Finalization
 0001:0000DBF8       Finalization
 0001:0000DC30       Finalization
 0001:0000DE2C       Finalization
 0001:0000E330       Finalization
 0001:00032604       Finalization
 0001:0000E7D0       Finalization
 0001:00074960       Finalization
 0001:00040D80       Finalization
 0001:0002D3A0       Finalization
 0001:0002D368       Finalization
 0001:0002D0B0       Finalization
 0001:0000E94C       Finalization
 0001:00053A00       Finalization
 0001:0002CF9C       Finalization
 0001:00074B44       Finalization
 0001:00074BE0       Finalization
 0001:00034528       Finalization
 0001:0003458C       Finalization
 0001:000345E4       Finalization
 0001:0002C684       Finalization
 0001:0000F0BC       Finalization
 0001:0000F0FC       Finalization
 0001:0000F13C       Finalization
 0001:0006B268       Finalization
 0001:0006B210       Finalization
 0001:0006B1B8       Finalization
 0001:0006B0A8       Finalization
 0001:00052104       Finalization
 0001:000055A0       Finalization
 0001:000054E4       Finalization
 0001:00074C18       Finalization
 0001:0000F930       Finalization
 0001:00074C58       Finalization
 0001:00074CC8       Finalization
 0001:00005228       Finalization
 0001:0002368C       Finalization
 0001:00023A58       Finalization
 0001:00075888       Finalization
 0001:000758C0       Finalization
 0001:00076028       Finalization
 0001:00036248       Finalization
 0001:00043E74       Finalization
 0001:00043D0C       Finalization
 0001:00016F8C       Finalization
 0001:000893F0       Finalization
 0001:00089528       Finalization
 0001:00045E98       Finalization
 0001:000161FC       Finalization
 0001:00015FC0       Finalization
 0001:0000441C       FinalizeArray
 0001:00002DE8       FinalizeUnits
 0001:00058720       Find
 0001:0002011C       FindAncestor
 0001:000046D4       FindBS
 0001:000194A4       FindClass
 0001:0000465C       FindClassHInstance
 0001:0000575C       FindClose
 0001:0000824C       FindClose
 0001:00000284       FindClose
 0001:00000C54       FindCommitted
 0001:0005C80C       FindControl
 0001:00068F00       FindControlAtPos
 0001:00015E08       FindCustomVariantType
 0001:00015EC0       FindCustomVariantType
 0001:0005E1D8       FindDragTarget
 0001:0001DFE8       FindExistingComponent
 0001:000081D8       FindFirst
 0001:0000028C       FindFirstFile
 0001:00005764       FindFirstFile
 0001:0001990C       FindGlobalComponent
 0001:00047F84       FindGlobalComponent
 0002:000028A4       FindGlobalComponentProcs
 0001:00004634       FindHInstance
 0001:000197B4       FindIdentToInt
 0001:00019738       FindIntToIdent
 0001:00008174       FindMatchingFile
 0002:00002AAC       FindMsg
 0001:0001D178       FindNestedComponent
 0001:00008228       FindNext
 0001:0000576C       FindNextFile
 0001:00054968       FindPopupControl
 0001:0000F5F8       FindProc
 0001:00005774       FindResource
 0001:000046AC       FindResourceHInstance
 0001:00051958       FindScanline
 0001:00047EDC       FindTopMostWindow
 0001:0001EECC       FindUniqueName
 0001:00015914       FindVarData
 0001:0005E1A4       FindVCLWindow
 0001:00005D04       FindWindow
 0001:000448D8       FindWinHelp
 0001:00029C40       FixupBitFields
 0002:00000E58       Flags
 0002:000027B0       FLanguages
 0001:0002E75C       FlatSB
 0002:00002980       FlatSB_EnableScrollBar
 0002:0000298C       FlatSB_GetScrollInfo
 0002:00002990       FlatSB_GetScrollPos
 0002:00002988       FlatSB_GetScrollRange
 0002:00002998       FlatSB_SetScrollInfo
 0002:00002994       FlatSB_SetScrollPos
 0001:0002E44C       FlatSB_SetScrollProp
 0002:0000299C       FlatSB_SetScrollRange
 0002:00002984       FlatSB_ShowScrollBar
 0001:000094B0       FloatToDecimal
 0001:000097F0       FloatToStr
 0001:000091DC       FloatToText
 0001:00001BAC       Flush
 0002:00001228       FMode
 0002:00000198       FMSecsPerDay
 0001:00008B9C       FmtStr
 0002:00000C4C       FocusCount
 0002:00000C48       FocusMessages
 0002:00000754       FontCharsets
 0002:0000291C       FontManager
 0001:00047F58       ForegroundTask
 0001:00008B88       Format
 0002:000001A0       Format
 0001:00008790       FormatBuf
 0001:00008784       FormatClearStr
 0001:00008708       FormatError
 0002:0000017C       FormatErrorStrs
 0001:0000577C       FormatMessage
 0001:00008760       FormatVarToStr
 0001:00052160       Forms
 0001:00001E58       FPower10
 0002:00000888       FPrinter
 0001:00005D0C       FrameRect
 0001:0000D4F4       FreeAndNil
 0001:00077A8C       FreeAndNil
 0001:000009C0       FreeCommitted
 0001:00000EE0       FreeCurAlloc
 0001:0005E298       FreeDeviceContext
 0001:0005E354       FreeDeviceContexts
 0001:00023458       FreeIntConstList
 0001:00005784       FreeLibrary
 0001:00000294       FreeLibrary
 0001:0002979C       FreeMemoryContexts
 0001:0002358C       FreeObjectInstance
 0001:00048018       FreeObjectInstance
 0001:00005794       FreeResource
 0001:00000640       FreeSpace
 0001:0000D060       FreeTerminateProcs
 0001:0002E910       FreeThemeLibrary
 0002:00002B20       FRichEditModule
 0002:00002C70       frmAppStart
 0001:00026B88       GDICheck
 0001:00026AE0       GDIError
 0001:00001B10       Get8087CW
 0001:0000579C       GetACP
 0001:00005D14       GetActiveWindow
 0001:0004F7A0       GetAnimation
 0001:00005D1C       GetAsyncKeyState
 0001:00005A2C       GetBitmapBits
 0001:000003C0       GetBlockDesc
 0001:00005A34       GetBrushOrgEx
 0001:00005D24       GetCapture
 0001:0005CAD4       GetCaptureControl
 0001:00019450       GetClass
 0001:00005D2C       GetClassInfo
 0001:00005D34       GetClassLong
 0001:00005D3C       GetClassName
 0001:00005D44       GetClientRect
 0001:00005D4C       GetClipboardData
 0001:00028520       GetClipboardFormats
 0001:00005A3C       GetClipBox
 0001:0000035C       GetCmdShow
 0001:000523A0       GetColor
 0001:0003904C       GetComCtlVersion
 0001:0000029C       GetCommandLine
 0001:0000080C       GetCommitted
 0001:0000089C       GetCommittedAt
 0001:000214D4       GetComponentValue
 0001:00063948       GetControlAtPos
 0001:00009E48       GetCount
 0001:000057A4       GetCPInfo
 0001:00005A44       GetCurrentPositionEx
 0001:000057AC       GetCurrentProcessId
 0002:00002A64       GetCurrentThemeName
 0001:000057B4       GetCurrentThreadId
 0001:0000034C       GetCurrentThreadId
 0001:00006114       GetCurrentTime
 0001:00005D54       GetCursor
 0001:00051968       GetCursorHeightMargin
 0001:00005D5C       GetCursorPos
 0001:00009E74       GetDate
 0001:000057BC       GetDateFormat
 0001:0000AB2C       GetDateOrder
 0001:00005D64       GetDC
 0001:00005D6C       GetDCEx
 0001:00005A4C       GetDCOrgEx
 0001:0002C294       GetDefFontCharSet
 0001:0001A7A4       GetDesigner
 0001:00005D74       GetDesktopWindow
 0001:00005A64       GetDeviceCaps
 0001:00027AE8       GetDIB
 0001:00005A54       GetDIBColorTable
 0001:00005A5C       GetDIBits
 0001:00027A30       GetDIBSizes
 0001:00026CF8       GetDInColors
 0001:000057C4       GetDiskFreeSpaceA
 0002:00000150       GetDiskFreeSpaceEx
 0001:0006A1B8       GetDockAlign
 0001:0005D47C       GetDockSiteAtPos
 0001:0005D7A8       GetDropCtl
 0001:000024D8       GetDynaMethod
 0001:00005A6C       GetEnhMetaFileBits
 0001:00005A74       GetEnhMetaFileHeader
 0001:00005A7C       GetEnhMetaFilePaletteEntries
 0001:0001626C       GetEnumName
 0001:00016344       GetEnumNameValue
 0001:00016390       GetEnumValue
 0001:0000B60C       GetEraNamesAndYearOffsets
 0001:0000ABC0       GetEraYearOffset
 0001:000067F8       GetErrorInfo
 0001:0000BF84       GetExceptionClass
 0001:0000C168       GetExceptionObject
 0001:000193D8       GetFieldClassTable
 0001:000057CC       GetFileAttributes
 0001:00028500       GetFileFormats
 0001:0000C3D8       GetFileVersion
 0001:00005984       GetFileVersionInfo
 0001:0000598C       GetFileVersionInfoSize
 0001:00016A18       GetFloatProp
 0001:00005D7C       GetFocus
 0001:00025578       GetFontData
 0001:00005D84       GetForegroundWindow
 0001:0000CC18       GetFormatSettings
 0001:000057D4       GetFullPathName
 0001:00024AE4       GetHashCode
 0001:0004CD18       GetHelpInfo
 0001:0002D820       GetHelpSystem
 0001:0004F584       GetHint
 0001:0004F5BC       GetHintControl
 0001:00059E1C       GetHotkey
 0001:00005D8C       GetIconInfo
 0001:0006BCBC       GetIDsOfNames
 0001:00016E34       GetInt64Prop
 0001:00016E98       GetInterfaceProp
 0001:00005DA4       GetKeyboardLayout
 0001:00005DAC       GetKeyboardLayoutList
 0001:00005DB4       GetKeyboardState
 0001:00002144       GetKeyboardType
 0001:00005D94       GetKeyNameText
 0001:00005D9C       GetKeyState
 0001:00005DBC       GetLastActivePopup
 0001:00068480       GetLastChildZone
 0001:000057DC       GetLastError
 0001:0003A9E8       GetLength
 0001:0000B3D0       GetLocaleChar
 0001:000002A4       GetLocaleInfo
 0001:000057EC       GetLocaleInfo
 0001:0000B384       GetLocaleStr
 0001:000057E4       GetLocalTime
 0001:0005CA90       GetLongHint
 0001:000166C0       GetLongStrProp
 0001:00005DC4       GetMenu
 0001:0004CCA0       GetMenuHelpContext
 0001:00005DCC       GetMenuItemCount
 0001:00005DD4       GetMenuItemID
 0001:00005DDC       GetMenuItemInfo
 0001:00056F6C       GetMenuSize
 0001:00005DE4       GetMenuState
 0001:00005DEC       GetMenuString
 0001:00005DF4       GetMessagePos
 0001:00016DBC       GetMethodProp
 0001:000002AC       GetModuleFileName
 0001:000057F4       GetModuleFileName
 0001:000057FC       GetModuleFileNameW
 0001:00005804       GetModuleHandle
 0001:000002B4       GetModuleHandle
 0002:00002940       GetMonitorInfo
 0002:00002944       GetMonitorInfoA
 0002:00002948       GetMonitorInfoW
 0001:0000B434       GetMonthDayNames
 0001:0006ED48       GetMSNode
 0001:00005DFC       GetNextWindow
 0001:00005A84       GetObject
 0001:000164E8       GetOrdProp
 0001:00005A8C       GetPaletteEntries
 0001:00001948       GetParamStr
 0001:00005E04       GetParent
 0001:0004816C       GetParentForm
 0001:00005A94       GetPixel
 0001:0000580C       GetPrivateProfileString
 0001:000002BC       GetProcAddress
 0001:00005814       GetProcAddress
 0001:00005E0C       GetProp
 0001:000163F4       GetPropInfo
 0001:00016464       GetPropInfos
 0001:0004862C       GetRealScrollPosition
 0001:00052380       GetRGBColor
 0001:00005E14       GetScrollInfo
 0001:00005E1C       GetScrollPos
 0001:00005E24       GetScrollRange
 0001:0005CA4C       GetShortHint
 0001:000165B8       GetShortStrProp
 0001:00016650       GetShortStrPropAsLongStr
 0001:00000564       GetSpace
 0001:000005C8       GetSpaceAt
 0001:000549F8       GetSpecialName
 0001:000002C4       GetStartupInfo
 0001:0000581C       GetStdHandle
 0001:00000244       GetStdHandle
 0001:00005A9C       GetStockObject
 0001:00005824       GetStringTypeEx
 0001:000167F0       GetStrProp
 0001:00005E2C       GetSubMenu
 0001:00005E34       GetSysColor
 0001:00005E3C       GetSysColorBrush
 0001:0000582C       GetSystemDirectoryW
 0001:00005834       GetSystemInfo
 0001:00005E44       GetSystemMenu
 0001:00005E4C       GetSystemMetrics
 0002:00002930       GetSystemMetrics
 0001:00005AA4       GetSystemPaletteEntries
 0001:00005AAC       GetTextExtentPoint32
 0001:00005AB4       GetTextMetrics
 0002:00002A5C       GetThemeAppProperties
 0002:000029C8       GetThemeBackgroundContentRect
 0002:000029CC       GetThemeBackgroundExtent
 0002:000029DC       GetThemeBackgroundRegion
 0002:00002A00       GetThemeBool
 0002:000029F4       GetThemeColor
 0002:00002A68       GetThemeDocumentationProperty
 0002:00002A08       GetThemeEnumValue
 0002:00002A28       GetThemeFilename
 0002:00002A10       GetThemeFont
 0002:00002A04       GetThemeInt
 0002:00002A1C       GetThemeIntList
 0002:00002A18       GetThemeMargins
 0002:000029F8       GetThemeMetric
 0002:000029D0       GetThemePartSize
 0002:00002A0C       GetThemePosition
 0002:00002A20       GetThemePropertyOrigin
 0002:00002A14       GetThemeRect
 0002:000029FC       GetThemeString
 0002:00002A34       GetThemeSysBool
 0002:00002A2C       GetThemeSysColor
 0002:00002A30       GetThemeSysColorBrush
 0002:00002A3C       GetThemeSysFont
 0002:00002A44       GetThemeSysInt
 0002:00002A38       GetThemeSysSize
 0002:00002A40       GetThemeSysString
 0002:000029D4       GetThemeTextExtent
 0002:000029D8       GetThemeTextMetrics
 0001:0000583C       GetThreadLocale
 0001:000002CC       GetThreadLocale
 0001:00005844       GetTickCount
 0001:00009EAC       GetTime
 0001:0000538C       GetTlsSize
 0001:0004FD50       GetTopMostWindows
 0001:0005CBDC       GetTopParent
 0001:00005E54       GetTopWindow
 0001:00016260       GetTypeData
 0001:00015ACC       GetVarDataArrayInfo
 0001:00016D3C       GetVariantProp
 0001:0000584C       GetVersion
 0001:00000354       GetVersion
 0001:00005854       GetVersionEx
 0001:0001685C       GetWideStrProp
 0001:00016740       GetWideStrPropAsLongStr
 0001:00005E5C       GetWindow
 0001:00005E64       GetWindowDC
 0001:00005E6C       GetWindowLong
 0001:00005AC4       GetWindowOrgEx
 0001:00005E74       GetWindowPlacement
 0001:00005E7C       GetWindowRect
 0001:00005E84       GetWindowText
 0001:00005E8C       GetWindowTextW
 0002:00002A50       GetWindowTheme
 0001:00005E94       GetWindowThreadProcessId
 0001:00005E9C       GetWindowThreadProcessId
 0001:00005ABC       GetWinMetaFileBits
 0002:00001220       GGetMonitorFromWindow
 0002:00001224       GGetMonitorInfo
 0001:0000585C       GlobalAddAtom
 0001:00005864       GlobalAlloc
 0001:00006130       GlobalAllocPtr
 0001:0000586C       GlobalDeleteAtom
 0001:00005874       GlobalFindAtom
 0002:000028A8       GlobalFixupList
 0001:0001D2C0       GlobalFixupReferences
 0001:0000587C       GlobalFree
 0001:0000615C       GlobalFreePtr
 0001:0000588C       GlobalHandle
 0001:00005884       GlobalLock
 0002:0000288C       GlobalNameSpace
 0001:00005894       GlobalReAlloc
 0001:00006140       GlobalReAllocPtr
 0001:0000589C       GlobalUnlock
 0002:00002C84       GLog
 0002:00001218       GMonitorFromWindow
 0002:0000121C       GMonitorInfo
 0001:0002C758       Graphics
 0002:00002C88       GRegistry
 0001:000195CC       GroupDescendentsWith
 0002:000000CC       GUID_NULL
 0002:00002C8C       GWideBuffer
 0002:00001240       Gz3DDeviceList
 0002:0000127C       g_bThreadSafe
 0002:00002C90       g_cs
 0002:00001278       g_state
 0001:000104CC       HandleConversionException
 0001:0004CF20       HandleEdge
 0001:0001E724       HandleException
 0001:0006B3C8       HandleSafeCallException
 0001:00042200       HasPopup
 0002:00000024       HeapAllocFlags
 0002:000025C8       heapErrorCode
 0002:000025CC       heapLock
 0001:0002E3C8       HelpIntfs
 0002:00002974       HelpManager
 0002:00002AA8       HelpMsg
 0002:00002B4C       HelpViewer
 0002:00002B50       HelpViewerIntf
 0002:0000014C       HexDisplayPrefix
 0001:000221F8       HexToBin
 0002:00000B0C       HideSelections
 0001:0006A234       HideZone
 0002:00002668       HInstance
 0002:00002B6C       HintDoneEvent
 0001:0004F68C       HintGetMsgHook
 0002:00002B70       HintHook
 0001:0004F630       HintMouseThread
 0002:00002B74       HintThread
 0002:00002B68       HintThreadID
 0001:0004F5DC       HintTimerProc
 0002:00000C40       HintWindowClass
 0002:000029E0       HitTestThemeBackground
 0001:00006110       HiWord
 0002:000011D0       HKEYS
 0001:0004F6D0       HookHintHooks
 0001:000062F0       HwndMSWheel
 0002:00000B88       IAlignment
 0002:00000DFC       IBreaks
 0002:00000E08       IChecks
 0002:00000E10       IDefaults
 0001:00025568       IdentToCharset
 0001:00025360       IdentToColor
 0001:0005CA3C       IdentToCursor
 0001:00019830       IdentToInt
 0002:00000E18       IEnables
 0001:00057D10       IfHotkeyAvailable
 0001:0002D080       IfThen
 0001:0002D074       IfThen
 0002:00002B80       ImageListWriteExProc
 0001:0000EBE8       ImageList_Add
 0001:0000EC08       ImageList_AddIcon
 0001:0000EC30       ImageList_BeginDrag
 0001:0000EBD0       ImageList_Create
 0001:0000EBD8       ImageList_Destroy
 0001:0000EC40       ImageList_DragEnter
 0001:0000EC48       ImageList_DragLeave
 0001:0000EC50       ImageList_DragMove
 0001:0000EC60       ImageList_DragShowNolock
 0001:0000EC18       ImageList_Draw
 0001:0000EC20       ImageList_DrawEx
 0001:0000EC38       ImageList_EndDrag
 0001:0000EC00       ImageList_GetBkColor
 0001:0000EC68       ImageList_GetDragImage
 0001:0000EC80       ImageList_GetIconSize
 0001:0000EBE0       ImageList_GetImageCount
 0001:0000EC70       ImageList_Read
 0001:0000EC28       ImageList_Remove
 0001:0000EBF0       ImageList_ReplaceIcon
 0001:0000EBF8       ImageList_SetBkColor
 0001:0000EC58       ImageList_SetDragCursorImage
 0001:0000EC88       ImageList_SetIconSize
 0001:0000EC78       ImageList_Write
 0002:00000D6C       Images
 0001:00053A30       ImgList
 0001:0002D3D0       Imm
 0002:00000F98       IMM32DLL
 0001:0006AE24       Imm32IsIME
 0002:0000019C       IMSecsPerDay
 0001:000105B8       InBounds
 0001:00010858       InBounds
 0001:00010888       Increment
 0001:000105E8       Increment
 0001:0000EC14       IndexToOverlayMask
 0001:0000ECD4       IndexToStateImageMask
 0001:00005EA4       InflateRect
 0001:0003264C       IniFiles
 0001:00000A4C       InitAllocator
 0001:0002C854       InitAnApi
 0002:00002958       InitApis
 0001:0000EB3C       InitComCtl
 0001:00038FF8       InitCommonControl
 0001:0000EB34       InitCommonControls
 0001:0000EB9C       InitCommonControlsEx
 0001:0006C100       InitComObj
 0001:00019AD8       InitComponent
 0002:00002638       InitContext
 0001:0006AEC0       InitControls
 0001:0002C2D8       InitDefFontData
 0001:0000D080       InitDriveSpacePtr
 0001:0000C244       InitExceptions
 0001:0002E4A8       InitFlatSB
 0001:0002F940       InitGlobals
 0001:000278E8       InitializeBitmapInfoHeader
 0001:000003A0       InitializeCriticalSection
 0001:000058A4       InitializeCriticalSection
 0002:000025C4       initialized
 0001:0002E480       InitializeFlatSB
 0001:00005490       InitializeModule
 0001:0000F624       InitializeVarUtils
 0001:0006AAC4       InitIMM32
 0001:00019B80       InitInheritedComponent
 0001:0000CA2C       InitLeadBytes
 0001:0002CF30       InitMultiMonStubs
 0001:0000C348       InitPlatformId
 0002:00002044       InitProc
 0001:000053D8       InitProcessTLS
 0001:00052078       InitProcs
 0001:0002C25C       InitScreenLogPixels
 0001:0000CAA4       InitSysLocale
 0001:0002EAD0       InitThemeLibrary
 0001:00022250       InitThreadSynchronization
 0001:00005394       InitThreadTLS
 0001:00002E48       InitUnits
 0001:0005C720       InitWndProc
 0002:00000F38       InnerStyles
 0002:00002050       Input
 0001:00062184       InsertBefore
 0001:0004F0B4       InsertBefore
 0001:00000E58       InsertFree
 0001:00057DC4       InsertHotkeyFarEastFormat
 0001:00005EAC       InsertMenu
 0001:00005EB4       InsertMenuItem
 0002:000028C4       InstBlockList
 0002:000028C8       InstFreeList
 0001:00014EE4       Int64Compare
 0001:00014ED0       IntCompare
 0002:0000289C       IntConstList
 0001:0000D0E8       InterlockedDecrement
 0001:00000344       InterlockedDecrement
 0001:0000D0F4       InterlockedExchange
 0001:0000578C       InterlockedExchange
 0001:0000D0FC       InterlockedExchangeAdd
 0001:0000033C       InterlockedIncrement
 0001:0000D0DC       InterlockedIncrement
 0001:00024A70       InternalDeletePalette
 0001:00001B64       InternalFlush
 0001:00000CB4       InternalFreeMem
 0001:00027A38       InternalGetDIB
 0001:000279CC       InternalGetDIBSizes
 0001:00019970       InternalReadComponentRes
 0002:00002B34       InternalServices
 0001:000036F0       InternalUniqueString
 0001:00005ACC       IntersectClipRect
 0001:00005EBC       IntersectRect
 0001:00007D4C       IntToHex
 0001:00019870       IntToIdent
 0001:00007B54       IntToStr
 0001:00007D24       IntToStr
 0001:00005EC4       InvalidateRect
 0001:00026A68       InvalidBitmap
 0001:00026A50       InvalidGraphic
 0001:00026A74       InvalidIcon
 0001:00026A80       InvalidMetafile
 0001:00026A38       InvalidOperation
 0001:00018958       InvalidPoint
 0001:00018944       InvalidPoint
 0002:000027AC       InvalidPointer
 0001:00002390       InvokeImplGetter
 0001:000018E8       IOResult
 0002:00000E38       IOwnerDraw
 0002:00000E20       IRadios
 0002:00000E30       IRTL
 0001:000480FC       IsAccel
 0001:00058F74       IsAccelChar
 0002:00002A4C       IsAppThemed
 0001:0005D234       IsBeforeTargetWindow
 0001:00005ECC       IsChild
 0002:0000204C       IsConsole
 0001:00020C30       IsDefault
 0001:00020AAC       IsDefaultFloatProp
 0001:00020B08       IsDefaultInt64Prop
 0001:00020DD4       IsDefaultInterfaceProp
 0001:00020EB0       IsDefaultMethodProp
 0001:00020C88       IsDefaultObjectProp
 0001:00020A54       IsDefaultOrdProp
 0001:00020FC0       IsDefaultPropertyValue
 0001:00020B60       IsDefaultStrProp
 0001:00020D08       IsDefaultValue
 0001:00020F28       IsDefaultVariantProp
 0001:0005D690       IsDelphiHandle
 0001:00005ED4       IsDialogMessage
 0002:00000E28       ISeparators
 0001:00005EDC       IsIconic
 0001:00058FD0       IsInitialChar
 0001:00009A6C       IsLeapYear
 0002:00002038       IsLibrary
 0002:0000204D       IsMultiThread
 0001:00067EE4       IsOrientationSet
 0001:00005EE4       IsRectEmpty
 0001:0003286C       IsRelative
 0001:0005D438       IsSiteChildOfClient
 0001:000164B8       IsStoredProp
 0002:00002A48       IsThemeActive
 0002:000029F0       IsThemeBackgroundPartiallyTransparent
 0002:00002A58       IsThemeDialogTextureEnabled
 0002:000029EC       IsThemePartDefined
 0001:0001994C       IsUniqueGlobalComponentName
 0002:00002890       IsUniqueGlobalComponentNameProc
 0001:00007A44       IsValidIdent
 0001:0000CA8C       IsWesternGroup
 0001:00005EEC       IsWindow
 0001:00005EF4       IsWindowEnabled
 0001:00005EFC       IsWindowVisible
 0001:00005F04       IsZoomed
 0001:00054DC4       Iterate
 0001:00054E24       IterateMenus
 0002:0000002C       JITEnable
 0002:000011EC       KeyAccess
 0001:000480B0       KeyboardStateToShiftState
 0001:00048074       KeyDataToShiftState
 0001:00048020       KeysToShiftState
 0001:00005F0C       KillTimer
 0001:00008298       LastDelimiter
 0001:0000C9B8       LCIDToCodePage
 0001:000051B4       LCIDToCodePage
 0002:0000012C       LeadBytes
 0001:000058AC       LeaveCriticalSection
 0001:000003B0       LeaveCriticalSection
 0002:00001134       LegacyTypeNames
 0002:00000034       LibModuleList
 0001:00005AD4       LineTo
 0001:00036278       ListActns
 0001:0005E220       ListAdd
 0001:00035484       ListItemsCompare
 0001:0005E248       ListRemove
 0002:00002762       ListSeparator
 0001:0000EDE8       ListView_Arrange
 0001:0000EE94       ListView_CreateDragImage
 0001:0000ED38       ListView_DeleteAllItems
 0001:0000EE40       ListView_DeleteColumn
 0001:0000ED20       ListView_DeleteItem
 0001:0000ED70       ListView_FindItem
 0001:0000EF68       ListView_GetCheckState
 0001:0000F064       ListView_GetColumnOrderArray
 0001:0000EE58       ListView_GetColumnWidth
 0001:0000EE00       ListView_GetEditControl
 0001:0000F0AC       ListView_GetHoverTime
 0001:0000ECD8       ListView_GetItem
 0001:0000ECC4       ListView_GetItemCount
 0001:0000ED80       ListView_GetItemRect
 0001:0000EF58       ListView_GetItemState
 0001:0000ED4C       ListView_GetNextItem
 0001:0000EEF0       ListView_GetOrigin
 0001:0000F020       ListView_GetSelectedCount
 0001:0000EEE0       ListView_GetTopIndex
 0001:0000EDBC       ListView_HitTest
 0001:0000EE30       ListView_InsertColumn
 0001:0000ED08       ListView_InsertItem
 0001:0000EDCC       ListView_RedrawItems
 0001:0000EC90       ListView_SetBkColor
 0001:0000EF88       ListView_SetCheckState
 0001:0000EE14       ListView_SetColumn
 0001:0000F048       ListView_SetColumnOrderArray
 0001:0000EE70       ListView_SetColumnWidth
 0001:0000F030       ListView_SetExtendedListViewStyle
 0001:0000F09C       ListView_SetHoverTime
 0001:0000ECA8       ListView_SetImageList
 0001:0000ECF0       ListView_SetItem
 0001:0000EFE4       ListView_SetItemCount
 0001:0000EFF4       ListView_SetItemCountEx
 0001:0000EF28       ListView_SetItemState
 0001:0000EFB4       ListView_SetItemText
 0001:0000EEC8       ListView_SetTextBkColor
 0001:0000EEB0       ListView_SetTextColor
 0001:0000F080       ListView_SetWorkAreas
 0001:0000F004       ListView_SortItems
 0001:0000EF08       ListView_Update
 0001:00005F14       LoadBitmap
 0001:0006B740       LoadComExProcs
 0001:00005F1C       LoadCursor
 0001:00005F24       LoadIcon
 0001:00005F2C       LoadKeyboardLayout
 0001:000058B4       LoadLibrary
 0001:000002D4       LoadLibraryEx
 0001:000058BC       LoadLibraryW
 0001:000058C4       LoadResource
 0001:000048A0       LoadResourceModule
 0001:0000515C       LoadResString
 0001:00005F34       LoadString
 0001:000002DC       LoadString
 0001:00000380       LocalAlloc
 0001:00005350       LocalAlloc
 0001:00005358       LocalFree
 0001:00000388       LocalFree
 0001:0000B3F8       LocalGetLocaleStr
 0002:00002A80       Lock
 0001:000058CC       LockResource
 0002:000026A4       LongDateFormat
 0002:00002738       LongDayNames
 0002:000026EC       LongMonthNames
 0002:000026B8       LongTimeFormat
 0001:00007814       LowerCase
 0001:000804A0       LowLevelKeyboardProc
 0001:00005964       lstrcmp
 0001:0000596C       lstrcmpW
 0001:00005974       lstrcpy
 0001:000002E4       lstrcpyn
 0001:0000597C       lstrlenW
 0002:00002868       LVarTypes
 0002:0000286C       LVarTypeSync
 0002:00002030       MainInstance
 0002:00002034       MainThreadID
 0001:00000410       MakeEmpty
 0001:00002FFC       MakeErrorMessage
 0002:00000F84       MakeLast
 0001:00006104       MakeLong
 0001:000061D0       MakeLResult
 0001:0006ED20       MakeNamedNodeMap
 0001:0006EC6C       MakeNode
 0001:0006ECF8       MakeNodeList
 0001:000234F4       MakeObjectInstance
 0001:00048004       MakeObjectInstance
 0001:00006190       MakeROP4
 0001:000061C8       MakeWParam
 0001:0000BF04       MapException
 0001:000345DC       Mapi
 0002:00000AC4       MAPIDLL
 0002:00000AC8       MAPIModule
 0001:00002C60       MapToRunError
 0001:00005F3C       MapVirtualKey
 0001:00005F44       MapWindowPoints
 0002:00000D74       Mask
 0001:00005ADC       MaskBlt
 0001:0002D0E0       Math
 0001:0002D024       Max
 0001:0002D02C       Max
 0001:0004A9B4       MaximizedChildren
 0002:0000003C       MemoryManager
 0002:00000D90       MenuKeyCaps
 0001:00059FEC       Menus
 0001:00000460       MergeBlockAfter
 0001:00000F2C       MergeCommit
 0001:00005F4C       MessageBox
 0001:0000027C       MessageBox
 0001:0000678C       Messages
 0001:0001A3C8       Min
 0001:0002CFDC       Min
 0001:0002CFE4       Min
 0001:00061ACC       MinVar
 0002:00002960       MMAvailable
 0001:0000F12C       MMSystem
 0002:00000F9C       ModeMap
 0001:0004C6AC       ModifySystemMenu
 0002:000000A4       Module
 0002:00002665       ModuleIsCpp
 0002:00002664       ModuleIsLib
 0001:000234C4       ModuleUnload
 0002:00000038       ModuleUnloadList
 0002:0000293C       MonitorFromPoint
 0002:00002938       MonitorFromRect
 0002:00002934       MonitorFromWindow
 0002:000000FC       MonthDays
 0002:00002B94       Mouse
 0001:00001908       Move
 0001:00005AE4       MoveToEx
 0001:0005E268       MoveWindowOrg
 0001:0006C430       msxml
 0001:00073994       msxmldom
 0002:00000FE4       MSXMLDOMDocumentCreate
 0002:00002C38       MSXML_DOM
 0001:000058D4       MulDiv
 0001:000002F4       MultiByteToWideChar
 0001:000058DC       MultiByteToWideChar
 0001:00051B1C       MultiLineWidth
 0001:0002CFCC       MultiMon
 0002:00000B04       MultiSelections
 0002:00002CA8       m_state
 0002:00002C30       NeedToUninitialize
 0002:00002699       NegCurrFormat
 0001:00000FB8       NewCommit
 0001:00000FE4       NewCommitAt
 0002:00002B98       NewStyleControls
 0001:0000C7B0       NextCharIndex
 0001:00067EC8       NextVisibleZone
 0002:000004CC       NilMethod
 0002:00000FE8       NodeClasses
 0002:00001048       NodeTypeNames
 0002:00000030       NoErrMsg
 0001:00055BD8       NormalDraw
 0001:00002754       NotifyAnyExcept
 0001:0001A83C       NotifyDesigner
 0001:00002728       NotifyExcept
 0001:00002788       NotifyExceptFinally
 0001:00019A4C       NotifyGlobalLoading
 0001:00004BA0       NotifyModuleUnload
 0001:00002704       NotifyNonDelphiException
 0001:00002740       NotifyOnExcept
 0001:000026E8       NotifyReRaise
 0001:000027B0       NotifyTerminate
 0001:000027CC       NotifyUnhandled
 0001:00009D34       Now
 0001:00058950       NthParentOf
 0001:00015FA8       Null
 0002:00000368       NullAsStringValue
 0001:00014DE8       NullCompare
 0002:0000035C       NullEqualityRule
 0002:00000360       NullMagnitudeRule
 0002:00000364       NullStrictConvert
 0001:00020BF0       ObjectAncestorMatch
 0001:0005C7D8       ObjectFromHWnd
 0001:00005F54       OemToAnsi
 0001:00005540       OffsetRect
 0001:00005F5C       OffsetRect
 0001:0006B728       OleCheck
 0001:0006B70C       OleError
 0001:000040DC       OleStrToStrVar
 0002:00002C24       OleUninitializing
 0002:000029B8       OpenThemeData
 0002:00000F7C       OrientArray
 0002:00000F48       OuterStyles
 0002:000027A8       OutOfMemory
 0001:00026A8C       OutOfResources
 0002:0000221C       Output
 0001:000214BC       OwnedBy
 0002:0000036C       PackVarCreation
 0002:00000848       Pal16
 0001:00024E54       PaletteChanged
 0001:00027278       PaletteFromDIBColorTable
 0001:0002731C       PaletteToDIBColorTable
 0002:00000844       PalSize
 0001:00001A34       ParamCount
 0001:00001A94       ParamStr
 0001:000682AC       ParentNotLast
 0001:00005AEC       PatBlt
 0002:0000292C       PatternManager
 0001:00005F64       PeekMessage
 0002:00002920       PenManager
 0002:00000814       PenModes
 0002:000007F4       PenStyles
 0001:00005AF4       PlayEnhMetaFile
 0001:000188CC       Point
 0001:00005538       Point
 0001:00018D20       PointerInModule
 0001:00063368       PointsEqual
 0001:000061B0       PointToSmallPoint
 0001:00005AFC       Polyline
 0002:00002B84       PopupList
 0001:00005F6C       PostMessage
 0001:00005F74       PostQuitMessage
 0001:0002E444       Printers
 0001:0004DDC0       ProcessExecute
 0001:0004832C       ProcessHorz
 0001:0004DEC0       ProcessUpdate
 0001:00048398       ProcessVert
 0001:0001D5BC       PropertyNotFound
 0001:0001E824       PropPathError
 0002:00000C70       Props
 0001:0001D5B0       PropValueError
 0001:00005F7C       PtInRect
 0002:000000A0       PtrToNil
 0001:00009198       PutExponent
 0001:000787D4       QSort
 0001:000786F0       QSort_int
 0002:00002BDC       QualifyingSites
 0001:000058E4       QueryPerformanceCounter
 0001:000058EC       QueryPerformanceFrequency
 0001:0000BEC0       RaiseAssertException
 0001:0000024C       RaiseException
 0001:0001C56C       RaiseException
 0001:0006BD9C       RaiseException
 0002:00002014       RaiseExceptionProc
 0001:0000CF98       RaiseLastOSError
 0001:0006BC88       RaiseNameException
 0001:0003B20C       ReadCols
 0001:0006901C       ReadControlName
 0001:0001FA64       ReadCustomVariant
 0001:0001D598       ReadError
 0001:00032840       ReadError
 0001:000058F4       ReadFile
 0001:000275C8       ReadIcon
 0001:00014F20       RealCompare
 0001:00005B04       RealizePalette
 0001:0001DDD8       Recover
 0001:000188F4       Rect
 0001:0000551C       Rect
 0001:00005B14       Rectangle
 0001:00005B0C       RectVisible
 0001:00005F84       RedrawWindow
 0002:00002860       RefAnyProc
 0002:00002A7C       ReferenceCount
 0001:000002FC       RegCloseKey
 0001:000056A4       RegCloseKey
 0001:000056AC       RegCreateKeyEx
 0001:00032880       RegDataToDataType
 0001:000056B4       RegDeleteKey
 0001:000056BC       RegDeleteValue
 0001:000056C4       RegEnumKeyEx
 0001:000056CC       RegEnumValue
 0001:000056D4       RegFlushKey
 0002:000028A0       RegGroups
 0001:000194C4       RegisterClass
 0001:00005F8C       RegisterClass
 0001:00005F94       RegisterClassW
 0001:00005F9C       RegisterClipboardFormat
 0001:0005D5D8       RegisterDockSite
 0001:00073C28       RegisterDOMVendor
 0001:000198B4       RegisterFindGlobalComponentProc
 0001:0001970C       RegisterIntegerConsts
 0001:00004BFC       RegisterModule
 0001:0002D79C       RegisterViewer
 0001:00005FA4       RegisterWindowMessage
 0001:00034570       Registry
 0001:00000304       RegOpenKeyEx
 0001:000056DC       RegOpenKeyEx
 0001:000056E4       RegQueryInfoKey
 0001:0000030C       RegQueryValueEx
 0001:000056EC       RegQueryValueEx
 0001:000056F4       RegSetValueEx
 0001:0002F36C       RegStr
 0001:00005FAC       ReleaseCapture
 0001:00005FB4       ReleaseDC
 0002:00000048       reMap
 0002:0000261C       remBytes
 0001:000004D0       RemoveBlock
 0002:000004A8       RemoveDataModule
 0001:0001D468       RemoveFixupReferences
 0001:0001D514       RemoveFixups
 0001:0001D80C       RemoveGlobalFixup
 0001:00005FBC       RemoveMenu
 0001:00004B40       RemoveModuleUnloadProc
 0001:00004B18       RemoveModuleUnloadProc
 0001:00005FC4       RemoveProp
 0001:000058FC       ResetEvent
 0001:0002229C       ResetSyncEvent
 0001:0000146C       ResizeInPlace
 0001:00005B1C       RestoreDC
 0001:00047CB0       RestoreFocusState
 0001:0001B35C       ReturnAddr
 0001:00054998       ReturnAddr
 0001:00019E9C       ReturnAddr
 0001:00026FF8       RGBQuadToTriple
 0001:00026FC0       RGBTripleToQuad
 0001:0002F2FC       RichEdit
 0002:00002BAC       RM_GetObjectInstance
 0002:00002B64       RM_TaskbarCreated
 0002:00002618       rover
 0002:00000ACC       RTFConversionFormat
 0001:0001622C       RTLConsts
 0001:00000254       RtlUnwind
 0002:00002018       RTLUnwindProc
 0002:0000006C       runErrMsg
 0001:00001810       RunErrorAt
 0001:00076058       RzCommon
 0001:000758F0       RzGrafx
 0001:0000F5D8       SafeArrayCreate
 0001:0000F5E0       SafeArrayGetLBound
 0001:0000F5E8       SafeArrayGetUBound
 0001:0000F5F0       SafeArrayPtrOfIndex
 0001:0006B844       SafeCallError
 0002:00002020       SafeCallErrorProc
 0001:0000D5C0       SafeLoadLibrary
 0001:00077ABC       SAFE_DELETE
 0001:00077AD4       SAFE_FREEMEM
 0001:00077AA4       SAFE_RELEASE
 0001:000078F4       SameText
 0001:00005B24       SaveDC
 0001:00047CA8       SaveFocusState
[...]
 0002:00000184       FCon1E18
 0002:00000190       DCon10
 0002:00000194       CWNear
 0002:00000198       FMSecsPerDay
 0002:0000019C       IMSecsPerDay
 0002:000001A0       Format
 0002:000001A4       DefShortMonthNames
 0002:000001D4       DefLongMonthNames
 0002:00000204       DefShortDayNames
 0002:00000220       DefLongDayNames
 0002:0000023C       ErrorMap
 0002:00000274       ExceptMap
 0002:00000324       WesternGroups
 0002:00000328       TerminateProcList
 0002:0000032C       DXGetErrorString9A
 0002:00000330       DXGetErrorString9W
 0002:00000334       DXGetErrorString9
 0002:00000338       DXGetErrorDescription9A
 0002:0000033C       DXGetErrorDescription9W
 0002:00000340       DXGetErrorDescription9
 0002:00000344       DXTraceA
 0002:00000348       DXTraceW
 0002:0000034C       DXTrace
 0002:00000350       dxerr9DllInstance
 0002:00000354       CResult
 0002:0000035C       NullEqualityRule
 0002:00000360       NullMagnitudeRule
 0002:00000364       NullStrictConvert
 0002:00000368       NullAsStringValue
 0002:0000036C       PackVarCreation
 0002:00000370       BooleanToStringRule
 0002:00000374       BaseTypeMap
 0002:0000038C       CInvalidCustomVariantType
 0002:00000390       CRangeToType
 0002:000003A4       CBooleanToRelationship
 0002:000003B0       CmpTypeMap
 0002:0000042C       CText
 0002:00000480       CRelationshipToBoolean
 0002:00000494       BooleanIdents
 0002:0000049C       DotSep
 0002:000004A0       AddDataModule
 0002:000004A8       RemoveDataModule
 0002:000004B0       ApplicationHandleException
 0002:000004B8       ApplicationShowException
 0002:000004C0       WakeMainThread
 0002:000004C8       FilerSignature
 0002:000004CC       NilMethod
 0002:000004D4       Convert
 0002:000004E4       Convert
 0002:00000554       SyncList
 0002:00000558       BlockCode
 0002:0000055C       UtilWindowClass
 0002:00000584       DefFontData
 0002:000005B0       DDBsOnly
 0002:000005B4       Colors
 0002:00000754       FontCharsets
 0002:000007E4       DefPenData
 0002:000007F4       PenStyles
 0002:00000804       DefBrushData
 0002:00000814       PenModes
 0002:00000834       ClipboardFormats
 0002:00000838       FileFormats
 0002:0000083C       BitmapCanvasList
 0002:00000840       DIBPalSizes
 0002:00000844       PalSize
 0002:00000848       Pal16
 0002:00000888       FPrinter
 0002:0000088C       CLSID_AutoComplete
 0002:0000089C       CreationControl
 0002:000008A0       WndProcPtrAtom
 0002:000008A4       Captions
 0002:000008B8       ButtonNames
 0002:000008E4       ButtonCaptions
 0002:00000910       ColorToPretyName
 0002:00000A88       BitBtnCaptions
 0002:00000AB4       Values
 0002:00000ABC       Values
 0002:00000AC4       MAPIDLL
 0002:00000AC8       MAPIModule
 0002:00000ACC       RTFConversionFormat
 0002:00000AD8       TextConversionFormat
 0002:00000AE4       Codes
 0002:00000AF4       BorderStyles
 0002:00000AFC       EditStyles
 0002:00000B04       MultiSelections
 0002:00000B0C       HideSelections
 0002:00000B14       Arrangements
 0002:00000B1C       AutoArrange
 0002:00000B24       WrapText
 0002:00000B2C       ViewStyles
 0002:00000B3C       ShowColumns
 0002:00000B44       ColumnClicks
 0002:00000B4C       ViewStyles
 0002:00000B5C       Directions
 0002:00000B70       Codes
 0002:00000B88       IAlignment
 0002:00000BA0       ComboBoxExStyles
 0002:00000BAC       ComboExStyles
 0002:00000BC0       ThemeServicesClass
 0002:00000BC4       Copyright
 0002:00000BC8       ThemeDataNames
 0002:00000C28       Alignments
 0002:00000C30       WordWraps
 0002:00000C34       WordWraps
 0002:00000C38       ButtonStyles
 0002:00000C40       HintWindowClass
 0002:00000C44       SetLayeredWindowAttributes
 0002:00000C48       FocusMessages
 0002:00000C4C       FocusCount
 0002:00000C50       TaskActiveWindow
 0002:00000C54       TaskFirstWindow
 0002:00000C58       TaskFirstTopMost
 0002:00000C5C       TaskWindowList
 0002:00000C60       SysConsts
 0002:00000C68       SysConsts
 0002:00000C70       Props
 0002:00000C98       Styles
 0002:00000CA4       ShowCommands
 0002:00000CB0       ShowCommands
 0002:00000CBC       ShowCommands
 0002:00000CC8       cUseAlpha
 0002:00000CD0       cUseColorKey
 0002:00000CD8       CursorMap
 0002:00000D2C       WindowClass
 0002:00000D54       AppVisible
 0002:00000D58       ShowFlags
 0002:00000D5C       DrawingStyles
 0002:00000D6C       Images
 0002:00000D74       Mask
 0002:00000D7C       ValidMenuHotkeys
 0002:00000D80       cMenuAutoFlagToItem
 0002:00000D84       cItemAutoFlagToMenu
 0002:00000D88       cBooleanToItemAutoFlag
 0002:00000D8C       cItemAutoFlagToBoolean
 0002:00000D90       MenuKeyCaps
 0002:00000DD8       Checks
 0002:00000DE0       Enables
 0002:00000DE8       Breaks
 0002:00000DF4       Separators
 0002:00000DFC       IBreaks
 0002:00000E08       IChecks
 0002:00000E10       IDefaults
 0002:00000E18       IEnables
 0002:00000E20       IRadios
 0002:00000E28       ISeparators
 0002:00000E30       IRTL
 0002:00000E38       IOwnerDraw
 0002:00000E40       Alignments
 0002:00000E48       EdgeStyle
 0002:00000E50       Alignments
 0002:00000E58       Flags
 0002:00000E64       Buttons
 0002:00000E68       AnimateWindowProc
 0002:00000E6C       CreationControl
 0002:00000E70       DefaultDockTreeClass
 0002:00000E74       AnchorAlign
 0002:00000E7C       Cursors
 0002:00000F2C       CaptureControl
 0002:00000F30       ShowFlags
 0002:00000F34       WindowPos
 0002:00000F38       InnerStyles
 0002:00000F48       OuterStyles
 0002:00000F58       EdgeStyles
 0002:00000F68       Ctl3DStyles
 0002:00000F70       AnimationStyle
 0002:00000F7C       OrientArray
 0002:00000F84       MakeLast
 0002:00000F8C       TreeStreamEndFlag
 0002:00000F90       SizeCursors
 0002:00000F98       IMM32DLL
 0002:00000F9C       ModeMap
 0002:00000FA4       CoCreateInstanceEx
 0002:00000FA8       CoInitializeEx
 0002:00000FAC       CoAddRefServerProcess
 0002:00000FB0       CoReleaseServerProcess
 0002:00000FB4       CoResumeClassObjects
 0002:00000FB8       CoSuspendClassObjects
 0002:00000FBC       CoInitFlags
 0002:00000FC0       ThreadStrs
 0002:00000FD4       CLASS_DOMDocument
 0002:00000FE4       MSXMLDOMDocumentCreate
 0002:00000FE8       NodeClasses
 0002:00001018       CLASS_DOMDocument26
 0002:00001028       CLASS_DOMDocument30
 0002:00001038       CLASS_DOMDocument40
 0002:00001048       NodeTypeNames
 0002:0000107C       BuiltInTypeNames
 0002:00001134       LegacyTypeNames
 0002:00001160       XMLSchemaURI
 0002:00001164       CompositorNames
 0002:00001170       BaseTypeIndMap
 0002:00001184       ExtRestTypeMap
 0002:00001198       CompositorNames
 0002:000011A4       ChoiceTypeMap
 0002:000011AC       DefaultNodeIndent
 0002:000011B0       AnsiEncodings
 0002:000011B8       UnicodeEncodings
 0002:000011C4       UnicodeEncodings
 0002:000011D0       HKEYS
 0002:000011EC       KeyAccess
 0002:00001214       z3DDebugTrace
 0002:00001218       GMonitorFromWindow
 0002:0000121C       GMonitorInfo
 0002:00001220       GGetMonitorFromWindow
 0002:00001224       GGetMonitorInfo
 0002:00001228       FMode
 0002:00001234       FDesc
 0002:00001240       Gz3DDeviceList
 0002:00001244       allowedAdapterFormatArray
 0002:00001254       devTypeArray
 0002:00001260       backBufferFormatArray
 0002:00001278       g_state
 0002:0000127C       g_bThreadSafe
 0002:00001280       VSyncDesc
 0002:00001288       wMask
 0002:00001294       s_pXInputGetState
 0002:00001298       s_pXInputGetCapabilities
 0002:0000129C       s_pXInputEnable
 0002:000012A0       s_pXInputSetState
 0002:000012A4       cache
 0002:000012A8       timer
 0002:000012AC       s_hModD3D9
 0002:000012B0       s_DynamicDirect3DCreate9
 0002:00002000       DispCallByIDProc
 0002:00002004       ExceptProc
 0002:00002008       ErrorProc
 0002:0000200C       ExceptClsProc
 0002:00002010       ExceptObjProc
 0002:00002014       RaiseExceptionProc
 0002:00002018       RTLUnwindProc
 0002:0000201C       ExceptionClass
 0002:00002020       SafeCallErrorProc
 0002:00002024       AssertErrorProc
 0002:00002028       ExitProcessProc
 0002:0000202C       AbstractErrorProc
 0002:00002030       MainInstance
 0002:00002034       MainThreadID
 0002:00002038       IsLibrary
 0002:0000203C       CmdShow
 0002:00002040       CmdLine
 0002:00002044       InitProc
 0002:00002048       ExitProc
 0002:0000204C       IsConsole
 0002:0000204D       IsMultiThread
 0002:0000204E       Test8086
 0002:00002050       Input
 0002:0000221C       Output
 0002:000023E8       ErrOutput
 0002:000025B4       AllocMemCount
 0002:000025B8       AllocMemSize
 0002:000025BC       .5
 0002:000025C0       DefaultUserCodePage
 0002:000025C4       initialized
 0002:000025C8       heapErrorCode
 0002:000025CC       heapLock
 0002:000025E4       blockDescBlockList
 0002:000025E8       blockDescFreeList
 0002:000025EC       spaceRoot
 0002:000025FC       decommittedRoot
 0002:0000260C       avail
 0002:00002618       rover
 0002:0000261C       remBytes
 0002:00002620       curAlloc
 0002:00002624       smallTab
 0002:00002628       committedRoot
 0002:00002638       InitContext
 0002:00002664       ModuleIsLib
 0002:00002665       ModuleIsCpp
 0002:00002668       HInstance
 0002:0000266C       DllProc
 0002:00002670       .1
 0002:00002674       tlsBuffer
 0002:00002678       .1
 0002:0000267C       .3
 0002:00002680       .1
 0002:00002684       .61
 0002:00002688       .1
 0002:0000268C       .3
 0002:00002690       .1
 0002:00002694       CurrencyString
 0002:00002698       CurrencyFormat
 0002:00002699       NegCurrFormat
 0002:0000269A       ThousandSeparator
 0002:0000269B       DecimalSeparator
 0002:0000269C       CurrencyDecimals
 0002:0000269D       DateSeparator
 0002:000026A0       ShortDateFormat
 0002:000026A4       LongDateFormat
 0002:000026A8       TimeSeparator
 0002:000026AC       TimeAMString
 0002:000026B0       TimePMString
 0002:000026B4       ShortTimeFormat
 0002:000026B8       LongTimeFormat
 0002:000026BC       ShortMonthNames
 0002:000026EC       LongMonthNames
 0002:0000271C       ShortDayNames
 0002:00002738       LongDayNames
 0002:00002754       SysLocale
 0002:00002762       ListSeparator
 0002:00002764       EraNames
 0002:00002780       EraYearOffsets
 0002:0000279C       TrueBoolStrs
 0002:000027A0       FalseBoolStrs
 0002:000027A4       .35
 0002:000027A8       OutOfMemory
 0002:000027AC       InvalidPointer
 0002:000027B0       FLanguages
 0002:000027B4       .6
 0002:000027B8       .1
 0002:000027BC       .2
 0002:000027C0       .6
 0002:000027C4       .1
 0002:000027C8       .1
 0002:000027CC       TempStringA
 0002:000027D0       TempStringW
 0002:000027D4       .1
 0002:000027D8       ComCtl32DLL
 0002:000027DC       _InitCommonControlsEx
 0002:000027E0       .7
 0002:000027E4       .1
 0002:000027E8       VariantChangeTypeEx
 0002:000027EC       VarNeg
 0002:000027F0       VarNot
 0002:000027F4       VarAdd
 0002:000027F8       VarSub
 0002:000027FC       VarMul
 0002:00002800       VarDiv
 0002:00002804       VarIDiv
 0002:00002808       VarMod
 0002:0000280C       VarAnd
 0002:00002810       VarOr
 0002:00002814       VarXor
 0002:00002818       VarCmp
 0002:0000281C       VarI4FromStr
 0002:00002820       VarR4FromStr
 0002:00002824       VarR8FromStr
 0002:00002828       VarDateFromStr
 0002:0000282C       VarCyFromStr
 0002:00002830       VarBoolFromStr
 0002:00002834       VarBstrFromCy
 0002:00002838       VarBstrFromDate
 0002:0000283C       VarBstrFromBool
 0002:00002840       .5
 0002:00002844       EmptyParam
 0002:00002854       VarDispProc
 0002:00002858       ClearAnyProc
 0002:0000285C       ChangeAnyProc
 0002:00002860       RefAnyProc
 0002:00002864       .81
 0002:00002868       LVarTypes
 0002:0000286C       LVarTypeSync
 0002:00002884       .1
 0002:00002888       .6
 0002:0000288C       GlobalNameSpace
 0002:00002890       IsUniqueGlobalComponentNameProc
 0002:00002894       SyncEvent
 0002:00002898       .45
 0002:0000289C       IntConstList
 0002:000028A0       RegGroups
 0002:000028A4       FindGlobalComponentProcs
 0002:000028A8       GlobalFixupList
 0002:000028AC       ThreadLock
 0002:000028C4       InstBlockList
 0002:000028C8       InstFreeList
 0002:000028CC       .1
 0002:000028D0       SystemPalette16
 0002:000028D4       .12
 0002:000028D8       ScreenLogPixels
 0002:000028DC       StockPen
 0002:000028E0       StockBrush
 0002:000028E4       StockFont
 0002:000028E8       StockIcon
 0002:000028EC       BitmapImageLock
 0002:00002904       CounterLock
 0002:0000291C       FontManager
 0002:00002920       PenManager
 0002:00002924       BrushManager
 0002:00002928       CanvasList
 0002:0000292C       PatternManager
 0002:00002930       GetSystemMetrics
 0002:00002934       MonitorFromWindow
 0002:00002938       MonitorFromRect
 0002:0000293C       MonitorFromPoint
 0002:00002940       GetMonitorInfo
 0002:00002944       GetMonitorInfoA
 0002:00002948       GetMonitorInfoW
 0002:0000294C       EnumDisplayMonitors
 0002:00002950       .1
 0002:00002954       User32Dll
 0002:00002958       InitApis
 0002:00002960       MMAvailable
 0002:00002964       .2
 0002:00002968       .21
 0002:0000296C       .1
 0002:00002970       .2
 0002:00002974       HelpManager
 0002:00002978       .3
 0002:0000297C       .3
 0002:00002980       FlatSB_EnableScrollBar
 0002:00002984       FlatSB_ShowScrollBar
 0002:00002988       FlatSB_GetScrollRange
 0002:0000298C       FlatSB_GetScrollInfo
 0002:00002990       FlatSB_GetScrollPos
 0002:00002994       FlatSB_SetScrollPos
 0002:00002998       FlatSB_SetScrollInfo
 0002:0000299C       FlatSB_SetScrollRange
 0002:000029A0       .1
 0002:000029A4       _FlatSB_GetScrollProp
 0002:000029A8       _FlatSB_SetScrollProp
 0002:000029AC       _InitializeFlatSB
 0002:000029B0       _UninitializeFlatSB
 0002:000029B4       .6
 0002:000029B8       OpenThemeData
 0002:000029BC       CloseThemeData
 0002:000029C0       DrawThemeBackground
 0002:000029C4       DrawThemeText
 0002:000029C8       GetThemeBackgroundContentRect
 0002:000029CC       GetThemeBackgroundExtent
 0002:000029D0       GetThemePartSize
 0002:000029D4       GetThemeTextExtent
 0002:000029D8       GetThemeTextMetrics
 0002:000029DC       GetThemeBackgroundRegion
 0002:000029E0       HitTestThemeBackground
 0002:000029E4       DrawThemeEdge
 0002:000029E8       DrawThemeIcon
 0002:000029EC       IsThemePartDefined
 0002:000029F0       IsThemeBackgroundPartiallyTransparent
 0002:000029F4       GetThemeColor
 0002:000029F8       GetThemeMetric
 0002:000029FC       GetThemeString
 0002:00002A00       GetThemeBool
 0002:00002A04       GetThemeInt
 0002:00002A08       GetThemeEnumValue
 0002:00002A0C       GetThemePosition
 0002:00002A10       GetThemeFont
 0002:00002A14       GetThemeRect
 0002:00002A18       GetThemeMargins
 0002:00002A1C       GetThemeIntList
 0002:00002A20       GetThemePropertyOrigin
 0002:00002A24       SetWindowTheme
 0002:00002A28       GetThemeFilename
 0002:00002A2C       GetThemeSysColor
 0002:00002A30       GetThemeSysColorBrush
 0002:00002A34       GetThemeSysBool
 0002:00002A38       GetThemeSysSize
 0002:00002A3C       GetThemeSysFont
 0002:00002A40       GetThemeSysString
 0002:00002A44       GetThemeSysInt
 0002:00002A48       IsThemeActive
 0002:00002A4C       IsAppThemed
 0002:00002A50       GetWindowTheme
 0002:00002A54       EnableThemeDialogTexture
 0002:00002A58       IsThemeDialogTextureEnabled
 0002:00002A5C       GetThemeAppProperties
 0002:00002A60       SetThemeAppProperties
 0002:00002A64       GetCurrentThemeName
 0002:00002A68       GetThemeDocumentationProperty
 0002:00002A6C       DrawThemeParentBackground
 0002:00002A70       EnableTheming
 0002:00002A74       .1
 0002:00002A78       ThemeLibrary
 0002:00002A7C       ReferenceCount
 0002:00002A80       Lock
 0002:00002A84       .1
 0002:00002A88       .4
 0002:00002A8C       .1
 0002:00002A90       .1
 0002:00002A94       .1
 0002:00002A98       .1
 0002:00002A9C       .1
 0002:00002AA0       .1
 0002:00002AA4       .11
 0002:00002AA8       HelpMsg
 0002:00002AAC       FindMsg
 0002:00002AB0       .12
 0002:00002AB4       .1
 0002:00002AB8       CF_PICTURE
 0002:00002ABA       CF_COMPONENT
 0002:00002ABC       .2
 0002:00002AC0       FClipboard
 0002:00002AC4       .1
 0002:00002AC8       .4
 0002:00002ACC       BitBtnGlyphs
 0002:00002AF8       .3
 0002:00002AFC       .8
 0002:00002B00       .5
 0002:00002B04       .1
 0002:00002B08       .72
 0002:00002B0C       UrlMonHandle
 0002:00002B10       UrlMonInitialized
 0002:00002B14       .8
 0002:00002B18       .36
 0002:00002B1C       ShellModule
 0002:00002B20       FRichEditModule
 0002:00002B24       ComCtlVersion
 0002:00002B28       CoInitializeExProc
 0002:00002B2C       CoInitExProcLoaded
 0002:00002B30       .2
 0002:00002B34       InternalServices
 0002:00002B38       .42
 0002:00002B3C       .73
 0002:00002B40       WinHelpTester
 0002:00002B44       ViewerName
 0002:00002B48       .1
 0002:00002B4C       HelpViewer
 0002:00002B50       HelpViewerIntf
 0002:00002B54       .8
 0002:00002B58       Application
 0002:00002B5C       Screen
 0002:00002B60       .41
 0002:00002B64       RM_TaskbarCreated
 0002:00002B68       HintThreadID
 0002:00002B6C       HintDoneEvent
 0002:00002B70       HintHook
 0002:00002B74       HintThread
 0002:00002B78       .3
 0002:00002B7C       CachedComCtrlVer
 0002:00002B80       ImageListWriteExProc
 0002:00002B84       PopupList
 0002:00002B88       ShortCutItems
 0002:00002B8C       .9
 0002:00002B90       CommandPool
 0002:00002B94       Mouse
 0002:00002B98       NewStyleControls
 0002:00002B9C       .72
 0002:00002BA0       WindowAtom
 0002:00002BA2       ControlAtom
 0002:00002BA4       WindowAtomString
 0002:00002BA8       ControlAtomString
 0002:00002BAC       RM_GetObjectInstance
 0002:00002BB0       DragControl
 0002:00002BB4       DragObject
 0002:00002BB8       DragInternalObject
 0002:00002BBC       DragCapture
 0002:00002BC0       DragStartPos
 0002:00002BC8       DragSaveCursor
 0002:00002BCC       DragThreshold
 0002:00002BD0       ActiveDrag
 0002:00002BD4       DragImageList
 0002:00002BD8       DockSiteList
 0002:00002BDC       QualifyingSites
 0002:00002BE0       DragSave
 0002:00002BE4       CanvasList
 0002:00002BE8       _WINNLSEnableIME
 0002:00002BEC       _ImmGetContext
 0002:00002BF0       _ImmReleaseContext
 0002:00002BF4       _ImmGetConversionStatus
 0002:00002BF8       _ImmSetConversionStatus
 0002:00002BFC       _ImmSetOpenStatus
 0002:00002C00       _ImmSetCompositionWindow
 0002:00002C04       _ImmSetCompositionFont
 0002:00002C08       _ImmGetCompositionString
 0002:00002C0C       _ImmIsIME
 0002:00002C10       _ImmNotifyIME
 0002:00002C14       .1
 0002:00002C18       .1
 0002:00002C1C       .1
 0002:00002C20       .41
 0002:00002C24       OleUninitializing
 0002:00002C28       ComClassManagerVar
 0002:00002C2C       SaveInitProc
 0002:00002C30       NeedToUninitialize
 0002:00002C34       .6
 0002:00002C38       MSXML_DOM
 0002:00002C3C       .12
 0002:00002C40       DefaultDOMVendor
 0002:00002C44       DOMVendors
 0002:00002C48       .5
 0002:00002C4C       .3
 0002:00002C50       .3
 0002:00002C54       TranslatorList
 0002:00002C58       .15
 0002:00002C5C       .5
 0002:00002C60       .1
 0002:00002C64       .1
 0002:00002C68       .1
 0002:00002C6C       .1
 0002:00002C70       frmAppStart
 0002:00002C74       .2
 0002:00002C78       .1
 0002:00002C7C       .9
 0002:00002C80       .9
 0002:00002C84       GLog
 0002:00002C88       GRegistry
 0002:00002C8C       GWideBuffer
 0002:00002C90       g_cs
 0002:00002CA8       m_state

Bound resource files

c:\archivos de programa\borland\delphi7\Lib\Buttons.res
c:\archivos de programa\borland\delphi7\Lib\ExtDlgs.res
c:\archivos de programa\borland\delphi7\Lib\Controls.res
C:\JP\Direct3D\z3D\z3DEffects.res
z3DAppStart.dfm
z3DCore.drf


Program entry point at 0001:00089808
