
 Start         Length     Name                   Class
 0001:00000000 0004BC74H .text                   CODE
 0002:00000000 00001120H .data                   DATA
 0002:00001120 00000C15H .bss                    BSS


Detailed map of segments

 0001:00000000 00004B8B C=CODE     S=.text    G=(none)   M=System   ACBP=A9
 0001:00004B8C 000001CC C=CODE     S=.text    G=(none)   M=SysInit  ACBP=A9
 0001:00004D58 00000078 C=CODE     S=.text    G=(none)   M=Types    ACBP=A9
 0001:00004DD0 00000BF4 C=CODE     S=.text    G=(none)   M=Windows  ACBP=A9
 0001:000059C4 00000310 C=CODE     S=.text    G=(none)   M=SysConst ACBP=A9
 0001:00005CD4 00006314 C=CODE     S=.text    G=(none)   M=SysUtils ACBP=A9
 0001:0000BFE8 00000038 C=CODE     S=.text    G=(none)   M=z3DInterface ACBP=A9
 0001:0000C020 00000038 C=CODE     S=.text    G=(none)   M=DXTypes  ACBP=A9
 0001:0000C058 00000038 C=CODE     S=.text    G=(none)   M=Direct3D9 ACBP=A9
 0001:0000C090 00000038 C=CODE     S=.text    G=(none)   M=Messages ACBP=A9
 0001:0000C0C8 00000038 C=CODE     S=.text    G=(none)   M=ActiveX  ACBP=A9
 0001:0000C100 00000038 C=CODE     S=.text    G=(none)   M=D3DX9    ACBP=A9
 0001:0000C138 000007FB C=CODE     S=.text    G=(none)   M=VarUtils ACBP=A9
 0001:0000C934 00002A42 C=CODE     S=.text    G=(none)   M=Variants ACBP=A9
 0001:0000F378 00000120 C=CODE     S=.text    G=(none)   M=RTLConsts ACBP=A9
 0001:0000F498 000007E8 C=CODE     S=.text    G=(none)   M=TypInfo  ACBP=A9
 0001:0000FC80 0000973E C=CODE     S=.text    G=(none)   M=Classes  ACBP=A9
 0001:000193C0 00000038 C=CODE     S=.text    G=(none)   M=XInput   ACBP=A9
 0001:000193F8 00000038 C=CODE     S=.text    G=(none)   M=z3DCore_Intf ACBP=A9
 0001:00019430 00000038 C=CODE     S=.text    G=(none)   M=z3DCore_Func ACBP=A9
 0001:00019468 00000290 C=CODE     S=.text    G=(none)   M=Consts   ACBP=A9
 0001:000196F8 00007283 C=CODE     S=.text    G=(none)   M=Graphics ACBP=A9
 0001:0002097C 00000048 C=CODE     S=.text    G=(none)   M=Math     ACBP=A9
 0001:000209C4 000002B8 C=CODE     S=.text    G=(none)   M=Contnrs  ACBP=A9
 0001:00020C7C 000000F4 C=CODE     S=.text    G=(none)   M=CommCtrl ACBP=A9
 0001:00020D70 00000787 C=CODE     S=.text    G=(none)   M=MultiMon ACBP=A9
 0001:000214F8 00000038 C=CODE     S=.text    G=(none)   M=Imm      ACBP=A9
 0001:00021530 00000FF8 C=CODE     S=.text    G=(none)   M=HelpIntfs ACBP=A9
 0001:00022528 00000038 C=CODE     S=.text    G=(none)   M=WinSpool ACBP=A9
 0001:00022560 00000044 C=CODE     S=.text    G=(none)   M=Printers ACBP=A9
 0001:000225A4 0000031F C=CODE     S=.text    G=(none)   M=FlatSB   ACBP=A9
 0001:000228C4 000001A4 C=CODE     S=.text    G=(none)   M=SyncObjs ACBP=A9
 0001:00022A68 000009BB C=CODE     S=.text    G=(none)   M=UxTheme  ACBP=A9
 0001:00023424 00000038 C=CODE     S=.text    G=(none)   M=RichEdit ACBP=A9
 0001:0002345C 00000038 C=CODE     S=.text    G=(none)   M=ToolWin  ACBP=A9
 0001:00023494 00000038 C=CODE     S=.text    G=(none)   M=ShellAPI ACBP=A9
 0001:000234CC 00000038 C=CODE     S=.text    G=(none)   M=RegStr   ACBP=A9
 0001:00023504 00000038 C=CODE     S=.text    G=(none)   M=WinInet  ACBP=A9
 0001:0002353C 00000038 C=CODE     S=.text    G=(none)   M=UrlMon   ACBP=A9
 0001:00023574 00000038 C=CODE     S=.text    G=(none)   M=ShlObj   ACBP=A9
 0001:000235AC 00000038 C=CODE     S=.text    G=(none)   M=CommDlg  ACBP=A9
 0001:000235E4 00000038 C=CODE     S=.text    G=(none)   M=Dlgs     ACBP=A9
 0001:0002361C 0000066D C=CODE     S=.text    G=(none)   M=Dialogs  ACBP=A9
 0001:00023C8C 00000652 C=CODE     S=.text    G=(none)   M=ExtCtrls ACBP=A9
 0001:000242E0 00000038 C=CODE     S=.text    G=(none)   M=ComStrs  ACBP=A9
 0001:00024318 00000094 C=CODE     S=.text    G=(none)   M=Clipbrd  ACBP=A9
 0001:000243AC 00000038 C=CODE     S=.text    G=(none)   M=StrUtils ACBP=A9
 0001:000243E4 000000F5 C=CODE     S=.text    G=(none)   M=Buttons  ACBP=A9
 0001:000244DC 00000038 C=CODE     S=.text    G=(none)   M=ExtDlgs  ACBP=A9
 0001:00024514 00000068 C=CODE     S=.text    G=(none)   M=IniFiles ACBP=A9
 0001:0002457C 00000068 C=CODE     S=.text    G=(none)   M=Registry ACBP=A9
 0001:000245E4 0000006C C=CODE     S=.text    G=(none)   M=Mapi     ACBP=A9
 0001:00024650 00000058 C=CODE     S=.text    G=(none)   M=ExtActns ACBP=A9
 0001:000246A8 00000038 C=CODE     S=.text    G=(none)   M=ListActns ACBP=A9
 0001:000246E0 00000180 C=CODE     S=.text    G=(none)   M=ComCtrls ACBP=A9
 0001:00024860 00000A0C C=CODE     S=.text    G=(none)   M=Themes   ACBP=A9
 0001:0002526C 00000038 C=CODE     S=.text    G=(none)   M=StdCtrls ACBP=A9
 0001:000252A4 00000168 C=CODE     S=.text    G=(none)   M=StdActns ACBP=A9
 0001:0002540C 00000D1F C=CODE     S=.text    G=(none)   M=WinHelpViewer ACBP=A9
 0001:0002612C 00010467 C=CODE     S=.text    G=(none)   M=Controls ACBP=A9
 0001:00036594 00001292 C=CODE     S=.text    G=(none)   M=ActnList ACBP=A9
 0001:00037828 000016E4 C=CODE     S=.text    G=(none)   M=ImgList  ACBP=A9
 0001:00038F0C 00006639 C=CODE     S=.text    G=(none)   M=Menus    ACBP=A9
 0001:0003F548 0000C25C C=CODE     S=.text    G=(none)   M=Forms    ACBP=A9
 0001:0004B7A4 00000038 C=CODE     S=.text    G=(none)   M=z3DMath_Intf ACBP=A9
 0001:0004B7DC 00000038 C=CODE     S=.text    G=(none)   M=MMSystem ACBP=A9
 0001:0004B814 00000038 C=CODE     S=.text    G=(none)   M=MPlayer  ACBP=A9
 0001:0004B84C 00000038 C=CODE     S=.text    G=(none)   M=DirectSound ACBP=A9
 0001:0004B884 00000038 C=CODE     S=.text    G=(none)   M=z3DAudio_Intf ACBP=A9
 0001:0004B8BC 00000038 C=CODE     S=.text    G=(none)   M=z3DGUI_Intf ACBP=A9
 0001:0004B8F4 00000038 C=CODE     S=.text    G=(none)   M=z3DEngine_Intf ACBP=A9
 0001:0004B92C 00000038 C=CODE     S=.text    G=(none)   M=z3DEngine_Func ACBP=A9
 0001:0004B964 00000038 C=CODE     S=.text    G=(none)   M=z3DClasses ACBP=A9
 0001:0004B99C 00000038 C=CODE     S=.text    G=(none)   M=z3DComponents_Intf ACBP=A9
 0001:0004B9D4 0000029D C=CODE     S=.text    G=(none)   M=z3DComponents ACBP=A9
 0002:00000000 0000009C C=DATA     S=.data    G=DGROUP   M=System   ACBP=A9
 0002:0000009C 00000030 C=DATA     S=.data    G=DGROUP   M=SysInit  ACBP=A9
 0002:000000CC 00000250 C=DATA     S=.data    G=DGROUP   M=SysUtils ACBP=A9
 0002:0000031C 00000008 C=DATA     S=.data    G=DGROUP   M=VarUtils ACBP=A9
 0002:00000324 0000008E C=DATA     S=.data    G=DGROUP   M=Variants ACBP=A9
 0002:000003B4 0000000C C=DATA     S=.data    G=DGROUP   M=TypInfo  ACBP=A9
 0002:000003C0 00000064 C=DATA     S=.data    G=DGROUP   M=Classes  ACBP=A9
 0002:00000424 00000304 C=DATA     S=.data    G=DGROUP   M=Graphics ACBP=A9
 0002:00000728 00000004 C=DATA     S=.data    G=DGROUP   M=Printers ACBP=A9
 0002:0000072C 00000074 C=DATA     S=.data    G=DGROUP   M=Dialogs  ACBP=A9
 0002:000007A0 00000178 C=DATA     S=.data    G=DGROUP   M=ExtCtrls ACBP=A9
 0002:00000918 0000002C C=DATA     S=.data    G=DGROUP   M=Buttons  ACBP=A9
 0002:00000944 00000008 C=DATA     S=.data    G=DGROUP   M=IniFiles ACBP=A9
 0002:0000094C 00000008 C=DATA     S=.data    G=DGROUP   M=Registry ACBP=A9
 0002:00000954 00000008 C=DATA     S=.data    G=DGROUP   M=Mapi     ACBP=A9
 0002:0000095C 00000018 C=DATA     S=.data    G=DGROUP   M=ComCtrls ACBP=A9
 0002:00000974 00000068 C=DATA     S=.data    G=DGROUP   M=Themes   ACBP=A9
 0002:000009DC 0000013C C=DATA     S=.data    G=DGROUP   M=Controls ACBP=A9
 0002:00000B18 00000020 C=DATA     S=.data    G=DGROUP   M=ImgList  ACBP=A9
 0002:00000B38 000000EC C=DATA     S=.data    G=DGROUP   M=Menus    ACBP=A9
 0002:00000C24 0000011C C=DATA     S=.data    G=DGROUP   M=Forms    ACBP=A9
 0002:00002000 0000065C C=BSS      S=.bss     G=DGROUP   M=System   ACBP=A9
 0002:0000265C 00000014 C=BSS      S=.bss     G=DGROUP   M=SysInit  ACBP=A9
 0002:00002670 00000004 C=BSS      S=.bss     G=DGROUP   M=Types    ACBP=A9
 0002:00002674 00000004 C=BSS      S=.bss     G=DGROUP   M=Windows  ACBP=A9
 0002:00002678 00000004 C=BSS      S=.bss     G=DGROUP   M=SysConst ACBP=A9
 0002:0000267C 00000120 C=BSS      S=.bss     G=DGROUP   M=SysUtils ACBP=A9
 0002:0000279C 00000004 C=BSS      S=.bss     G=DGROUP   M=z3DInterface ACBP=A9
 0002:000027A0 00000004 C=BSS      S=.bss     G=DGROUP   M=DXTypes  ACBP=A9
 0002:000027A4 00000004 C=BSS      S=.bss     G=DGROUP   M=Direct3D9 ACBP=A9
 0002:000027A8 00000004 C=BSS      S=.bss     G=DGROUP   M=Messages ACBP=A9
 0002:000027AC 00000004 C=BSS      S=.bss     G=DGROUP   M=ActiveX  ACBP=A9
 0002:000027B0 00000004 C=BSS      S=.bss     G=DGROUP   M=D3DX9    ACBP=A9
 0002:000027B4 0000005C C=BSS      S=.bss     G=DGROUP   M=VarUtils ACBP=A9
 0002:00002810 00000040 C=BSS      S=.bss     G=DGROUP   M=Variants ACBP=A9
 0002:00002850 00000004 C=BSS      S=.bss     G=DGROUP   M=RTLConsts ACBP=A9
 0002:00002854 00000004 C=BSS      S=.bss     G=DGROUP   M=TypInfo  ACBP=A9
 0002:00002858 00000040 C=BSS      S=.bss     G=DGROUP   M=Classes  ACBP=A9
 0002:00002898 00000004 C=BSS      S=.bss     G=DGROUP   M=XInput   ACBP=A9
 0002:0000289C 00000004 C=BSS      S=.bss     G=DGROUP   M=z3DCore_Intf ACBP=A9
 0002:000028A0 00000004 C=BSS      S=.bss     G=DGROUP   M=z3DCore_Func ACBP=A9
 0002:000028A4 00000004 C=BSS      S=.bss     G=DGROUP   M=Consts   ACBP=A9
 0002:000028A8 00000060 C=BSS      S=.bss     G=DGROUP   M=Graphics ACBP=A9
 0002:00002908 00000004 C=BSS      S=.bss     G=DGROUP   M=Math     ACBP=A9
 0002:0000290C 00000004 C=BSS      S=.bss     G=DGROUP   M=Contnrs  ACBP=A9
 0002:00002910 00000004 C=BSS      S=.bss     G=DGROUP   M=CommCtrl ACBP=A9
 0002:00002914 00000031 C=BSS      S=.bss     G=DGROUP   M=MultiMon ACBP=A9
 0002:00002948 00000004 C=BSS      S=.bss     G=DGROUP   M=Imm      ACBP=A9
 0002:0000294C 00000008 C=BSS      S=.bss     G=DGROUP   M=HelpIntfs ACBP=A9
 0002:00002954 00000004 C=BSS      S=.bss     G=DGROUP   M=WinSpool ACBP=A9
 0002:00002958 00000004 C=BSS      S=.bss     G=DGROUP   M=Printers ACBP=A9
 0002:0000295C 00000034 C=BSS      S=.bss     G=DGROUP   M=FlatSB   ACBP=A9
 0002:00002990 00000004 C=BSS      S=.bss     G=DGROUP   M=SyncObjs ACBP=A9
 0002:00002994 000000CC C=BSS      S=.bss     G=DGROUP   M=UxTheme  ACBP=A9
 0002:00002A60 00000004 C=BSS      S=.bss     G=DGROUP   M=RichEdit ACBP=A9
 0002:00002A64 00000004 C=BSS      S=.bss     G=DGROUP   M=ToolWin  ACBP=A9
 0002:00002A68 00000004 C=BSS      S=.bss     G=DGROUP   M=ShellAPI ACBP=A9
 0002:00002A6C 00000004 C=BSS      S=.bss     G=DGROUP   M=RegStr   ACBP=A9
 0002:00002A70 00000004 C=BSS      S=.bss     G=DGROUP   M=WinInet  ACBP=A9
 0002:00002A74 00000004 C=BSS      S=.bss     G=DGROUP   M=UrlMon   ACBP=A9
 0002:00002A78 00000004 C=BSS      S=.bss     G=DGROUP   M=ShlObj   ACBP=A9
 0002:00002A7C 00000004 C=BSS      S=.bss     G=DGROUP   M=CommDlg  ACBP=A9
 0002:00002A80 00000004 C=BSS      S=.bss     G=DGROUP   M=Dlgs     ACBP=A9
 0002:00002A84 0000000C C=BSS      S=.bss     G=DGROUP   M=Dialogs  ACBP=A9
 0002:00002A90 00000004 C=BSS      S=.bss     G=DGROUP   M=ExtCtrls ACBP=A9
 0002:00002A94 00000004 C=BSS      S=.bss     G=DGROUP   M=ComStrs  ACBP=A9
 0002:00002A98 0000000C C=BSS      S=.bss     G=DGROUP   M=Clipbrd  ACBP=A9
 0002:00002AA4 00000004 C=BSS      S=.bss     G=DGROUP   M=StrUtils ACBP=A9
 0002:00002AA8 00000030 C=BSS      S=.bss     G=DGROUP   M=Buttons  ACBP=A9
 0002:00002AD8 00000004 C=BSS      S=.bss     G=DGROUP   M=ExtDlgs  ACBP=A9
 0002:00002ADC 00000004 C=BSS      S=.bss     G=DGROUP   M=IniFiles ACBP=A9
 0002:00002AE0 00000004 C=BSS      S=.bss     G=DGROUP   M=Registry ACBP=A9
 0002:00002AE4 00000004 C=BSS      S=.bss     G=DGROUP   M=Mapi     ACBP=A9
 0002:00002AE8 00000009 C=BSS      S=.bss     G=DGROUP   M=ExtActns ACBP=A9
 0002:00002AF4 00000004 C=BSS      S=.bss     G=DGROUP   M=ListActns ACBP=A9
 0002:00002AF8 00000010 C=BSS      S=.bss     G=DGROUP   M=ComCtrls ACBP=A9
 0002:00002B08 00000008 C=BSS      S=.bss     G=DGROUP   M=Themes   ACBP=A9
 0002:00002B10 00000004 C=BSS      S=.bss     G=DGROUP   M=StdCtrls ACBP=A9
 0002:00002B14 00000004 C=BSS      S=.bss     G=DGROUP   M=StdActns ACBP=A9
 0002:00002B18 00000014 C=BSS      S=.bss     G=DGROUP   M=WinHelpViewer ACBP=A9
 0002:00002B2C 00000080 C=BSS      S=.bss     G=DGROUP   M=Controls ACBP=A9
 0002:00002BAC 00000004 C=BSS      S=.bss     G=DGROUP   M=ActnList ACBP=A9
 0002:00002BB0 0000000C C=BSS      S=.bss     G=DGROUP   M=ImgList  ACBP=A9
 0002:00002BBC 00000010 C=BSS      S=.bss     G=DGROUP   M=Menus    ACBP=A9
 0002:00002BCC 00000020 C=BSS      S=.bss     G=DGROUP   M=Forms    ACBP=A9
 0002:00002BEC 00000004 C=BSS      S=.bss     G=DGROUP   M=z3DMath_Intf ACBP=A9
 0002:00002BF0 00000004 C=BSS      S=.bss     G=DGROUP   M=MMSystem ACBP=A9
 0002:00002BF4 00000004 C=BSS      S=.bss     G=DGROUP   M=MPlayer  ACBP=A9
 0002:00002BF8 00000004 C=BSS      S=.bss     G=DGROUP   M=DirectSound ACBP=A9
 0002:00002BFC 00000004 C=BSS      S=.bss     G=DGROUP   M=z3DAudio_Intf ACBP=A9
 0002:00002C00 00000004 C=BSS      S=.bss     G=DGROUP   M=z3DGUI_Intf ACBP=A9
 0002:00002C04 00000004 C=BSS      S=.bss     G=DGROUP   M=z3DEngine_Intf ACBP=A9
 0002:00002C08 00000004 C=BSS      S=.bss     G=DGROUP   M=z3DEngine_Func ACBP=A9
 0002:00002C0C 00000004 C=BSS      S=.bss     G=DGROUP   M=z3DClasses ACBP=A9
 0002:00002C10 00000004 C=BSS      S=.bss     G=DGROUP   M=z3DComponents_Intf ACBP=A9


  Address         Publics by Name

 0002:00002A78       .1
 0002:00002A74       .1
 0002:00002A70       .1
 0002:00002A6C       .1
 0002:00002A68       .1
 0002:00002A7C       .1
 0002:00002A60       .1
 0002:00002A50       .1
 0002:00002850       .1
 0002:00002BF8       .1
 0002:00002678       .1
 0002:00002C10       .1
 0002:00002AE4       .1
 0002:00002BEC       .1
 0002:000028A4       .1
 0002:000028A0       .1
 0002:0000297C       .1
 0002:000027A0       .1
 0002:00002C08       .1
 0002:000027A8       .1
 0002:00002C04       .1
 0002:00002C00       .1
 0002:00002AA4       .1
 0002:00002BFC       .1
 0002:00002670       .1
 0002:00002A94       .1
 0002:00002898       .1
 0002:00002B20       .1
 0002:00002A80       .1
 0002:00002668       .1
 0002:00002948       .1
 0002:00002934       .1
 0002:00002910       .1
 0002:00002A84       .11
 0002:000028AC       .12
 0002:00002A90       .12
 0002:00002A9C       .2
 0002:0000279C       .2
 0002:0000294C       .2
 0002:00002908       .2
 0002:00002B08       .2
 0002:0000290C       .21
 0002:00002BB0       .3
 0002:00002958       .3
 0002:00002674       .3
 0002:000027AC       .3
 0002:00002AD8       .3
 0002:00002BF4       .3
 0002:00002C0C       .3
 0002:00002954       .3
 0002:0000278C       .35
 0002:00002AF8       .36
 0002:00002A64       .4
 0002:00002AA8       .4
 0002:00002BD4       .41
 0002:00002B10       .42
 0002:00002864       .45
 0002:0000280C       .5
 0002:000025B4       .5
 0002:00002AE0       .5
 0002:0000289C       .6
 0002:00002854       .6
 0002:00002990       .6
 0002:000027B0       .6
 0002:000027A4       .61
 0002:00002BF0       .7
 0002:00002AE8       .72
 0002:00002B34       .72
 0002:00002B14       .73
 0002:00002ADC       .8
 0002:00002BAC       .8
 0002:00002AF4       .8
 0002:00002830       .81
 0002:00002BC4       .9
 0001:0000191C       @AbstractError
 0001:0000243C       @AfterConstruction
 0001:00002288       @AsClass
 0001:00001A84       @AStrCmp
 0001:0000244C       @BeforeDestruction
 0001:000022D4       @CallDynaInst
 0001:000023E4       @ClassCreate
 0001:00002434       @ClassDestroy
 0001:0000198C       @Close
 0001:00001854       @Copy
 0001:00003B40       @CopyArray
 0001:00003A24       @CopyRecord
 0001:00003C34       @DispCallByIDError
 0001:0000D3D4       @DispInvokeError
 0001:000028C8       @DoneExcept
 0001:00003E64       @DynArrayAsg
 0001:00003E28       @DynArrayClear
 0001:00003C68       @DynArrayHigh
 0001:00003C60       @DynArrayLength
 0001:00003E1C       @DynArraySetLength
 0001:000029B0       @ExceptionHandler
 0001:00001AF4       @FillChar
 0001:00003A00       @Finalize
 0001:00003914       @FinalizeArray
 0001:000038C8       @FinalizeRecord
 0001:00002014       @FpuInit
 0001:00001F50       @FpuMaskInit
 0001:000016DC       @FreeMem
 0001:000016BC       @GetMem
 0001:00004C8C       @GetTls
 0001:00002E80       @Halt
 0001:00002DA8       @Halt0
 0001:00002560       @HandleAnyException
 0001:00002814       @HandleFinally
 0001:0000268C       @HandleOnException
 0001:00003834       @InitializeArray
 0001:00003804       @InitializeRecord
 0001:00002C6C       @InitImports
 0001:00004CD8       @InitLib
 0001:00002C44       @InitResStringImports
 0001:00002C20       @InitResStrings
 0001:00004548       @IntfAddRef
 0001:00004518       @IntfCast
 0001:000044D4       @IntfClear
 0001:000044EC       @IntfCopy
 0001:00002264       @IsClass
 0001:00001F20       @isNECWindows
 0001:00003348       @LStrAddRef
 0001:00002EBC       @LStrArrayClr
 0001:00002EEC       @LStrAsg
 0001:00003160       @LStrCat
 0001:000031A4       @LStrCat3
 0001:00003218       @LStrCatN
 0001:00002E98       @LStrClr
 0001:000032A4       @LStrCmp
 0001:000033B8       @LStrCopy
 0001:000033F8       @LStrDelete
 0001:00003108       @LStrFromArray
 0001:00003080       @LStrFromChar
 0001:00003090       @LStrFromPChar
 0001:00002F88       @LStrFromPCharLen
 0001:000030C0       @LStrFromPWChar
 0001:00002FF4       @LStrFromPWCharLen
 0001:000030FC       @LStrFromString
 0001:00003120       @LStrFromWStr
 0001:00003440       @LStrInsert
 0001:00002F30       @LStrLAsg
 0001:00003158       @LStrLen
 0001:0000349C       @LStrPos
 0001:000034E4       @LStrSetLength
 0001:00003358       @LStrToPChar
 0001:00003134       @LStrToString
 0001:00002F5C       @NewAnsiString
 0001:00003550       @NewWideString
 0001:00001C34       @Pow10
 0001:00001A00       @PStrCmp
 0001:000019E4       @PStrNCpy
 0001:00002874       @RaiseAgain
 0001:0000284C       @RaiseExcept
 0001:000016FC       @ReallocMem
 0001:00001910       @ROUND
 0001:00002E8C       @RunError
 0001:00001C18       @SetEq
 0001:00002B58       @StartLib
 0001:0000029C       @strlen
 0001:000028F8       @TryFinallyExit
 0001:000033B0       @UniqueStringA
 0001:00001B14       @ValLong
 0001:0000EACC       @VarAddRef
 0001:0000D6C0       @VarClear
 0001:0000D6D4       @VarClr
 0001:000038FC       @VarClr
 0001:0000D9E8       @VarCopy
 0001:00003A0C       @VarCopy
 0001:0000EA04       @VarFromBool
 0001:0000EA54       @VarFromCurr
 0001:0000E99C       @VarFromInt
 0001:0000E9D8       @VarFromInt64
 0001:0000EA68       @VarFromLStr
 0001:0000EA2C       @VarFromReal
 0001:0000EA40       @VarFromTDateTime
 0001:0000EA94       @VarFromWStr
 0001:0000D428       @VarNull
 0001:0000DD14       @VarToLStr
 0001:0000E43C       @VarToWStr
 0001:00003590       @WStrArrayClr
 0001:000035B4       @WStrAsg
 0001:00003578       @WStrClr
 0001:000036F0       @WStrCmp
 0001:00003774       @WStrCopy
 0001:000036C4       @WStrFromLStr
 0001:000035D8       @WStrFromPCharLen
 0001:00003688       @WStrFromPWChar
 0001:00003664       @WStrFromPWCharLen
 0001:000036E4       @WStrLen
 0001:000037C0       @WStrSetLength
 0001:000036D4       @WStrToPWChar
 0001:00001BF4       @_CLenToPasStr
 0001:00001BE8       @_CToPasStr
 0001:00001824       @_IOTest
 0001:00003C3C       @_llmul
 0001:00028950       AbsMin
 0001:0000A44C       AbstractErrorHandler
 0002:00002028       AbstractErrorProc
 0002:0000014C       AccessMode
 0001:0000178C       AcquireExceptionObject
 0001:00011F90       ActivateClassGroup
 0001:0000526C       ActivateKeyboardLayout
 0002:00002B68       ActiveDrag
 0001:0000C0F8       ActiveX
 0001:000377FC       ActnList
 0001:000003C8       AddBlockAfter
 0002:000003C0       AddDataModule
 0001:00015050       AddFinished
 0001:0003AB40       AddIn
 0001:00004368       AddModuleUnloadProc
 0001:00004378       AddModuleUnloadProc
 0001:00015088       AddNotFinished
 0001:00015AAC       AddSubComponentsToLoaded
 0001:0001CD20       AdjustColor
 0001:00041B28       Adjustment
 0001:00005274       AdjustWindowRectEx
 0002:00000BFC       Alignments
 0002:00000C0C       Alignments
 0001:0002DEF4       AlignWork
 0001:00048A20       AlignWork
 0001:000191A0       AllocateHWnd
 0001:000068B0       AllocMem
 0002:000025AC       AllocMemCount
 0002:000025B0       AllocMemSize
 0001:00020774       AllocPatternBitmap
 0001:00004BBC       AllocTlsBuffer
 0002:000009E8       AnchorAlign
 0002:000009DC       AnimateWindowProc
 0002:00000AE4       AnimationStyle
 0001:00006A10       AnsiCompareStr
 0001:00006A48       AnsiCompareText
 0001:00007038       AnsiLastChar
 0001:0000527C       AnsiLower
 0001:0000AD4C       AnsiPos
 0001:0003F354       AnsiSameCaption
 0001:00006A80       AnsiSameText
 0001:00006A98       AnsiStrLIComp
 0001:0000AD84       AnsiStrPos
 0001:0000AE24       AnsiStrRScan
 0001:0000AE4C       AnsiStrScan
 0001:00004948       AnsiToUtf8
 0001:00008440       AppendChars
 0001:00008804       AppendFormat
 0001:000084A4       AppendNumber
 0001:00008484       AppendString
 0002:00002BCC       Application
 0002:000003D0       ApplicationHandleException
 0002:000003D8       ApplicationShowException
 0002:00000D38       AppVisible
 0001:0000A430       AssertErrorHandler
 0002:00002020       AssertErrorProc
 0001:0000F748       AssignLongStr
 0001:0000FAEC       AssignVariant
 0002:00002604       avail
 0001:0000712C       BackfillGetDiskFreeSpaceEx
 0001:0002B4A8       BackgroundClipped
 0001:0000C3C8       BackupVarBoolFromStr
 0001:0000C528       BackupVarBStrFromBool
 0001:0000C448       BackupVarBStrFromCy
 0001:0000C4B8       BackupVarBStrFromDate
 0001:0000C35C       BackupVarCyFromStr
 0001:0000C2F0       BackupVarDateFromStr
 0001:0000C1AC       BackupVarI4FromStr
 0001:0000C158       BackupVariantChangeTypeEx
 0001:0000C218       BackupVarR4FromStr
 0001:0000C284       BackupVarR8FromStr
 0001:000122E8       BeginGlobalLoading
 0001:00005284       BeginPaint
 0001:0001CD2C       BetterSize
 0001:0003B9B4       BiDiDraw
 0001:000050BC       BitBlt
 0002:00000918       BitBtnCaptions
 0002:00002AAC       BitBtnGlyphs
 0002:000006DC       BitmapCanvasList
 0002:000028C4       BitmapImageLock
 0001:0000C194       BiUnimplemented
 0002:000003F8       BlockCode
 0002:000025DC       blockDescBlockList
 0002:000025E0       blockDescFreeList
 0002:000003B4       BooleanIdents
 0002:00000330       BooleanToStringRule
 0001:00006ED0       BoolToStr
 0001:0000DA9C       BoolToWStrViaOS
 0001:00004D7C       Bounds
 0001:000112A8       Bounds
 0002:00000BA4       Breaks
 0002:000028FC       BrushManager
 0001:0003E168       BuildImage
 0002:00000774       ButtonCaptions
 0002:00000748       ButtonNames
 0001:000244B4       Buttons
 0002:00000C20       Buttons
 0001:0001C50C       BytesPerScanline
 0001:0001C864       ByteSwapColors
 0001:0000AB00       ByteToCharIndex
 0001:0000AAD8       ByteToCharLen
 0001:0000AA9C       ByteType
 0001:0000AA24       ByteTypeTest
 0002:00002BB4       CachedComCtrlVer
 0001:000190DC       CalcJmpOffset
 0001:00035884       CalcSplitterPos
 0001:0000528C       CallNextHookEx
 0001:0000B518       CallTerminateProcs
 0001:00005294       CallWindowProc
 0001:00029988       CancelDrag
 0002:00002B7C       CanvasList
 0002:00002900       CanvasList
 0002:00000734       Captions
 0002:00000AA0       CaptureControl
 0002:00000B44       cBooleanToItemAutoFlag
 0002:00002A9A       CF_COMPONENT
 0002:00002A98       CF_PICTURE
 0002:00002828       ChangeAnyProc
 0001:00002FB8       CharFromWChar
 0001:0000ACD4       CharLength
 0001:0000021C       CharNext
 0001:0000529C       CharNext
 0001:0001AE90       CharsetToIdent
 0001:0000ABE8       CharToByteIndex
 0001:0000AC4C       CharToByteLen
 0001:000052A4       CharToOemA
 0001:0001D2DC       CheckBool
 0001:000024DC       CheckJmp
 0001:000052AC       CheckMenuItem
 0002:00000B94       Checks
 0001:00015AE8       CheckSubComponents
 0001:00017EB4       CheckSynchronize
 0001:00041564       CheckTaskWindow
 0001:0002963C       CheckUndock
 0001:0000A918       CheckWin32Version
 0002:00000334       CInvalidCustomVariantType
 0002:00000B48       cItemAutoFlagToBoolean
 0002:00000B40       cItemAutoFlagToMenu
 0001:0001932C       Classes
 0001:00011D54       ClassNotFound
 0002:00002824       ClearAnyProc
 0001:0001A720       ClearColor
 0001:0000EE08       ClearVariantTypeList
 0001:000052B4       ClientToScreen
 0001:00032E6C       ClientToWindow
 0002:000006D4       ClipboardFormats
 0001:00024354       Clipbrd
 0001:00004EB4       CloseHandle
 0002:00002998       CloseThemeData
 0002:0000203C       CmdLine
 0002:00002038       CmdShow
 0002:00000B3C       cMenuAutoFlagToItem
 0001:0000C1A0       CmpUnimplemented
 0002:00000454       Colors
 0001:0001AC88       ColorToIdent
 0002:000007A0       ColorToPretyName
 0001:0001AC78       ColorToRGB
 0002:00002B04       ComCtlVersion
 0001:00024858       ComCtrls
 0002:00002BC8       CommandPool
 0001:00020D68       CommCtrl
 0001:000235DC       CommDlg
 0001:000006A8       Commit
 0002:00002620       committedRoot
 0001:0003A124       CompareFront
 0001:00006978       CompareMem
 0001:00006948       CompareStr
 0001:00004EBC       CompareString
 0001:00006998       CompareText
 0001:00006DF8       CompareWith
 0001:00015BC8       ComponentCreated
 0001:00024310       ComStrs
 0001:000196F0       Consts
 0001:00020C74       Contnrs
 0002:00002B3A       ControlAtom
 0002:00002B40       ControlAtomString
 0001:000462F0       ControlHasHelp
 0001:00036504       Controls
 0001:00009E8C       ConvertAddr
 0001:00008594       ConvertEraString
 0001:0000688C       ConvertErrorFmt
 0001:000086FC       ConvertYearString
 0001:00003C70       CopyArray
 0001:0001DDB4       CopyBitmap
 0001:0001E47C       CopyBitmapAsMask
 0001:0001E418       CopyPalette
 0002:00000978       Copyright
 0001:0003D214       CopyToBest
 0001:0000AB58       CountChars
 0002:000028DC       CounterLock
 0002:00000338       CRangeToType
 0001:0000A374       CreateAssertException
 0001:0000A4FC       CreateAVObject
 0001:000050C4       CreateBitmap
 0001:000050CC       CreateBrushIndirect
 0001:000050D4       CreateCompatibleBitmap
 0001:000050DC       CreateCompatibleDC
 0001:00015C48       CreateComponent
 0001:000050EC       CreateDIBitmap
 0001:000050E4       CreateDIBSection
 0001:00004EC4       CreateEvent
 0001:00004ECC       CreateFile
 0001:000050F4       CreateFontIndirect
 0001:000050FC       CreateHalftonePalette
 0001:000052BC       CreateIcon
 0001:0000A2A0       CreateInOutError
 0001:000052C4       CreateMenu
 0001:00005104       CreatePalette
 0001:0000510C       CreatePenIndirect
 0001:000052CC       CreatePopupMenu
 0001:00005114       CreateSolidBrush
 0001:0001C8BC       CreateSystemPalette
 0001:00004ED4       CreateThread
 0001:0000583C       CreateWindow
 0001:000057E4       CreateWindowEx
 0002:000009E0       CreationControl
 0002:0000072C       CreationControl
 0002:000003A0       CRelationshipToBoolean
 0002:0000031C       CResult
 0002:00000144       cSimpleBoolStrs
 0002:0000034C       CText
 0002:00000ADC       Ctl3DStyles
 0002:00002618       curAlloc
 0002:00002684       CurrencyDecimals
 0002:00002680       CurrencyFormat
 0002:0000267C       CurrencyString
 0001:0000842C       CurrentYear
 0001:00007FC4       CurrToStr
 0001:0000DA2C       CurrToWStrViaOS
 0002:00000CBC       CursorMap
 0002:000009F0       Cursors
 0001:00028228       CursorToIdent
 0002:00000CAC       cUseAlpha
 0002:00000CB4       cUseColorKey
 0001:00006B6C       CvtInt
 0001:00006BD8       CvtInt64
 0002:00000184       CWNear
 0001:0000C130       D3DX9
 0002:00002685       DateSeparator
 0001:00009014       DateTimeToStr
 0001:00008FB8       DateTimeToString
 0001:00008084       DateTimeToTimeStamp
 0001:0000DA64       DateToWStrViaOS
 0001:00008404       DayOfWeek
 0002:00000180       DCon10
 0002:00000450       DDBsOnly
 0001:00019254       DeallocateHWnd
 0002:00000028       DebugHook
 0002:00002683       DecimalSeparator
 0001:000083E4       DecodeDate
 0001:00008298       DecodeDateFully
 0001:00008138       DecodeTime
 0001:0000073C       Decommit
 0001:00000D58       DecommitFree
 0002:000025F4       decommittedRoot
 0001:00043F78       Default
 0001:00049648       Default
 0002:00000020       Default8087CW
 0002:000009E4       DefaultDockTreeClass
 0002:000025B8       DefaultUserCodePage
 0002:000006A4       DefBrushData
 0002:00000424       DefFontData
 0001:000052D4       DefFrameProc
 0002:00000210       DefLongDayNames
 0002:000001C4       DefLongMonthNames
 0001:000052DC       DefMDIChildProc
 0002:00000684       DefPenData
 0002:000001F4       DefShortDayNames
 0002:00000194       DefShortMonthNames
 0001:000052E4       DefWindowProc
 0001:00003EBC       DelayLoadResourceModule
 0001:000003F8       DeleteBlock
 0001:00004EDC       DeleteCriticalSection
 0001:00000368       DeleteCriticalSection
 0001:0000511C       DeleteDC
 0001:00000BA0       DeleteFree
 0001:000052EC       DeleteMenu
 0001:00005124       DeleteObject
 0001:0001D970       DeselectBitmap
 0001:000052F4       DestroyCursor
 0001:000052FC       DestroyIcon
 0001:000243E4       DestroyLocals
 0001:00005304       DestroyMenu
 0001:0000530C       DestroyWindow
 0001:00025DE0       DialogEnumerationTester
 0001:00023C4C       Dialogs
 0002:000006E0       DIBPalSizes
 0002:0000008C       dig
 0001:0000C088       Direct3D9
 0001:0004B87C       DirectSound
 0001:000413B8       DisableTaskWindows
 0001:00005314       DispatchMessage
 0001:000475D0       DispatchShortCut
 0002:00002000       DispCallByIDProc
 0001:00006870       DivMod
 0001:00023614       Dlgs
 0002:00002664       DllProc
 0001:0002DD84       DoAlign
 0001:000488D4       DoAlign
 0001:00031D28       DoCalcConstraints
 0002:00002B70       DockSiteList
 0001:0003DE34       DoClick
 0001:0002F45C       DoControlMsg
 0001:00041368       DoDisableWindow
 0001:00028F68       DoDragOver
 0001:00033B58       DoFindControlZone
 0001:000414A4       DoFindWindow
 0001:000340E4       DoFindZone
 0001:00033BDC       DoForEach
 0001:000354E8       DoGetNextLimit
 0001:00041330       DoneApplication
 0001:00036248       DoneControls
 0001:0000A828       DoneExceptions
 0001:0004594C       DoNestedActivation
 0001:00017E74       DoneThreadSynchronization
 0001:00048724       DoPosition
 0001:0002D944       DoPosition
 0001:00034B10       DoPrune
 0001:00034FE8       DoSaveZone
 0001:000351EC       DoSetNewBounds
 0002:000003BC       DotSep
 0001:00038784       DoWrite
 0001:0001D534       DoWrite
 0001:0001311C       DoWrite
 0001:0002EA44       DoWriteDesignSize
 0001:0002C59C       DoWriteIsControl
 0002:00002B54       DragCapture
 0002:00002B48       DragControl
 0001:000296B0       DragDone
 0001:00028F18       DragFindTarget
 0001:00028EEC       DragFindWindow
 0002:00002B6C       DragImageList
 0001:00029308       DragInit
 0001:00029478       DragInitControl
 0002:00002B50       DragInternalObject
 0001:00028E34       DragMessage
 0002:00002B4C       DragObject
 0002:00002B78       DragSave
 0002:00002B60       DragSaveCursor
 0002:00002B58       DragStartPos
 0002:00002B64       DragThreshold
 0001:00029038       DragTo
 0001:00049684       DrawAppIcon
 0001:0003467C       DrawCloseButton
 0001:0000531C       DrawEdge
 0001:00005324       DrawFrameControl
 0001:000346D4       DrawGrabberLine
 0001:0000532C       DrawIcon
 0001:00005334       DrawIconEx
 0002:00000B18       DrawingStyles
 0001:0000533C       DrawMenuBar
 0001:0003F174       DrawMenuItem
 0001:00005344       DrawText
 0002:0000299C       DrawThemeBackground
 0002:000029C0       DrawThemeEdge
 0002:000029C4       DrawThemeIcon
 0002:00002A48       DrawThemeParentBackground
 0002:000029A0       DrawThemeText
 0001:0001C38C       DupBits
 0001:0000C050       DXTypes
 0001:00003C88       DynArrayClear
 0001:00003C90       DynArraySetLength
 0002:00000C04       EdgeStyle
 0002:00000ACC       EdgeStyles
 0001:0000A274       EHeapException.FreeInstance
 0002:00002810       EmptyParam
 0002:000000CC       EmptyStr
 0002:000000D0       EmptyWideStr
 0001:0000534C       EnableMenuItem
 0002:00000B9C       Enables
 0001:00005354       EnableScrollBar
 0001:0004146C       EnableTaskWindows
 0002:00002A30       EnableThemeDialogTexture
 0002:00002A4C       EnableTheming
 0001:0000535C       EnableWindow
 0001:00012370       EndGlobalLoading
 0001:00005364       EndPaint
 0001:00000358       EnterCriticalSection
 0001:00004EE4       EnterCriticalSection
 0001:00004EEC       EnumCalendarInfoA
 0002:00002930       EnumDisplayMonitors
 0001:00009B00       EnumEraNames
 0001:00009B3C       EnumEraYearOffsets
 0001:0004453C       EnumMonitorsProc
 0001:0000536C       EnumThreadWindows
 0001:000153F8       EnumValue
 0001:00005374       EnumWindows
 0001:0000537C       EqualRect
 0002:0000274C       EraNames
 0001:0000928C       EraToYear
 0002:00002768       EraYearOffsets
 0002:00000064       errCaption
 0001:00039E74       Error
 0001:000118F8       Error
 0001:00014BDC       Error
 0001:00001818       Error
 0002:00000004       ErrorAddr
 0001:000017CC       ErrorAt
 0001:0000A320       ErrorHandler
 0002:0000022C       ErrorMap
 0002:00002008       ErrorProc
 0002:000023E0       ErrOutput
 0001:0000176C       ExceptAddr
 0002:0000200C       ExceptClsProc
 0001:0000A794       ExceptHandler
 0001:0000A0E8       Exception.Create
 0001:0000A124       Exception.CreateFmt
 0001:0000A1A4       Exception.CreateRes
 0001:0000A1E0       Exception.CreateResFmt
 0002:0000201C       ExceptionClass
 0001:00009E98       ExceptionErrorMessage
 0002:00000264       ExceptMap
 0001:0000174C       ExceptObject
 0002:00002010       ExceptObjProc
 0002:00002004       ExceptProc
 0001:0000512C       ExcludeClipRect
 0002:00000000       ExitCode
 0001:00002CEC       ExitDll
 0002:00002040       ExitProc
 0001:00000224       ExitProcess
 0002:00002024       ExitProcessProc
 0001:00004C68       ExitProcessTLS
 0001:00004C40       ExitThreadTLS
 0001:000070F0       ExpandFileName
 0001:000246A0       ExtActns
 0001:000242B0       ExtCtrls
 0001:0002450C       ExtDlgs
 0001:000070B8       ExtractFileName
 0002:00002788       FalseBoolStrs
 0002:00002AA0       FClipboard
 0002:00000174       FCon1E18
 0001:00007030       FileClose
 0001:00006F98       FileCreate
 0001:00006F74       FileCreate
 0002:000006D8       FileFormats
 0002:00000008       FileMode
 0001:00006F1C       FileOpen
 0001:00006FA0       FileRead
 0002:000003E8       FilerSignature
 0001:00006FF8       FileSeek
 0001:00006FCC       FileWrite
 0001:00000C88       FillAfterGap
 0001:00000C34       FillBeforeGap
 0001:00000D20       FillerSizeAfterGap
 0001:00000CB0       FillerSizeBeforeGap
 0001:00005384       FillRect
 0001:000235E4       Finalization
 0001:000235AC       Finalization
 0001:00023574       Finalization
 0001:0004B814       Finalization
 0001:0002353C       Finalization
 0001:00023BF0       Finalization
 0001:0004B7DC       Finalization
 0001:00023504       Finalization
 0001:000234CC       Finalization
 0001:00023494       Finalization
 0001:00024268       Finalization
 0001:000242E0       Finalization
 0001:00024318       Finalization
 0001:000243AC       Finalization
 0001:0002345C       Finalization
 0001:00023424       Finalization
 0001:0002447C       Finalization
 0001:0004B7A4       Finalization
 0001:000233B4       Finalization
 0001:000244DC       Finalization
 0001:0004B84C       Finalization
 0001:0002452C       Finalization
 0001:0004B884       Finalization
 0001:00024594       Finalization
 0001:00005C9C       Finalization
 0001:0004B8BC       Finalization
 0001:0000598C       Finalization
 0001:000245F8       Finalization
 0001:00024650       Finalization
 0001:000246A8       Finalization
 0001:00022A30       Finalization
 0001:00022884       Finalization
 0001:000247E0       Finalization
 0001:0004B8F4       Finalization
 0001:00022560       Finalization
 0001:00025220       Finalization
 0001:0004B92C       Finalization
 0001:0004B964       Finalization
 0001:0004B99C       Finalization
 0001:0002526C       Finalization
 0001:000253D4       Finalization
 0001:00022528       Finalization
 0001:00026058       Finalization
 0001:000224E0       Finalization
 0001:000214F8       Finalization
 0001:000214B8       Finalization
 0001:00020D38       Finalization
 0001:00020C44       Finalization
 0001:0002098C       Finalization
 0001:000207AC       Finalization
 0001:000196C0       Finalization
 0001:00019430       Finalization
 0001:000193F8       Finalization
 0001:000193C0       Finalization
 0001:0001927C       Finalization
 0001:0003649C       Finalization
 0001:000377CC       Finalization
 0001:0000FC28       Finalization
 0001:0000F460       Finalization
 0001:00038ED4       Finalization
 0001:0000F254       Finalization
 0001:00004A64       Finalization
 0001:0000C8F4       Finalization
 0001:0000BDE8       Finalization
 0001:0000BFE8       Finalization
 0001:0004B704       Finalization
 0001:0000C020       Finalization
 0001:0004B9D4       Finalization
 0001:0000C058       Finalization
 0001:0000C090       Finalization
 0001:0003F450       Finalization
 0001:00004D20       Finalization
 0001:0000C0C8       Finalization
 0001:0000C100       Finalization
 0001:00004D98       Finalization
 0001:00003C80       FinalizeArray
 0001:00002A98       FinalizeUnits
 0001:0003DBF4       Find
 0001:00003F2C       FindBS
 0001:00011E14       FindClass
 0001:00003EB4       FindClassHInstance
 0001:00000234       FindClose
 0001:00000C04       FindCommitted
 0001:00028008       FindControl
 0001:00034310       FindControlAtPos
 0001:0000F164       FindCustomVariantType
 0001:0000F0AC       FindCustomVariantType
 0001:000299D4       FindDragTarget
 0001:00015DF8       FindExistingComponent
 0001:0000023C       FindFirstFile
 0001:00012200       FindGlobalComponent
 0001:000415B0       FindGlobalComponent
 0002:00002870       FindGlobalComponentProcs
 0001:00003E8C       FindHInstance
 0001:000120A8       FindIdentToInt
 0002:00002A8C       FindMsg
 0001:00014F88       FindNestedComponent
 0001:00039E3C       FindPopupControl
 0001:0000C5BC       FindProc
 0001:00004EF4       FindResource
 0001:00003F04       FindResourceHInstance
 0001:0004AF58       FindScanline
 0001:00041508       FindTopMostWindow
 0001:00016CDC       FindUniqueName
 0001:000299A0       FindVCLWindow
 0001:0000538C       FindWindow
 0001:00025E38       FindWinHelp
 0001:0001DD68       FixupBitFields
 0002:00000C14       Flags
 0002:00002798       FLanguages
 0001:000228B4       FlatSB
 0002:0000295C       FlatSB_EnableScrollBar
 0002:00002968       FlatSB_GetScrollInfo
 0002:0000296C       FlatSB_GetScrollPos
 0002:00002964       FlatSB_GetScrollRange
 0002:00002974       FlatSB_SetScrollInfo
 0002:00002970       FlatSB_SetScrollPos
 0001:000225A4       FlatSB_SetScrollProp
 0002:00002978       FlatSB_SetScrollRange
 0002:00002960       FlatSB_ShowScrollBar
 0001:00007C54       FloatToDecimal
 0001:00007F94       FloatToStr
 0001:00007980       FloatToText
 0001:00001980       Flush
 0002:00000188       FMSecsPerDay
 0001:0000787C       FmtStr
 0002:00000C30       FocusCount
 0002:00000C2C       FocusMessages
 0002:000005F4       FontCharsets
 0002:000028F4       FontManager
 0001:00041584       ForegroundTask
 0001:00007868       Format
 0002:00000190       Format
 0001:00007470       FormatBuf
 0001:00007464       FormatClearStr
 0001:000073E8       FormatError
 0002:0000016C       FormatErrorStrs
 0001:00004EFC       FormatMessage
 0001:00007440       FormatVarToStr
 0001:0004B760       Forms
 0001:00001C2C       FPower10
 0002:00000728       FPrinter
 0001:00005394       FrameRect
 0001:0000B9C8       FreeAndNil
 0001:00000970       FreeCommitted
 0001:00000E90       FreeCurAlloc
 0001:00029A94       FreeDeviceContext
 0001:00029B50       FreeDeviceContexts
 0001:00019048       FreeIntConstList
 0001:00004F04       FreeLibrary
 0001:00000244       FreeLibrary
 0001:0001D8C4       FreeMemoryContexts
 0001:0001917C       FreeObjectInstance
 0001:00004F14       FreeResource
 0001:000005F0       FreeSpace
 0001:0000B534       FreeTerminateProcs
 0001:00022A68       FreeThemeLibrary
 0002:00002B00       FRichEditModule
 0001:0001C37C       GDICheck
 0001:0001C2D4       GDIError
 0001:00001908       Get8087CW
 0001:00004F1C       GetACP
 0001:0000539C       GetActiveWindow
 0001:00048DB0       GetAnimation
 0001:00005134       GetBitmapBits
 0001:00000370       GetBlockDesc
 0001:0000513C       GetBrushOrgEx
 0001:000053A4       GetCapture
 0001:000282D0       GetCaptureControl
 0001:00011DC0       GetClass
 0001:000053AC       GetClassInfo
 0001:000053B4       GetClassName
 0001:000053BC       GetClientRect
 0001:00005144       GetClipBox
 0001:0000030C       GetCmdShow
 0001:0003799C       GetColor
 0001:00024780       GetComCtlVersion
 0001:0000024C       GetCommandLine
 0001:000007BC       GetCommitted
 0001:0000084C       GetCommittedAt
 0001:0002F010       GetControlAtPos
 0001:000084F0       GetCount
 0001:00004F24       GetCPInfo
 0001:0000514C       GetCurrentPositionEx
 0001:00004F2C       GetCurrentProcessId
 0002:00002A40       GetCurrentThemeName
 0001:000002FC       GetCurrentThreadId
 0001:00004F34       GetCurrentThreadId
 0001:00005750       GetCurrentTime
 0001:000053C4       GetCursor
 0001:0004AF68       GetCursorHeightMargin
 0001:000053CC       GetCursorPos
 0001:0000851C       GetDate
 0001:00004F3C       GetDateFormat
 0001:000091A4       GetDateOrder
 0001:000053D4       GetDC
 0001:000053DC       GetDCEx
 0001:00005154       GetDCOrgEx
 0001:000203BC       GetDefFontCharSet
 0001:000053E4       GetDesktopWindow
 0001:0000516C       GetDeviceCaps
 0001:0001D2C4       GetDIB
 0001:0000515C       GetDIBColorTable
 0001:00005164       GetDIBits
 0001:0001D20C       GetDIBSizes
 0001:0001C4EC       GetDInColors
 0001:00004F44       GetDiskFreeSpaceA
 0002:00000140       GetDiskFreeSpaceEx
 0001:000355C8       GetDockAlign
 0001:00028C78       GetDockSiteAtPos
 0001:00028FA4       GetDropCtl
 0001:000022A4       GetDynaMethod
 0001:0000F4D0       GetEnumNameValue
 0001:0000F51C       GetEnumValue
 0001:00009BB4       GetEraNamesAndYearOffsets
 0001:00009238       GetEraYearOffset
 0001:0000A4E4       GetExceptionClass
 0001:0000A6C8       GetExceptionObject
 0001:00011D48       GetFieldClassTable
 0001:0000A938       GetFileVersion
 0001:000050A4       GetFileVersionInfo
 0001:000050AC       GetFileVersionInfoSize
 0001:000053EC       GetFocus
 0001:0001AEB0       GetFontData
 0001:000053F4       GetForegroundWindow
 0001:0000B0EC       GetFormatSettings
 0001:00004F4C       GetFullPathName
 0001:0001A41C       GetHashCode
 0001:00046328       GetHelpInfo
 0001:00021978       GetHelpSystem
 0001:00048B94       GetHint
 0001:00048BCC       GetHintControl
 0001:0003F2F0       GetHotkey
 0001:000053FC       GetIconInfo
 0001:00005414       GetKeyboardLayout
 0001:0000541C       GetKeyboardLayoutList
 0001:00005424       GetKeyboardState
 0001:00001F18       GetKeyboardType
 0001:00005404       GetKeyNameText
 0001:0000540C       GetKeyState
 0001:0000542C       GetLastActivePopup
 0001:00033890       GetLastChildZone
 0001:00004F54       GetLastError
 0001:00009978       GetLocaleChar
 0001:00004F64       GetLocaleInfo
 0001:00000254       GetLocaleInfo
 0001:0000992C       GetLocaleStr
 0001:00004F5C       GetLocalTime
 0001:0002828C       GetLongHint
 0001:00005434       GetMenu
 0001:000462B0       GetMenuHelpContext
 0001:0000543C       GetMenuItemCount
 0001:00005444       GetMenuItemID
 0001:0000544C       GetMenuItemInfo
 0001:0003C440       GetMenuSize
 0001:00005454       GetMenuState
 0001:0000545C       GetMenuString
 0001:00004F6C       GetModuleFileName
 0001:0000025C       GetModuleFileName
 0001:00004F74       GetModuleHandle
 0001:00000264       GetModuleHandle
 0002:00002924       GetMonitorInfo
 0002:00002928       GetMonitorInfoA
 0002:0000292C       GetMonitorInfoW
 0001:000099DC       GetMonthDayNames
 0001:00005464       GetNextWindow
 0001:00005174       GetObject
 0001:0000F5F0       GetOrdProp
 0001:0000517C       GetPaletteEntries
 0001:0000546C       GetParent
 0001:0004177C       GetParentForm
 0001:00005184       GetPixel
 0001:0000026C       GetProcAddress
 0001:00004F7C       GetProcAddress
 0001:00005474       GetProp
 0001:0000F580       GetPropInfo
 0001:00041C3C       GetRealScrollPosition
 0001:0003797C       GetRGBColor
 0001:0000547C       GetScrollInfo
 0001:00005484       GetScrollPos
 0001:0000548C       GetScrollRange
 0001:00028248       GetShortHint
 0001:00000514       GetSpace
 0001:00000578       GetSpaceAt
 0001:00039ECC       GetSpecialName
 0001:00000274       GetStartupInfo
 0001:000001F4       GetStdHandle
 0001:00004F84       GetStdHandle
 0001:0000518C       GetStockObject
 0001:00004F8C       GetStringTypeEx
 0001:00005494       GetSubMenu
 0001:0000549C       GetSysColor
 0001:000054A4       GetSysColorBrush
 0001:00004F94       GetSystemInfo
 0001:000054AC       GetSystemMenu
 0002:00002914       GetSystemMetrics
 0001:000054B4       GetSystemMetrics
 0001:00005194       GetSystemPaletteEntries
 0001:0000519C       GetTextExtentPoint32
 0001:000051A4       GetTextMetrics
 0002:00002A38       GetThemeAppProperties
 0002:000029A4       GetThemeBackgroundContentRect
 0002:000029A8       GetThemeBackgroundExtent
 0002:000029B8       GetThemeBackgroundRegion
 0002:000029DC       GetThemeBool
 0002:000029D0       GetThemeColor
 0002:00002A44       GetThemeDocumentationProperty
 0002:000029E4       GetThemeEnumValue
 0002:00002A04       GetThemeFilename
 0002:000029EC       GetThemeFont
 0002:000029E0       GetThemeInt
 0002:000029F8       GetThemeIntList
 0002:000029F4       GetThemeMargins
 0002:000029D4       GetThemeMetric
 0002:000029AC       GetThemePartSize
 0002:000029E8       GetThemePosition
 0002:000029FC       GetThemePropertyOrigin
 0002:000029F0       GetThemeRect
 0002:000029D8       GetThemeString
 0002:00002A10       GetThemeSysBool
 0002:00002A08       GetThemeSysColor
 0002:00002A0C       GetThemeSysColorBrush
 0002:00002A18       GetThemeSysFont
 0002:00002A20       GetThemeSysInt
 0002:00002A14       GetThemeSysSize
 0002:00002A1C       GetThemeSysString
 0002:000029B0       GetThemeTextExtent
 0002:000029B4       GetThemeTextMetrics
 0001:0000027C       GetThreadLocale
 0001:00004F9C       GetThreadLocale
 0001:00004FA4       GetTickCount
 0001:00008554       GetTime
 0001:00004BC8       GetTlsSize
 0001:00049360       GetTopMostWindows
 0001:000283D8       GetTopParent
 0001:000054BC       GetTopWindow
 0001:0000F4C4       GetTypeData
 0001:00004FAC       GetVersion
 0001:00000304       GetVersion
 0001:00004FB4       GetVersionEx
 0001:000054C4       GetWindow
 0001:000054CC       GetWindowDC
 0001:000054D4       GetWindowLong
 0001:000051AC       GetWindowOrgEx
 0001:000054DC       GetWindowPlacement
 0001:000054E4       GetWindowRect
 0001:000054EC       GetWindowText
 0002:00002A2C       GetWindowTheme
 0001:000054F4       GetWindowThreadProcessId
 0001:000054FC       GetWindowThreadProcessId
 0001:00004FBC       GlobalAddAtom
 0001:00004FC4       GlobalAlloc
 0001:0000575C       GlobalAllocPtr
 0001:00004FCC       GlobalDeleteAtom
 0001:00004FD4       GlobalFindAtom
 0002:00002874       GlobalFixupList
 0001:000150D0       GlobalFixupReferences
 0001:00004FDC       GlobalFree
 0001:00005788       GlobalFreePtr
 0001:00004FEC       GlobalHandle
 0001:00004FE4       GlobalLock
 0002:00002858       GlobalNameSpace
 0001:00004FF4       GlobalReAlloc
 0001:0000576C       GlobalReAllocPtr
 0001:00004FFC       GlobalUnlock
 0001:00020880       Graphics
 0001:00011F3C       GroupDescendentsWith
 0001:00046530       HandleEdge
 0001:00016534       HandleException
 0002:00000024       HeapAllocFlags
 0002:000025C0       heapErrorCode
 0002:000025C4       heapLock
 0001:00022520       HelpIntfs
 0002:00002950       HelpManager
 0002:00002A88       HelpMsg
 0002:00002B24       HelpViewer
 0002:00002B28       HelpViewerIntf
 0002:0000013C       HexDisplayPrefix
 0001:00035644       HideZone
 0002:00002660       HInstance
 0002:00002BE0       HintDoneEvent
 0001:00048C9C       HintGetMsgHook
 0002:00002BE4       HintHook
 0001:00048C40       HintMouseThread
 0002:00002BE8       HintThread
 0002:00002BDC       HintThreadID
 0001:00048BEC       HintTimerProc
 0002:00000C24       HintWindowClass
 0002:000029BC       HitTestThemeBackground
 0001:00048CE0       HookHintHooks
 0001:00005894       HwndMSWheel
 0002:00000BB8       IBreaks
 0002:00000BC4       IChecks
 0002:00000BCC       IDefaults
 0001:0001AEA0       IdentToCharset
 0001:0001AC98       IdentToColor
 0001:00028238       IdentToCursor
 0001:00012124       IdentToInt
 0002:00000BD4       IEnables
 0001:0003D1E4       IfHotkeyAvailable
 0002:00002BB8       ImageListWriteExProc
 0001:00020C94       ImageList_Add
 0001:00020CB4       ImageList_AddIcon
 0001:00020CD8       ImageList_BeginDrag
 0001:00020C7C       ImageList_Create
 0001:00020C84       ImageList_Destroy
 0001:00020CE8       ImageList_DragEnter
 0001:00020CF0       ImageList_DragLeave
 0001:00020CF8       ImageList_DragMove
 0001:00020D08       ImageList_DragShowNolock
 0001:00020CC0       ImageList_Draw
 0001:00020CC8       ImageList_DrawEx
 0001:00020CE0       ImageList_EndDrag
 0001:00020CAC       ImageList_GetBkColor
 0001:00020D10       ImageList_GetDragImage
 0001:00020D28       ImageList_GetIconSize
 0001:00020C8C       ImageList_GetImageCount
 0001:00020D18       ImageList_Read
 0001:00020CD0       ImageList_Remove
 0001:00020C9C       ImageList_ReplaceIcon
 0001:00020CA4       ImageList_SetBkColor
 0001:00020D00       ImageList_SetDragCursorImage
 0001:00020D30       ImageList_SetIconSize
 0001:00020D20       ImageList_Write
 0002:00000B28       Images
 0001:00038F04       ImgList
 0001:00021528       Imm
 0002:00000B0C       IMM32DLL
 0001:00036234       Imm32IsIME
 0002:0000018C       IMSecsPerDay
 0001:0000D6DC       InBounds
 0001:0000D43C       InBounds
 0001:0000D46C       Increment
 0001:0000D70C       Increment
 0001:00005504       InflateRect
 0001:00024574       IniFiles
 0001:000009FC       InitAllocator
 0001:00020D70       InitAnApi
 0002:0000293C       InitApis
 0001:000123CC       InitComponent
 0002:00002630       InitContext
 0001:000362D0       InitControls
 0001:00020400       InitDefFontData
 0001:0000B554       InitDriveSpacePtr
 0001:0000A7A4       InitExceptions
 0001:00022600       InitFlatSB
 0001:00023A9C       InitGlobals
 0001:0001D0C4       InitializeBitmapInfoHeader
 0001:00005004       InitializeCriticalSection
 0001:00000350       InitializeCriticalSection
 0002:000025BC       initialized
 0001:000225D8       InitializeFlatSB
 0001:00004CCC       InitializeModule
 0001:0000C5E8       InitializeVarUtils
 0001:00035ED4       InitIMM32
 0001:00012474       InitInheritedComponent
 0001:0000AF00       InitLeadBytes
 0001:0002144C       InitMultiMonStubs
 0001:0000A8A8       InitPlatformId
 0001:00004C14       InitProcessTLS
 0001:0004B678       InitProcs
 0001:00020384       InitScreenLogPixels
 0001:0000AF78       InitSysLocale
 0001:00022C28       InitThemeLibrary
 0001:00017E40       InitThreadSynchronization
 0001:00004BD0       InitThreadTLS
 0001:00002AF8       InitUnits
 0001:00027F1C       InitWndProc
 0002:00000AAC       InnerStyles
 0002:00002048       Input
 0001:000486C4       InsertBefore
 0001:0002D8B8       InsertBefore
 0001:00000E08       InsertFree
 0001:0003D298       InsertHotkeyFarEastFormat
 0001:0000550C       InsertMenu
 0001:00005514       InsertMenuItem
 0002:00002890       InstBlockList
 0002:00002894       InstFreeList
 0002:00002868       IntConstList
 0001:0000B5BC       InterlockedDecrement
 0001:000002F4       InterlockedDecrement
 0001:00004F0C       InterlockedExchange
 0001:0000B5C8       InterlockedExchange
 0001:0000B5D0       InterlockedExchangeAdd
 0001:000002EC       InterlockedIncrement
 0001:0000B5B0       InterlockedIncrement
 0001:0001A3A8       InternalDeletePalette
 0001:00001938       InternalFlush
 0001:00000C64       InternalFreeMem
 0001:0001D214       InternalGetDIB
 0001:0001D1A8       InternalGetDIBSizes
 0001:00012264       InternalReadComponentRes
 0002:00002B0C       InternalServices
 0001:00003364       InternalUniqueString
 0001:000051B4       IntersectClipRect
 0001:0000551C       IntersectRect
 0001:00006CCC       IntToHex
 0001:00012164       IntToIdent
 0001:00006CA4       IntToStr
 0001:00006BB8       IntToStr
 0001:00005524       InvalidateRect
 0001:0001C268       InvalidBitmap
 0001:0001C250       InvalidGraphic
 0001:0001C274       InvalidIcon
 0001:0001C238       InvalidOperation
 0001:000112D0       InvalidPoint
 0002:00002794       InvalidPointer
 0001:0000215C       InvokeImplGetter
 0001:00001898       IOResult
 0002:00000BF4       IOwnerDraw
 0002:00000BDC       IRadios
 0002:00000BEC       IRTL
 0001:0004170C       IsAccel
 0001:0003E448       IsAccelChar
 0002:00002A28       IsAppThemed
 0001:00028A30       IsBeforeTargetWindow
 0001:0000552C       IsChild
 0002:00002044       IsConsole
 0001:00028E8C       IsDelphiHandle
 0001:00005534       IsDialogMessage
 0002:00000BE4       ISeparators
 0001:0000553C       IsIconic
 0001:0003E4A4       IsInitialChar
 0001:00008194       IsLeapYear
 0002:00002034       IsLibrary
 0002:00002045       IsMultiThread
 0001:000332F4       IsOrientationSet
 0001:00005544       IsRectEmpty
 0001:00028C34       IsSiteChildOfClient
 0002:00002A24       IsThemeActive
 0002:000029CC       IsThemeBackgroundPartiallyTransparent
 0002:00002A34       IsThemeDialogTextureEnabled
 0002:000029C8       IsThemePartDefined
 0001:00012240       IsUniqueGlobalComponentName
 0002:0000285C       IsUniqueGlobalComponentNameProc
 0001:00006B08       IsValidIdent
 0001:0000AF60       IsWesternGroup
 0001:0000554C       IsWindow
 0001:00005554       IsWindowEnabled
 0001:0000555C       IsWindowVisible
 0001:00005564       IsZoomed
 0001:0003A298       Iterate
 0001:0003A2F8       IterateMenus
 0002:0000002C       JITEnable
 0001:000416C0       KeyboardStateToShiftState
 0001:00041684       KeyDataToShiftState
 0001:00041630       KeysToShiftState
 0001:0000556C       KillTimer
 0001:00007068       LastDelimiter
 0001:0000AE8C       LCIDToCodePage
 0001:000049F0       LCIDToCodePage
 0002:0000011C       LeadBytes
 0001:0000500C       LeaveCriticalSection
 0001:00000360       LeaveCriticalSection
 0002:00000034       LibModuleList
 0001:000051BC       LineTo
 0001:000246D8       ListActns
 0001:00029A1C       ListAdd
 0001:00029A44       ListRemove
 0002:0000274A       ListSeparator
 0001:00005574       LoadBitmap
 0001:0000557C       LoadCursor
 0001:00005584       LoadIcon
 0001:0000558C       LoadKeyboardLayout
 0001:00005014       LoadLibrary
 0001:00000284       LoadLibraryEx
 0001:0000501C       LoadResource
 0001:000040F8       LoadResourceModule
 0001:00004998       LoadResString
 0001:00005594       LoadString
 0001:0000028C       LoadString
 0001:00004B8C       LocalAlloc
 0001:00000330       LocalAlloc
 0001:00004B94       LocalFree
 0001:00000338       LocalFree
 0001:000099A0       LocalGetLocaleStr
 0002:00002A5C       Lock
 0001:00005024       LockResource
 0002:0000268C       LongDateFormat
 0002:00002720       LongDayNames
 0002:000026D4       LongMonthNames
 0002:000026A0       LongTimeFormat
 0001:0000690C       LowerCase
 0001:0000509C       lstrcpy
 0001:00000294       lstrcpyn
 0002:00002834       LVarTypes
 0002:00002838       LVarTypeSync
 0002:0000202C       MainInstance
 0002:00002030       MainThreadID
 0001:000003C0       MakeEmpty
 0001:00002C90       MakeErrorMessage
 0002:00000AF8       MakeLast
 0001:00005744       MakeLong
 0001:000190E4       MakeObjectInstance
 0001:0000579C       MakeROP4
 0001:000057D4       MakeWParam
 0001:0000A464       MapException
 0001:00024648       Mapi
 0002:00000954       MAPIDLL
 0002:00000958       MAPIModule
 0001:00002910       MapToRunError
 0001:0000559C       MapVirtualKey
 0001:000055A4       MapWindowPoints
 0002:00000B30       Mask
 0001:000051C4       MaskBlt
 0001:000209BC       Math
 0001:00020984       Max
 0001:00043FC4       MaximizedChildren
 0002:0000003C       MemoryManager
 0002:00000B4C       MenuKeyCaps
 0001:0003F4C0       Menus
 0001:00000410       MergeBlockAfter
 0001:00000EDC       MergeCommit
 0001:0000022C       MessageBox
 0001:000055AC       MessageBox
 0001:0000C0C0       Messages
 0001:0002097C       Min
 0001:00012AD8       Min
 0001:0002D240       MinVar
 0002:00002944       MMAvailable
 0001:0004B80C       MMSystem
 0002:00000B10       ModeMap
 0001:00045CBC       ModifySystemMenu
 0002:000000A4       Module
 0002:0000265D       ModuleIsCpp
 0002:0000265C       ModuleIsLib
 0001:000190B4       ModuleUnload
 0002:00000038       ModuleUnloadList
 0002:00002920       MonitorFromPoint
 0002:0000291C       MonitorFromRect
 0002:00002918       MonitorFromWindow
 0002:000000EC       MonthDays
 0002:00002B2C       Mouse
 0001:000018B8       Move
 0001:000051CC       MoveToEx
 0001:00029A64       MoveWindowOrg
 0001:0004B844       MPlayer
 0001:0000502C       MulDiv
 0001:000002A4       MultiByteToWideChar
 0001:0004B11C       MultiLineWidth
 0001:000214E8       MultiMon
 0002:00002681       NegCurrFormat
 0001:00000F68       NewCommit
 0001:00000F94       NewCommitAt
 0002:00002B30       NewStyleControls
 0001:0000AD10       NextCharIndex
 0001:000332D8       NextVisibleZone
 0002:000003EC       NilMethod
 0002:00000030       NoErrMsg
 0001:0003B0AC       NormalDraw
 0001:000024C8       NotifyAnyExcept
 0001:0000249C       NotifyExcept
 0001:000024FC       NotifyExceptFinally
 0001:00012340       NotifyGlobalLoading
 0001:000043F8       NotifyModuleUnload
 0001:00002478       NotifyNonDelphiException
 0001:000024B4       NotifyOnExcept
 0001:0000245C       NotifyReRaise
 0001:00002524       NotifyTerminate
 0001:00002540       NotifyUnhandled
 0001:0003DE24       NthParentOf
 0001:0000F24C       Null
 0002:00000328       NullAsStringValue
 0002:00000324       NullStrictConvert
 0001:00027FD4       ObjectFromHWnd
 0001:000055B4       OemToAnsi
 0001:000055BC       OffsetRect
 0002:00002994       OpenThemeData
 0002:00000AF0       OrientArray
 0002:00000ABC       OuterStyles
 0002:00002790       OutOfMemory
 0001:0001C280       OutOfResources
 0002:00002214       Output
 0002:0000032C       PackVarCreation
 0002:000006E8       Pal16
 0001:0001A78C       PaletteChanged
 0001:0001CA6C       PaletteFromDIBColorTable
 0001:0001CB10       PaletteToDIBColorTable
 0002:000006E4       PalSize
 0001:000336BC       ParentNotLast
 0001:000051D4       PatBlt
 0002:00002904       PatternManager
 0001:000055C4       PeekMessage
 0002:000028F8       PenManager
 0002:000006B4       PenModes
 0002:00000694       PenStyles
 0001:00011258       Point
 0001:00004D74       Point
 0001:00011690       PointerInModule
 0001:0002EA30       PointsEqual
 0001:000057BC       PointToSmallPoint
 0002:00002BBC       PopupList
 0001:000055CC       PostMessage
 0001:000055D4       PostQuitMessage
 0001:0002259C       Printers
 0001:000473D0       ProcessExecute
 0001:0004193C       ProcessHorz
 0001:000474D0       ProcessUpdate
 0001:000419A8       ProcessVert
 0001:000153CC       PropertyNotFound
 0001:00016634       PropPathError
 0002:00000C54       Props
 0001:000153C0       PropValueError
 0001:000055DC       PtInRect
 0002:000000A0       PtrToNil
 0001:0000793C       PutExponent
 0002:00002B74       QualifyingSites
 0001:0000A420       RaiseAssertException
 0001:000001FC       RaiseException
 0001:000143E0       RaiseException
 0002:00002014       RaiseExceptionProc
 0001:0000B46C       RaiseLastOSError
 0001:0003442C       ReadControlName
 0001:00017874       ReadCustomVariant
 0001:000153A8       ReadError
 0001:00005034       ReadFile
 0001:0001CDBC       ReadIcon
 0001:000051DC       RealizePalette
 0001:00015BE8       Recover
 0001:00004D58       Rect
 0001:00011280       Rect
 0001:000051E4       RectVisible
 0001:000055E4       RedrawWindow
 0002:0000282C       RefAnyProc
 0002:00002A58       ReferenceCount
 0001:00004E9C       RegCloseKey
 0001:000002AC       RegCloseKey
 0002:0000286C       RegGroups
 0001:000055EC       RegisterClass
 0001:00011E34       RegisterClass
 0001:000055F4       RegisterClipboardFormat
 0001:00028DD4       RegisterDockSite
 0001:000121A8       RegisterFindGlobalComponentProc
 0001:0001207C       RegisterIntegerConsts
 0001:00004454       RegisterModule
 0001:000218F4       RegisterViewer
 0001:000055FC       RegisterWindowMessage
 0001:000245DC       Registry
 0001:00004EA4       RegOpenKeyEx
 0001:000002B4       RegOpenKeyEx
 0001:00004EAC       RegQueryValueEx
 0001:000002BC       RegQueryValueEx
 0001:000234FC       RegStr
 0001:00005604       ReleaseCapture
 0001:0000560C       ReleaseDC
 0002:00000048       reMap
 0002:00002614       remBytes
 0001:00000480       RemoveBlock
 0002:000003C8       RemoveDataModule
 0001:00015278       RemoveFixupReferences
 0001:00015324       RemoveFixups
 0001:0001561C       RemoveGlobalFixup
 0001:00005614       RemoveMenu
 0001:00004370       RemoveModuleUnloadProc
 0001:00004398       RemoveModuleUnloadProc
 0001:0000561C       RemoveProp
 0001:0000503C       ResetEvent
 0001:00017E8C       ResetSyncEvent
 0001:0000141C       ResizeInPlace
 0001:000051EC       RestoreDC
 0001:000412DC       RestoreFocusState
 0001:00039E6C       ReturnAddr
 0001:00012604       ReturnAddr
 0001:0001327C       ReturnAddr
 0001:0001C7EC       RGBQuadToTriple
 0001:0001C7B4       RGBTripleToQuad
 0001:00023454       RichEdit
 0002:00002B44       RM_GetObjectInstance
 0002:00002BD8       RM_TaskbarCreated
 0002:00002610       rover
 0002:0000095C       RTFConversionFormat
 0001:0000F490       RTLConsts
 0001:00000204       RtlUnwind
 0002:00002018       RTLUnwindProc
 0002:0000006C       runErrMsg
 0001:000017C0       RunErrorAt
 0001:0000C59C       SafeArrayCreate
 0001:0000C5A4       SafeArrayGetLBound
 0001:0000C5AC       SafeArrayGetUBound
 0001:0000C5B4       SafeArrayPtrOfIndex
 0001:0000BA94       SafeLoadLibrary
 0001:000069EC       SameText
 0001:000051F4       SaveDC
 0001:000412D4       SaveFocusState
 0001:00009028       ScanBlanks
 0001:0000916C       ScanChar
 0001:000092E8       ScanDate
 0001:0000904C       ScanNumber
 0001:000090E0       ScanString
 0001:0000962C       ScanTime
 0001:000091F0       ScanToNumber
 0002:00002BD0       Screen
 0002:000028B0       ScreenLogPixels
 0001:00005624       ScreenToClient
 0001:00041AF4       ScrollBarVisible
 0001:0000562C       ScrollWindow
 0001:00000FC8       SearchSmallBlocks
 0001:000051FC       SelectObject
 0001:00005204       SelectPalette
 0001:00028064       SendAppMessage
 0001:00041544       SendFocusMessage
 0001:00005634       SendMessage
 0002:00000BB0       Separators
 0001:000018F8       Set8087CW
 0001:0000563C       SetActiveWindow
 0001:00048DE0       SetAnimation
 0001:0000520C       SetBkColor
 0001:00005214       SetBkMode
 0001:0000521C       SetBrushOrgEx
 0001:00005644       SetCapture
 0001:000282F8       SetCaptureControl
 0001:0000564C       SetClassLong
 0001:0000EDD8       SetClearVarToEmptyParam
 0001:00015D58       SetCompName
 0001:00005654       SetCursor
 0001:00005224       SetDIBColorTable
 0001:00005044       SetEndOfFile
 0001:0000504C       SetErrorMode
 0001:00005054       SetEvent
 0001:00002A50       SetExceptionHandler
 0001:0000505C       SetFilePointer
 0001:0000F8F4       SetFloatProp
 0001:0000565C       SetFocus
 0001:00005664       SetForegroundWindow
 0001:00036158       SetImeMode
 0001:00001844       SetInOutRes
 0001:0000FB78       SetInt64Prop
 0001:0000FBB4       SetInterfaceProp
 0001:00016914       SetInterfaceReference
 0001:00016830       SetIntIdent
 0002:00000C28       SetLayeredWindowAttributes
 0001:0000F75C       SetLongStrProp
 0001:0000566C       SetMenu
 0001:00005674       SetMenuItemInfo
 0001:0000FB40       SetMethodProp
 0001:00016878       SetObjectIdent
 0001:0000F664       SetOrdProp
 0001:0000567C       SetParent
 0001:0000522C       SetPixel
 0001:00005684       SetProp
 0001:0000568C       SetRect
 0001:00005234       SetROP2
 0001:00005694       SetScrollInfo
 0001:0000569C       SetScrollPos
 0001:000056A4       SetScrollRange
 0001:0000F6C0       SetShortStrProp
 0001:0000F714       SetShortStrPropAsLongStr
 0001:0000523C       SetStretchBltMode
 0001:0000F7F4       SetStrProp
 0001:00015B60       SetSubComponentState
 0001:00005244       SetTextColor
 0002:00002A3C       SetThemeAppProperties
 0001:00005064       SetThreadLocale
 0001:000056AC       SetTimer
 0001:0000EDC0       SetVarAsError
 0001:0000FB00       SetVariantProp
 0001:000168B8       SetVariantReference
 0001:0000524C       SetViewportOrgEx
 0001:0004AC2C       SetVisible
 0001:0000F820       SetWideStrProp
 0001:0000F79C       SetWideStrPropAsLongStr
 0001:000056B4       SetWindowLong
 0001:00005254       SetWindowOrgEx
 0001:000056BC       SetWindowPlacement
 0001:000056C4       SetWindowPos
 0001:000056CC       SetWindowsHookEx
 0002:00002A00       SetWindowTheme
 0002:00000158       ShareMode
 0001:000234C4       ShellAPI
 0002:00002AFC       ShellModule
 0001:000235A4       ShlObj
 0001:00039E94       ShortCut
 0002:00002BC0       ShortCutItems
 0001:00039F20       ShortCutToText
 0002:00002688       ShortDateFormat
 0002:00002704       ShortDayNames
 0002:000026A4       ShortMonthNames
 0002:0000269C       ShortTimeFormat
 0002:00000C88       ShowCommands
 0002:00000C94       ShowCommands
 0002:00000CA0       ShowCommands
 0001:000056D4       ShowCursor
 0001:0000A020       ShowException
 0002:00000AA4       ShowFlags
 0002:00000D3C       ShowFlags
 0001:000412E4       ShowMDIClientEdge
 0001:000056DC       ShowOwnedPopups
 0001:000056E4       ShowScrollBar
 0001:000056EC       ShowWindow
 0001:00048E08       ShowWinNoAnimate
 0001:000356C4       ShowZone
 0002:00000B04       SizeCursors
 0001:0000506C       SizeofResource
 0001:000173A8       SkipBinary
 0001:000173D8       SkipCollection
 0001:00017380       SkipList
 0001:00005074       Sleep
 0001:0000B464       Sleep
 0001:00011270       SmallPoint
 0001:000057A8       SmallPointToPoint
 0002:0000261C       smallTab
 0002:000025E4       spaceRoot
 0001:00011EF0       StartClassGroup
 0001:00025404       StdActns
 0001:0002529C       StdCtrls
 0001:000190BC       StdWndProc
 0002:000028B8       StockBrush
 0002:000028BC       StockFont
 0002:000028C0       StockIcon
 0002:000028B4       StockPen
 0001:0000738C       StrAlloc
 0001:000073A0       StrBufSize
 0001:0000AAC0       StrByteType
 0001:0000ACAC       StrCharLength
 0001:0000727C       StrComp
 0001:000071DC       StrCopy
 0001:000073D8       StrDispose
 0001:00038650       StreamsEqual
 0001:000071B8       StrEnd
 0001:0000525C       StretchBlt
 0001:000077E8       StrFmt
 0001:000072A0       StrIComp
 0001:0001427C       StringListCompareStrings
 0001:0003F25C       StripHotkey
 0001:00007204       StrLCopy
 0001:000071A0       StrLen
 0001:00007828       StrLFmt
 0001:000072E0       StrLIComp
 0001:000071CC       StrMove
 0001:000073AC       StrNew
 0001:0000ACCC       StrNextChar
 0001:00007238       StrPCopy
 0001:0000725C       StrPLCopy
 0001:00007338       StrPos
 0001:00007324       StrScan
 0001:00006CF4       StrToInt
 0001:00006D30       StrToIntDef
 0001:000243DC       StrUtils
 0002:00000C7C       Styles
 0001:0000B9D8       Supports
 0001:0000B9FC       Supports
 0002:00002860       SyncEvent
 0002:000003F4       SyncList
 0001:00022A60       SyncObjs
 0001:000002D4       SysAllocStringLen
 0001:00005CCC       SysConst
 0002:00000C44       SysConsts
 0002:00000C4C       SysConsts
 0001:000098E0       SysErrorMessage
 0001:00001278       SysFreeMem
 0001:000002E4       SysFreeString
 0001:000010E8       SysGetMem
 0001:00004D50       SysInit
 0002:0000273C       SysLocale
 0001:000015F8       SysReallocMem
 0001:000002DC       SysReAllocStringLen
 0001:00004AB8       System
 0002:000028A8       SystemPalette16
 0001:0001C9D4       SystemPaletteOverride
 0001:000056F4       SystemParametersInfo
 0001:0000BF68       SysUtils
 0001:00036FEC       TActionLink.IsCaptionLinked
 0001:00037000       TActionLink.IsCheckedLinked
 0001:00037014       TActionLink.IsEnabledLinked
 0001:00037028       TActionLink.IsGroupIndexLinked
 0001:0003703C       TActionLink.IsHelpContextLinked
 0001:00037050       TActionLink.IsHelpLinked
 0001:00037064       TActionLink.IsHintLinked
 0001:00037078       TActionLink.IsImageIndexLinked
 0001:0003708C       TActionLink.IsShortCutLinked
 0001:000370A0       TActionLink.IsVisibleLinked
 0001:000370B4       TActionLink.SetAutoCheck
 0001:000370B8       TActionLink.SetCaption
 0001:000370BC       TActionLink.SetChecked
 0001:000370C0       TActionLink.SetEnabled
 0001:000370C4       TActionLink.SetGroupIndex
 0001:000370C8       TActionLink.SetHelpContext
 0001:000370CC       TActionLink.SetHelpKeyword
 0001:000370D0       TActionLink.SetHelpType
 0001:000370D4       TActionLink.SetHint
 0001:000370D8       TActionLink.SetImageIndex
 0001:000370DC       TActionLink.SetShortCut
 0001:000370E0       TActionLink.SetVisible
 0001:0004B1C8       TApplication.ActivateHint
 0001:00049FA0       TApplication.BringToFront
 0001:0004AF30       TApplication.CancelHint
 0001:00049584       TApplication.CheckIniChange
 0001:00049300       TApplication.ControlDestroyed
 0001:00048E48       TApplication.Create
 0001:00049150       TApplication.CreateHandle
 0001:00049034       TApplication.Destroy
 0001:0004B598       TApplication.DispatchAction
 0001:0004A8FC       TApplication.DoActionIdle
 0001:0004A960       TApplication.DoMouseIdle
 0001:000493D0       TApplication.DoNormalizeTopMosts
 0001:0004B628       TApplication.ExecuteAction
 0001:0004B55C       TApplication.GetCurrentHelpFile
 0001:00049DD4       TApplication.GetIconHandle
 0001:00049FDC       TApplication.GetTitle
 0001:0004A39C       TApplication.HandleException
 0001:0004A28C       TApplication.HandleMessage
 0001:0004A8A4       TApplication.HelpCommand
 0001:0004A83C       TApplication.HelpContext
 0001:0004A7D4       TApplication.HelpKeyword
 0001:0004AEEC       TApplication.HideHint
 0001:0004ADA4       TApplication.HintMouseMessage
 0001:0004AEB4       TApplication.HintTimerExpired
 0001:0004A2B0       TApplication.HookMainWindow
 0001:0004B6D4       TApplication.HookSynchronizeWakeup
 0001:0004AB34       TApplication.IconChanged
 0001:0004A9D8       TApplication.Idle
 0001:0004A66C       TApplication.InvokeHelp
 0001:0004A028       TApplication.IsDlgMsg
 0001:0004A154       TApplication.IsHintMsg
 0001:0004A09C       TApplication.IsKeyMsg
 0001:0004A04C       TApplication.IsMDIMsg
 0001:0004A188       TApplication.IsShortCut
 0001:0004A42C       TApplication.MessageBox
 0001:00049DF0       TApplication.Minimize
 0001:000494AC       TApplication.ModalFinished
 0001:00049480       TApplication.ModalStarted
 0001:000494E0       TApplication.NormalizeAllTopMosts
 0001:000494D8       TApplication.NormalizeTopMosts
 0001:0004AAF8       TApplication.NotifyForms
 0001:0004A1F4       TApplication.ProcessMessage
 0001:00049EA0       TApplication.Restore
 0001:000494E8       TApplication.RestoreTopMosts
 0001:0004AB98       TApplication.SetHint
 0001:0004A8AC       TApplication.SetShowHint
 0001:000495DC       TApplication.SettingChange
 0001:0004A594       TApplication.ShowException
 0001:0004AD38       TApplication.StartHintTimer
 0001:0004AD7C       TApplication.StopHintTimer
 0001:0004A388       TApplication.Terminate
 0001:0004A30C       TApplication.UnhookMainWindow
 0001:0004B6E4       TApplication.UnhookSynchronizeWakeup
 0001:0004B650       TApplication.UpdateAction
 0001:0004AC88       TApplication.UpdateVisible
 0001:0004956C       TApplication.UseRightToLeftAlignment
 0001:00049554       TApplication.UseRightToLeftReading
 0001:0004AD10       TApplication.ValidateHelpSystem
 0001:0004B6C4       TApplication.WakeMainThread
 0001:000496D0       TApplication.WndProc
 0002:00000C34       TaskActiveWindow
 0002:00000C3C       TaskFirstTopMost
 0002:00000C38       TaskFirstWindow
 0002:00000C40       TaskWindowList
 0001:00028748       TBaseDragControlObject.Assign
 0001:00028724       TBaseDragControlObject.Create
 0001:00028774       TBaseDragControlObject.EndDrag
 0001:000287A0       TBaseDragControlObject.Finished
 0001:00018AC0       TBasicAction.Change
 0001:0001895C       TBasicAction.Create
 0001:000189A0       TBasicAction.Destroy
 0001:00018A2C       TBasicAction.Execute
 0001:000189FC       TBasicAction.ExecuteTarget
 0001:000189F8       TBasicAction.HandlesTarget
 0001:00018A00       TBasicAction.Notification
 0001:00018AD4       TBasicAction.RegisterChanges
 0001:00018B20       TBasicAction.SetActionComponent
 0001:00018A64       TBasicAction.SetOnExecute
 0001:00018AE0       TBasicAction.UnRegisterChanges
 0001:00018A48       TBasicAction.Update
 0001:00018A28       TBasicAction.UpdateTarget
 0001:000188AC       TBasicActionLink.AssignClient
 0001:000188E4       TBasicActionLink.Change
 0001:00018868       TBasicActionLink.Create
 0001:000188B0       TBasicActionLink.Destroy
 0001:000188FC       TBasicActionLink.Execute
 0001:00018944       TBasicActionLink.IsOnExecuteLinked
 0001:00018918       TBasicActionLink.SetAction
 0001:00018948       TBasicActionLink.SetOnExecute
 0001:00018950       TBasicActionLink.Update
 0001:0001E72C       TBitmap.Assign
 0001:0001E900       TBitmap.Changed
 0001:0001E8DC       TBitmap.Changing
 0001:0001E81C       TBitmap.CopyImage
 0001:0001E688       TBitmap.Create
 0001:0001E6F0       TBitmap.Destroy
 0001:0001ED8C       TBitmap.DIBNeeded
 0001:0001E90C       TBitmap.Dormant
 0001:0001E980       TBitmap.Draw
 0001:0001EE00       TBitmap.FreeContext
 0001:0001EBD0       TBitmap.FreeImage
 0001:0001EC50       TBitmap.GetCanvas
 0001:0001EC34       TBitmap.GetEmpty
 0001:0001EC98       TBitmap.GetHandle
 0001:0001ECBC       TBitmap.GetHandleType
 0001:0001ECE8       TBitmap.GetHeight
 0001:0001ECF8       TBitmap.GetMaskHandle
 0001:0001ED0C       TBitmap.GetMonochrome
 0001:0001ED28       TBitmap.GetPalette
 0001:0001ED3C       TBitmap.GetTransparentColor
 0001:0001ED84       TBitmap.GetWidth
 0001:0001EE10       TBitmap.HandleNeeded
 0001:0001EFC8       TBitmap.LoadFromClipboardFormat
 0001:0001F04C       TBitmap.LoadFromStream
 0001:0001EEB0       TBitmap.MaskHandleNeeded
 0001:0001F070       TBitmap.NewImage
 0001:0001EF10       TBitmap.PaletteNeeded
 0001:0001F170       TBitmap.ReadData
 0001:0001F198       TBitmap.ReadDIB
 0001:0001F700       TBitmap.ReadStream
 0001:0001FE30       TBitmap.SaveToClipboardFormat
 0001:0001FE28       TBitmap.SaveToStream
 0001:0001F770       TBitmap.SetHandle
 0001:0001F834       TBitmap.SetHandleType
 0001:0001F96C       TBitmap.SetHeight
 0001:0001F9C0       TBitmap.SetMonochrome
 0001:0001FA40       TBitmap.SetPalette
 0001:0001FB14       TBitmap.SetWidth
 0001:0001FB68       TBitmap.WriteData
 0001:0001FB70       TBitmap.WriteStream
 0001:0001D9EC       TBitmapCanvas.Create
 0001:0001DAF4       TBitmapCanvas.CreateHandle
 0001:0001DA28       TBitmapCanvas.Destroy
 0001:0001DA54       TBitmapCanvas.FreeContext
 0001:0001DC04       TBitmapImage.Destroy
 0001:0001DC60       TBitmapImage.FreeHandle
 0001:00012A90       TBits.Destroy
 0001:00012AC0       TBits.Error
 0001:00012BB4       TBits.OpenBit
 0001:00012B88       TBits.SetBit
 0001:00012AE4       TBits.SetSize
 0001:0001B7C4       TBrush.Assign
 0001:0001B75C       TBrush.Create
 0001:0001B79C       TBrush.Destroy
 0001:0001B8FC       TBrush.GetColor
 0001:0001B86C       TBrush.GetData
 0001:0001B938       TBrush.GetHandle
 0001:0001BA18       TBrush.GetStyle
 0001:0001B8D8       TBrush.SetBitmap
 0001:0001B904       TBrush.SetColor
 0001:0001B888       TBrush.SetData
 0001:0001BA20       TBrush.SetStyle
 0001:0001C218       TCanvas.BrushChanged
 0001:0001C0EC       TCanvas.Changed
 0001:0001C0D8       TCanvas.Changing
 0001:0001BB74       TCanvas.CopyRect
 0001:0001BA54       TCanvas.Create
 0001:0001C15C       TCanvas.CreateBrush
 0001:0001C100       TCanvas.CreateFont
 0001:0001C00C       TCanvas.CreateHandle
 0001:0001C12C       TCanvas.CreatePen
 0001:0001BFB0       TCanvas.DeselectHandles
 0001:0001BB18       TCanvas.Destroy
 0001:0001BBFC       TCanvas.Draw
 0001:0001BCA8       TCanvas.FillRect
 0001:0001C1D8       TCanvas.FontChanged
 0001:0001BF90       TCanvas.GetHandle
 0001:0001BED8       TCanvas.GetPenPos
 0001:0001BF1C       TCanvas.GetPixel
 0001:0001BCE4       TCanvas.LineTo
 0001:0001BD1C       TCanvas.Lock
 0001:0001BD44       TCanvas.MoveTo
 0001:0001C1F8       TCanvas.PenChanged
 0001:0001C064       TCanvas.RequiredState
 0001:0001BECC       TCanvas.SetBrush
 0001:0001BEB0       TCanvas.SetFont
 0001:0001C010       TCanvas.SetHandle
 0001:0001BEC0       TCanvas.SetPen
 0001:0001BEFC       TCanvas.SetPenPos
 0001:0001BF48       TCanvas.SetPixel
 0001:0001BD70       TCanvas.StretchDraw
 0001:0001BDAC       TCanvas.TextExtent
 0001:0001BE0C       TCanvas.TextHeight
 0001:0001BDF0       TCanvas.TextWidth
 0001:0001BE2C       TCanvas.TryLock
 0001:0001BE88       TCanvas.Unlock
 0001:00038EBC       TChangeLink.Change
 0001:00038E88       TChangeLink.Destroy
 0001:00011B64       TClassFinder.Create
 0001:00011C90       TClassFinder.Destroy
 0001:00011CC0       TClassFinder.GetClass
 0001:00012EB4       TCollection.Add
 0001:00012ED4       TCollection.Clear
 0001:00023788       TCommonDialog.Create
 0001:0002382C       TCommonDialog.DefaultHandler
 0001:000237D0       TCommonDialog.Destroy
 0001:000239D0       TCommonDialog.DoClose
 0001:000239E4       TCommonDialog.DoShow
 0001:00023864       TCommonDialog.MainWndProc
 0001:00023804       TCommonDialog.MessageHook
 0001:000238FC       TCommonDialog.TaskModalDialog
 0001:000238B8       TCommonDialog.WMDestroy
 0001:000238D0       TCommonDialog.WMInitDialog
 0001:000238E8       TCommonDialog.WMNCDestroy
 0001:000238B0       TCommonDialog.WndProc
 0001:00018118       TComponent.BeforeDestruction
 0001:00018638       TComponent.ChangeName
 0001:00018054       TComponent.Create
 0001:000183CC       TComponent.DefineProperties
 0001:000180A0       TComponent.Destroy
 0001:0001829C       TComponent.DestroyComponents
 0001:000182F4       TComponent.Destroying
 0001:00018774       TComponent.ExecuteAction
 0001:0001855C       TComponent.FindComponent
 0001:00018124       TComponent.FreeNotification
 0001:00018460       TComponent.GetChildOwner
 0001:00018464       TComponent.GetChildParent
 0001:00018458       TComponent.GetChildren
 0001:0001864C       TComponent.GetComponent
 0001:00018678       TComponent.GetComponentCount
 0001:00018468       TComponent.GetNamePath
 0001:0001847C       TComponent.GetOwner
 0001:00018484       TComponent.GetParentComponent
 0001:00018454       TComponent.HasParent
 0001:000181B8       TComponent.Insert
 0001:0001820C       TComponent.InsertComponent
 0001:00018864       TComponent.IntfGetComponent
 0001:000184A4       TComponent.Loaded
 0001:00018370       TComponent.Notification
 0001:000184B0       TComponent.PaletteCreated
 0001:000187E4       TComponent.QueryInterface
 0001:00018178       TComponent.ReadLeft
 0001:000184B4       TComponent.ReadState
 0001:0001818C       TComponent.ReadTop
 0001:000181E4       TComponent.Remove
 0001:00018264       TComponent.RemoveComponent
 0001:00018354       TComponent.RemoveFreeNotification
 0001:00018330       TComponent.RemoveNotification
 0001:000187C4       TComponent.SafeCallException
 0001:00018480       TComponent.SetChildOrder
 0001:00018688       TComponent.SetComponentIndex
 0001:000186DC       TComponent.SetDesigning
 0001:000185AC       TComponent.SetName
 0001:00018488       TComponent.SetParentComponent
 0001:0001872C       TComponent.SetReference
 0001:0001879C       TComponent.UpdateAction
 0001:00018498       TComponent.Updated
 0001:000187DC       TComponent.UpdateRegistry
 0001:0001848C       TComponent.Updating
[...]
 0001:0004A028       TApplication.IsDlgMsg
 0001:0004A04C       TApplication.IsMDIMsg
 0001:0004A09C       TApplication.IsKeyMsg
 0001:0004A154       TApplication.IsHintMsg
 0001:0004A188       TApplication.IsShortCut
 0001:0004A1F4       TApplication.ProcessMessage
 0001:0004A28C       TApplication.HandleMessage
 0001:0004A2B0       TApplication.HookMainWindow
 0001:0004A30C       TApplication.UnhookMainWindow
 0001:0004A388       TApplication.Terminate
 0001:0004A39C       TApplication.HandleException
 0001:0004A42C       TApplication.MessageBox
 0001:0004A594       TApplication.ShowException
 0001:0004A66C       TApplication.InvokeHelp
 0001:0004A7D4       TApplication.HelpKeyword
 0001:0004A83C       TApplication.HelpContext
 0001:0004A8A4       TApplication.HelpCommand
 0001:0004A8AC       TApplication.SetShowHint
 0001:0004A8FC       TApplication.DoActionIdle
 0001:0004A960       TApplication.DoMouseIdle
 0001:0004A9D8       TApplication.Idle
 0001:0004AAF8       TApplication.NotifyForms
 0001:0004AB34       TApplication.IconChanged
 0001:0004AB98       TApplication.SetHint
 0001:0004AC2C       SetVisible
 0001:0004AC88       TApplication.UpdateVisible
 0001:0004AD10       TApplication.ValidateHelpSystem
 0001:0004AD38       TApplication.StartHintTimer
 0001:0004AD7C       TApplication.StopHintTimer
 0001:0004ADA4       TApplication.HintMouseMessage
 0001:0004AEB4       TApplication.HintTimerExpired
 0001:0004AEEC       TApplication.HideHint
 0001:0004AF30       TApplication.CancelHint
 0001:0004AF58       FindScanline
 0001:0004AF68       GetCursorHeightMargin
 0001:0004B0BC       ValidateHintWindow
 0001:0004B11C       MultiLineWidth
 0001:0004B1C8       TApplication.ActivateHint
 0001:0004B55C       TApplication.GetCurrentHelpFile
 0001:0004B598       TApplication.DispatchAction
 0001:0004B628       TApplication.ExecuteAction
 0001:0004B650       TApplication.UpdateAction
 0001:0004B678       InitProcs
 0001:0004B6C4       TApplication.WakeMainThread
 0001:0004B6D4       TApplication.HookSynchronizeWakeup
 0001:0004B6E4       TApplication.UnhookSynchronizeWakeup
 0001:0004B704       Finalization
 0001:0004B760       Forms
 0001:0004B7A4       Finalization
 0001:0004B7D4       z3DMath_Intf
 0001:0004B7DC       Finalization
 0001:0004B80C       MMSystem
 0001:0004B814       Finalization
 0001:0004B844       MPlayer
 0001:0004B84C       Finalization
 0001:0004B87C       DirectSound
 0001:0004B884       Finalization
 0001:0004B8B4       z3DAudio_Intf
 0001:0004B8BC       Finalization
 0001:0004B8EC       z3DGUI_Intf
 0001:0004B8F4       Finalization
 0001:0004B924       z3DEngine_Intf
 0001:0004B92C       Finalization
 0001:0004B95C       z3DEngine_Func
 0001:0004B964       Finalization
 0001:0004B994       z3DClasses
 0001:0004B99C       Finalization
 0001:0004B9CC       z3DComponents_Intf
 0001:0004B9D4       Finalization
 0001:0004BC5C       z3DComponents
 0002:00000000       ExitCode
 0002:00000004       ErrorAddr
 0002:00000008       FileMode
 0002:0000000C       VarClearProc
 0002:00000010       VarAddRefProc
 0002:00000014       VarCopyProc
 0002:00000018       VarToLStrProc
 0002:0000001C       VarToWStrProc
 0002:00000020       Default8087CW
 0002:00000024       HeapAllocFlags
 0002:00000028       DebugHook
 0002:0000002C       JITEnable
 0002:00000030       NoErrMsg
 0002:00000034       LibModuleList
 0002:00000038       ModuleUnloadList
 0002:0000003C       MemoryManager
 0002:00000048       reMap
 0002:00000064       errCaption
 0002:0000006C       runErrMsg
 0002:0000008C       dig
 0002:0000009C       TlsIndex
 0002:000000A0       PtrToNil
 0002:000000A4       Module
 0002:000000BC       TlsProc
 0002:000000CC       EmptyStr
 0002:000000D0       EmptyWideStr
 0002:000000D4       Win32Platform
 0002:000000D8       Win32MajorVersion
 0002:000000DC       Win32MinorVersion
 0002:000000E0       Win32BuildNumber
 0002:000000E4       Win32CSDVersion
 0002:000000E8       TwoDigitYearCenturyWindow
 0002:000000EC       MonthDays
 0002:0000011C       LeadBytes
 0002:0000013C       HexDisplayPrefix
 0002:00000140       GetDiskFreeSpaceEx
 0002:00000144       cSimpleBoolStrs
 0002:0000014C       AccessMode
 0002:00000158       ShareMode
 0002:0000016C       FormatErrorStrs
 0002:00000174       FCon1E18
 0002:00000180       DCon10
 0002:00000184       CWNear
 0002:00000188       FMSecsPerDay
 0002:0000018C       IMSecsPerDay
 0002:00000190       Format
 0002:00000194       DefShortMonthNames
 0002:000001C4       DefLongMonthNames
 0002:000001F4       DefShortDayNames
 0002:00000210       DefLongDayNames
 0002:0000022C       ErrorMap
 0002:00000264       ExceptMap
 0002:00000314       WesternGroups
 0002:00000318       TerminateProcList
 0002:0000031C       CResult
 0002:00000324       NullStrictConvert
 0002:00000328       NullAsStringValue
 0002:0000032C       PackVarCreation
 0002:00000330       BooleanToStringRule
 0002:00000334       CInvalidCustomVariantType
 0002:00000338       CRangeToType
 0002:0000034C       CText
 0002:000003A0       CRelationshipToBoolean
 0002:000003B4       BooleanIdents
 0002:000003BC       DotSep
 0002:000003C0       AddDataModule
 0002:000003C8       RemoveDataModule
 0002:000003D0       ApplicationHandleException
 0002:000003D8       ApplicationShowException
 0002:000003E0       WakeMainThread
 0002:000003E8       FilerSignature
 0002:000003EC       NilMethod
 0002:000003F4       SyncList
 0002:000003F8       BlockCode
 0002:000003FC       UtilWindowClass
 0002:00000424       DefFontData
 0002:00000450       DDBsOnly
 0002:00000454       Colors
 0002:000005F4       FontCharsets
 0002:00000684       DefPenData
 0002:00000694       PenStyles
 0002:000006A4       DefBrushData
 0002:000006B4       PenModes
 0002:000006D4       ClipboardFormats
 0002:000006D8       FileFormats
 0002:000006DC       BitmapCanvasList
 0002:000006E0       DIBPalSizes
 0002:000006E4       PalSize
 0002:000006E8       Pal16
 0002:00000728       FPrinter
 0002:0000072C       CreationControl
 0002:00000730       WndProcPtrAtom
 0002:00000734       Captions
 0002:00000748       ButtonNames
 0002:00000774       ButtonCaptions
 0002:000007A0       ColorToPretyName
 0002:00000918       BitBtnCaptions
 0002:00000944       Values
 0002:0000094C       Values
 0002:00000954       MAPIDLL
 0002:00000958       MAPIModule
 0002:0000095C       RTFConversionFormat
 0002:00000968       TextConversionFormat
 0002:00000974       ThemeServicesClass
 0002:00000978       Copyright
 0002:0000097C       ThemeDataNames
 0002:000009DC       AnimateWindowProc
 0002:000009E0       CreationControl
 0002:000009E4       DefaultDockTreeClass
 0002:000009E8       AnchorAlign
 0002:000009F0       Cursors
 0002:00000AA0       CaptureControl
 0002:00000AA4       ShowFlags
 0002:00000AA8       WindowPos
 0002:00000AAC       InnerStyles
 0002:00000ABC       OuterStyles
 0002:00000ACC       EdgeStyles
 0002:00000ADC       Ctl3DStyles
 0002:00000AE4       AnimationStyle
 0002:00000AF0       OrientArray
 0002:00000AF8       MakeLast
 0002:00000B00       TreeStreamEndFlag
 0002:00000B04       SizeCursors
 0002:00000B0C       IMM32DLL
 0002:00000B10       ModeMap
 0002:00000B18       DrawingStyles
 0002:00000B28       Images
 0002:00000B30       Mask
 0002:00000B38       ValidMenuHotkeys
 0002:00000B3C       cMenuAutoFlagToItem
 0002:00000B40       cItemAutoFlagToMenu
 0002:00000B44       cBooleanToItemAutoFlag
 0002:00000B48       cItemAutoFlagToBoolean
 0002:00000B4C       MenuKeyCaps
 0002:00000B94       Checks
 0002:00000B9C       Enables
 0002:00000BA4       Breaks
 0002:00000BB0       Separators
 0002:00000BB8       IBreaks
 0002:00000BC4       IChecks
 0002:00000BCC       IDefaults
 0002:00000BD4       IEnables
 0002:00000BDC       IRadios
 0002:00000BE4       ISeparators
 0002:00000BEC       IRTL
 0002:00000BF4       IOwnerDraw
 0002:00000BFC       Alignments
 0002:00000C04       EdgeStyle
 0002:00000C0C       Alignments
 0002:00000C14       Flags
 0002:00000C20       Buttons
 0002:00000C24       HintWindowClass
 0002:00000C28       SetLayeredWindowAttributes
 0002:00000C2C       FocusMessages
 0002:00000C30       FocusCount
 0002:00000C34       TaskActiveWindow
 0002:00000C38       TaskFirstWindow
 0002:00000C3C       TaskFirstTopMost
 0002:00000C40       TaskWindowList
 0002:00000C44       SysConsts
 0002:00000C4C       SysConsts
 0002:00000C54       Props
 0002:00000C7C       Styles
 0002:00000C88       ShowCommands
 0002:00000C94       ShowCommands
 0002:00000CA0       ShowCommands
 0002:00000CAC       cUseAlpha
 0002:00000CB4       cUseColorKey
 0002:00000CBC       CursorMap
 0002:00000D10       WindowClass
 0002:00000D38       AppVisible
 0002:00000D3C       ShowFlags
 0002:00002000       DispCallByIDProc
 0002:00002004       ExceptProc
 0002:00002008       ErrorProc
 0002:0000200C       ExceptClsProc
 0002:00002010       ExceptObjProc
 0002:00002014       RaiseExceptionProc
 0002:00002018       RTLUnwindProc
 0002:0000201C       ExceptionClass
 0002:00002020       AssertErrorProc
 0002:00002024       ExitProcessProc
 0002:00002028       AbstractErrorProc
 0002:0000202C       MainInstance
 0002:00002030       MainThreadID
 0002:00002034       IsLibrary
 0002:00002038       CmdShow
 0002:0000203C       CmdLine
 0002:00002040       ExitProc
 0002:00002044       IsConsole
 0002:00002045       IsMultiThread
 0002:00002046       Test8086
 0002:00002048       Input
 0002:00002214       Output
 0002:000023E0       ErrOutput
 0002:000025AC       AllocMemCount
 0002:000025B0       AllocMemSize
 0002:000025B4       .5
 0002:000025B8       DefaultUserCodePage
 0002:000025BC       initialized
 0002:000025C0       heapErrorCode
 0002:000025C4       heapLock
 0002:000025DC       blockDescBlockList
 0002:000025E0       blockDescFreeList
 0002:000025E4       spaceRoot
 0002:000025F4       decommittedRoot
 0002:00002604       avail
 0002:00002610       rover
 0002:00002614       remBytes
 0002:00002618       curAlloc
 0002:0000261C       smallTab
 0002:00002620       committedRoot
 0002:00002630       InitContext
 0002:0000265C       ModuleIsLib
 0002:0000265D       ModuleIsCpp
 0002:00002660       HInstance
 0002:00002664       DllProc
 0002:00002668       .1
 0002:0000266C       tlsBuffer
 0002:00002670       .1
 0002:00002674       .3
 0002:00002678       .1
 0002:0000267C       CurrencyString
 0002:00002680       CurrencyFormat
 0002:00002681       NegCurrFormat
 0002:00002682       ThousandSeparator
 0002:00002683       DecimalSeparator
 0002:00002684       CurrencyDecimals
 0002:00002685       DateSeparator
 0002:00002688       ShortDateFormat
 0002:0000268C       LongDateFormat
 0002:00002690       TimeSeparator
 0002:00002694       TimeAMString
 0002:00002698       TimePMString
 0002:0000269C       ShortTimeFormat
 0002:000026A0       LongTimeFormat
 0002:000026A4       ShortMonthNames
 0002:000026D4       LongMonthNames
 0002:00002704       ShortDayNames
 0002:00002720       LongDayNames
 0002:0000273C       SysLocale
 0002:0000274A       ListSeparator
 0002:0000274C       EraNames
 0002:00002768       EraYearOffsets
 0002:00002784       TrueBoolStrs
 0002:00002788       FalseBoolStrs
 0002:0000278C       .35
 0002:00002790       OutOfMemory
 0002:00002794       InvalidPointer
 0002:00002798       FLanguages
 0002:0000279C       .2
 0002:000027A0       .1
 0002:000027A4       .61
 0002:000027A8       .1
 0002:000027AC       .3
 0002:000027B0       .6
 0002:000027B4       VariantChangeTypeEx
 0002:000027B8       VarNeg
 0002:000027BC       VarNot
 0002:000027C0       VarAdd
 0002:000027C4       VarSub
 0002:000027C8       VarMul
 0002:000027CC       VarDiv
 0002:000027D0       VarIDiv
 0002:000027D4       VarMod
 0002:000027D8       VarAnd
 0002:000027DC       VarOr
 0002:000027E0       VarXor
 0002:000027E4       VarCmp
 0002:000027E8       VarI4FromStr
 0002:000027EC       VarR4FromStr
 0002:000027F0       VarR8FromStr
 0002:000027F4       VarDateFromStr
 0002:000027F8       VarCyFromStr
 0002:000027FC       VarBoolFromStr
 0002:00002800       VarBstrFromCy
 0002:00002804       VarBstrFromDate
 0002:00002808       VarBstrFromBool
 0002:0000280C       .5
 0002:00002810       EmptyParam
 0002:00002820       VarDispProc
 0002:00002824       ClearAnyProc
 0002:00002828       ChangeAnyProc
 0002:0000282C       RefAnyProc
 0002:00002830       .81
 0002:00002834       LVarTypes
 0002:00002838       LVarTypeSync
 0002:00002850       .1
 0002:00002854       .6
 0002:00002858       GlobalNameSpace
 0002:0000285C       IsUniqueGlobalComponentNameProc
 0002:00002860       SyncEvent
 0002:00002864       .45
 0002:00002868       IntConstList
 0002:0000286C       RegGroups
 0002:00002870       FindGlobalComponentProcs
 0002:00002874       GlobalFixupList
 0002:00002878       ThreadLock
 0002:00002890       InstBlockList
 0002:00002894       InstFreeList
 0002:00002898       .1
 0002:0000289C       .6
 0002:000028A0       .1
 0002:000028A4       .1
 0002:000028A8       SystemPalette16
 0002:000028AC       .12
 0002:000028B0       ScreenLogPixels
 0002:000028B4       StockPen
 0002:000028B8       StockBrush
 0002:000028BC       StockFont
 0002:000028C0       StockIcon
 0002:000028C4       BitmapImageLock
 0002:000028DC       CounterLock
 0002:000028F4       FontManager
 0002:000028F8       PenManager
 0002:000028FC       BrushManager
 0002:00002900       CanvasList
 0002:00002904       PatternManager
 0002:00002908       .2
 0002:0000290C       .21
 0002:00002910       .1
 0002:00002914       GetSystemMetrics
 0002:00002918       MonitorFromWindow
 0002:0000291C       MonitorFromRect
 0002:00002920       MonitorFromPoint
 0002:00002924       GetMonitorInfo
 0002:00002928       GetMonitorInfoA
 0002:0000292C       GetMonitorInfoW
 0002:00002930       EnumDisplayMonitors
 0002:00002934       .1
 0002:00002938       User32Dll
 0002:0000293C       InitApis
 0002:00002944       MMAvailable
 0002:00002948       .1
 0002:0000294C       .2
 0002:00002950       HelpManager
 0002:00002954       .3
 0002:00002958       .3
 0002:0000295C       FlatSB_EnableScrollBar
 0002:00002960       FlatSB_ShowScrollBar
 0002:00002964       FlatSB_GetScrollRange
 0002:00002968       FlatSB_GetScrollInfo
 0002:0000296C       FlatSB_GetScrollPos
 0002:00002970       FlatSB_SetScrollPos
 0002:00002974       FlatSB_SetScrollInfo
 0002:00002978       FlatSB_SetScrollRange
 0002:0000297C       .1
 0002:00002980       _FlatSB_GetScrollProp
 0002:00002984       _FlatSB_SetScrollProp
 0002:00002988       _InitializeFlatSB
 0002:0000298C       _UninitializeFlatSB
 0002:00002990       .6
 0002:00002994       OpenThemeData
 0002:00002998       CloseThemeData
 0002:0000299C       DrawThemeBackground
 0002:000029A0       DrawThemeText
 0002:000029A4       GetThemeBackgroundContentRect
 0002:000029A8       GetThemeBackgroundExtent
 0002:000029AC       GetThemePartSize
 0002:000029B0       GetThemeTextExtent
 0002:000029B4       GetThemeTextMetrics
 0002:000029B8       GetThemeBackgroundRegion
 0002:000029BC       HitTestThemeBackground
 0002:000029C0       DrawThemeEdge
 0002:000029C4       DrawThemeIcon
 0002:000029C8       IsThemePartDefined
 0002:000029CC       IsThemeBackgroundPartiallyTransparent
 0002:000029D0       GetThemeColor
 0002:000029D4       GetThemeMetric
 0002:000029D8       GetThemeString
 0002:000029DC       GetThemeBool
 0002:000029E0       GetThemeInt
 0002:000029E4       GetThemeEnumValue
 0002:000029E8       GetThemePosition
 0002:000029EC       GetThemeFont
 0002:000029F0       GetThemeRect
 0002:000029F4       GetThemeMargins
 0002:000029F8       GetThemeIntList
 0002:000029FC       GetThemePropertyOrigin
 0002:00002A00       SetWindowTheme
 0002:00002A04       GetThemeFilename
 0002:00002A08       GetThemeSysColor
 0002:00002A0C       GetThemeSysColorBrush
 0002:00002A10       GetThemeSysBool
 0002:00002A14       GetThemeSysSize
 0002:00002A18       GetThemeSysFont
 0002:00002A1C       GetThemeSysString
 0002:00002A20       GetThemeSysInt
 0002:00002A24       IsThemeActive
 0002:00002A28       IsAppThemed
 0002:00002A2C       GetWindowTheme
 0002:00002A30       EnableThemeDialogTexture
 0002:00002A34       IsThemeDialogTextureEnabled
 0002:00002A38       GetThemeAppProperties
 0002:00002A3C       SetThemeAppProperties
 0002:00002A40       GetCurrentThemeName
 0002:00002A44       GetThemeDocumentationProperty
 0002:00002A48       DrawThemeParentBackground
 0002:00002A4C       EnableTheming
 0002:00002A50       .1
 0002:00002A54       ThemeLibrary
 0002:00002A58       ReferenceCount
 0002:00002A5C       Lock
 0002:00002A60       .1
 0002:00002A64       .4
 0002:00002A68       .1
 0002:00002A6C       .1
 0002:00002A70       .1
 0002:00002A74       .1
 0002:00002A78       .1
 0002:00002A7C       .1
 0002:00002A80       .1
 0002:00002A84       .11
 0002:00002A88       HelpMsg
 0002:00002A8C       FindMsg
 0002:00002A90       .12
 0002:00002A94       .1
 0002:00002A98       CF_PICTURE
 0002:00002A9A       CF_COMPONENT
 0002:00002A9C       .2
 0002:00002AA0       FClipboard
 0002:00002AA4       .1
 0002:00002AA8       .4
 0002:00002AAC       BitBtnGlyphs
 0002:00002AD8       .3
 0002:00002ADC       .8
 0002:00002AE0       .5
 0002:00002AE4       .1
 0002:00002AE8       .72
 0002:00002AEC       UrlMonHandle
 0002:00002AF0       UrlMonInitialized
 0002:00002AF4       .8
 0002:00002AF8       .36
 0002:00002AFC       ShellModule
 0002:00002B00       FRichEditModule
 0002:00002B04       ComCtlVersion
 0002:00002B08       .2
 0002:00002B0C       InternalServices
 0002:00002B10       .42
 0002:00002B14       .73
 0002:00002B18       WinHelpTester
 0002:00002B1C       ViewerName
 0002:00002B20       .1
 0002:00002B24       HelpViewer
 0002:00002B28       HelpViewerIntf
 0002:00002B2C       Mouse
 0002:00002B30       NewStyleControls
 0002:00002B34       .72
 0002:00002B38       WindowAtom
 0002:00002B3A       ControlAtom
 0002:00002B3C       WindowAtomString
 0002:00002B40       ControlAtomString
 0002:00002B44       RM_GetObjectInstance
 0002:00002B48       DragControl
 0002:00002B4C       DragObject
 0002:00002B50       DragInternalObject
 0002:00002B54       DragCapture
 0002:00002B58       DragStartPos
 0002:00002B60       DragSaveCursor
 0002:00002B64       DragThreshold
 0002:00002B68       ActiveDrag
 0002:00002B6C       DragImageList
 0002:00002B70       DockSiteList
 0002:00002B74       QualifyingSites
 0002:00002B78       DragSave
 0002:00002B7C       CanvasList
 0002:00002B80       _WINNLSEnableIME
 0002:00002B84       _ImmGetContext
 0002:00002B88       _ImmReleaseContext
 0002:00002B8C       _ImmGetConversionStatus
 0002:00002B90       _ImmSetConversionStatus
 0002:00002B94       _ImmSetOpenStatus
 0002:00002B98       _ImmSetCompositionWindow
 0002:00002B9C       _ImmSetCompositionFont
 0002:00002BA0       _ImmGetCompositionString
 0002:00002BA4       _ImmIsIME
 0002:00002BA8       _ImmNotifyIME
 0002:00002BAC       .8
 0002:00002BB0       .3
 0002:00002BB4       CachedComCtrlVer
 0002:00002BB8       ImageListWriteExProc
 0002:00002BBC       PopupList
 0002:00002BC0       ShortCutItems
 0002:00002BC4       .9
 0002:00002BC8       CommandPool
 0002:00002BCC       Application
 0002:00002BD0       Screen
 0002:00002BD4       .41
 0002:00002BD8       RM_TaskbarCreated
 0002:00002BDC       HintThreadID
 0002:00002BE0       HintDoneEvent
 0002:00002BE4       HintHook
 0002:00002BE8       HintThread
 0002:00002BEC       .1
 0002:00002BF0       .7
 0002:00002BF4       .3
 0002:00002BF8       .1
 0002:00002BFC       .1
 0002:00002C00       .1
 0002:00002C04       .1
 0002:00002C08       .1
 0002:00002C0C       .3
 0002:00002C10       .1

Bound resource files

c:\archivos de programa\borland\delphi7\Lib\Buttons.res
c:\archivos de programa\borland\delphi7\Lib\ExtDlgs.res
c:\archivos de programa\borland\delphi7\Lib\Controls.res
c:\archivos de programa\borland\delphi7\Lib\MPlayer.res
z3DComponents.res
z3DComponents.drf


Program entry point at 0001:0004BC5C
